Component: ARM Compiler 5.06 update 6 (build 750) Tool: armlink [4d35ed]

==============================================================================

Section Cross References

    startup_stm32f429xx.o(STACK) refers (Special) to heapauxi.o(.text) for __use_two_region_memory
    startup_stm32f429xx.o(HEAP) refers (Special) to heapauxi.o(.text) for __use_two_region_memory
    startup_stm32f429xx.o(RESET) refers (Special) to heapauxi.o(.text) for __use_two_region_memory
    startup_stm32f429xx.o(RESET) refers to startup_stm32f429xx.o(STACK) for __initial_sp
    startup_stm32f429xx.o(RESET) refers to startup_stm32f429xx.o(.text) for Reset_Handler
    startup_stm32f429xx.o(RESET) refers to stm32f4xx_it.o(i.NMI_Handler) for NMI_Handler
    startup_stm32f429xx.o(RESET) refers to stm32f4xx_it.o(i.HardFault_Handler) for HardFault_Handler
    startup_stm32f429xx.o(RESET) refers to stm32f4xx_it.o(i.MemManage_Handler) for MemManage_Handler
    startup_stm32f429xx.o(RESET) refers to stm32f4xx_it.o(i.BusFault_Handler) for BusFault_Handler
    startup_stm32f429xx.o(RESET) refers to stm32f4xx_it.o(i.UsageFault_Handler) for UsageFault_Handler
    startup_stm32f429xx.o(RESET) refers to stm32f4xx_it.o(i.SVC_Handler) for SVC_Handler
    startup_stm32f429xx.o(RESET) refers to stm32f4xx_it.o(i.DebugMon_Handler) for DebugMon_Handler
    startup_stm32f429xx.o(RESET) refers to stm32f4xx_it.o(i.PendSV_Handler) for PendSV_Handler
    startup_stm32f429xx.o(RESET) refers to stm32f4xx_it.o(i.SysTick_Handler) for SysTick_Handler
    startup_stm32f429xx.o(RESET) refers to stm32f4xx_it.o(i.EXTI0_IRQHandler) for EXTI0_IRQHandler
    startup_stm32f429xx.o(RESET) refers to stm32f4xx_it.o(i.EXTI1_IRQHandler) for EXTI1_IRQHandler
    startup_stm32f429xx.o(RESET) refers to stm32f4xx_it.o(i.EXTI2_IRQHandler) for EXTI2_IRQHandler
    startup_stm32f429xx.o(RESET) refers to stm32f4xx_it.o(i.EXTI4_IRQHandler) for EXTI4_IRQHandler
    startup_stm32f429xx.o(RESET) refers to stm32f4xx_it.o(i.EXTI9_5_IRQHandler) for EXTI9_5_IRQHandler
    startup_stm32f429xx.o(RESET) refers to stm32f4xx_it.o(i.USART1_IRQHandler) for USART1_IRQHandler
    startup_stm32f429xx.o(RESET) refers to stm32f4xx_it.o(i.DMA2_Stream0_IRQHandler) for DMA2_Stream0_IRQHandler
    startup_stm32f429xx.o(.text) refers (Special) to heapauxi.o(.text) for __use_two_region_memory
    startup_stm32f429xx.o(.text) refers to system_stm32f4xx.o(i.SystemInit) for SystemInit
    startup_stm32f429xx.o(.text) refers to __main.o(!!!main) for __main
    startup_stm32f429xx.o(.text) refers to startup_stm32f429xx.o(HEAP) for Heap_Mem
    startup_stm32f429xx.o(.text) refers to startup_stm32f429xx.o(STACK) for Stack_Mem
    console.o(.rev16_text) refers (Special) to use_no_semi_2.o(.text) for __use_no_semihosting
    console.o(.revsh_text) refers (Special) to use_no_semi_2.o(.text) for __use_no_semihosting
    console.o(.rrx_text) refers (Special) to use_no_semi_2.o(.text) for __use_no_semihosting
    console.o(i._sys_exit) refers (Special) to use_no_semi_2.o(.text) for __use_no_semihosting
    console.o(i.cmd_SYSInfo) refers (Special) to use_no_semi_2.o(.text) for __use_no_semihosting
    console.o(i.cmd_SYSInfo) refers to _printf_percent.o(.ARM.Collect$$_printf_percent$$00000000) for _printf_percent
    console.o(i.cmd_SYSInfo) refers to _printf_d.o(.ARM.Collect$$_printf_percent$$00000009) for _printf_d
    console.o(i.cmd_SYSInfo) refers to _printf_dec.o(.text) for _printf_int_dec
    console.o(i.cmd_SYSInfo) refers to _printf_pad.o(.text) for _printf_pre_padding
    console.o(i.cmd_SYSInfo) refers to _printf_s.o(.ARM.Collect$$_printf_percent$$00000014) for _printf_s
    console.o(i.cmd_SYSInfo) refers to _printf_str.o(.text) for _printf_str
    console.o(i.cmd_SYSInfo) refers to _printf_f.o(.ARM.Collect$$_printf_percent$$00000003) for _printf_f
    console.o(i.cmd_SYSInfo) refers to printf1.o(x$fpl$printf1) for _printf_fp_dec
    console.o(i.cmd_SYSInfo) refers to rt_memcpy_w.o(.text) for __aeabi_memcpy4
    console.o(i.cmd_SYSInfo) refers to noretval__2printf.o(.text) for __2printf
    console.o(i.cmd_SYSInfo) refers to strcmpv7m.o(.text) for strcmp
    console.o(i.cmd_SYSInfo) refers to stm32f4xx_hal_rcc.o(i.HAL_RCC_GetSysClockFreq) for HAL_RCC_GetSysClockFreq
    console.o(i.cmd_SYSInfo) refers to w25.o(i.W25_RdPage) for W25_RdPage
    console.o(i.cmd_SYSInfo) refers to memcmp.o(.text) for memcmp
    console.o(i.cmd_SYSInfo) refers to rtc.o(i.RTC_raw2str) for RTC_raw2str
    console.o(i.cmd_SYSInfo) refers to pwr_mgt.o(i.get_BAT) for get_BAT
    console.o(i.cmd_SYSInfo) refers to f2d.o(x$fpl$f2d) for __aeabi_f2d
    console.o(i.cmd_SYSInfo) refers to console.o(.constdata) for .constdata
    console.o(i.cmd_SYSInfo) refers to console.o(.bss) for RX_BUFF
    console.o(i.cmd_battery) refers (Special) to use_no_semi_2.o(.text) for __use_no_semihosting
    console.o(i.cmd_battery) refers to _printf_percent.o(.ARM.Collect$$_printf_percent$$00000000) for _printf_percent
[...]
    _printf_string                           0x08000ed7   Thumb Code     8  _printf_char.o(.text)
    _printf_char_file                        0x08000ee1   Thumb Code    32  _printf_char_file.o(.text)
    __aeabi_memclr                           0x08000f05   Thumb Code     0  rt_memclr.o(.text)
    __rt_memclr                              0x08000f05   Thumb Code    68  rt_memclr.o(.text)
    _memset                                  0x08000f09   Thumb Code     0  rt_memclr.o(.text)
    __rt_locale                              0x08000f49   Thumb Code     8  rt_locale_intlibspace.o(.text)
    _ll_udiv10                               0x08000f51   Thumb Code   138  lludiv10.o(.text)
    _printf_fp_infnan                        0x08000fdd   Thumb Code   112  _printf_fp_infnan.o(.text)
    _btod_etento                             0x0800105d   Thumb Code   224  bigflt0.o(.text)
    ferror                                   0x08001141   Thumb Code     8  ferror.o(.text)
    __user_libspace                          0x08001149   Thumb Code     8  libspace.o(.text)
    __user_perproc_libspace                  0x08001149   Thumb Code     0  libspace.o(.text)
    __user_perthread_libspace                0x08001149   Thumb Code     0  libspace.o(.text)
    __user_setup_stackheap                   0x08001151   Thumb Code    74  sys_stackheap_outer.o(.text)
    exit                                     0x0800119b   Thumb Code    18  exit.o(.text)
    _btod_d2e                                0x080011ad   Thumb Code    62  btod.o(CL$$btod_d2e)
    _d2e_denorm_low                          0x080011eb   Thumb Code    70  btod.o(CL$$btod_d2e_denorm_low)
    _d2e_norm_op1                            0x08001231   Thumb Code    96  btod.o(CL$$btod_d2e_norm_op1)
    __btod_div_common                        0x08001291   Thumb Code   696  btod.o(CL$$btod_div_common)
    _e2e                                     0x080015c9   Thumb Code   220  btod.o(CL$$btod_e2e)
    _btod_ediv                               0x080016a5   Thumb Code    42  btod.o(CL$$btod_ediv)
    _btod_emul                               0x080016cf   Thumb Code    42  btod.o(CL$$btod_emul)
    __btod_mult_common                       0x080016f9   Thumb Code   580  btod.o(CL$$btod_mult_common)
    BusFault_Handler                         0x08001b45   Thumb Code     4  stm32f4xx_it.o(i.BusFault_Handler)
    DMA2_Stream0_IRQHandler                  0x08001b49   Thumb Code    10  stm32f4xx_it.o(i.DMA2_Stream0_IRQHandler)
    DebugMon_Handler                         0x08001c63   Thumb Code     2  stm32f4xx_it.o(i.DebugMon_Handler)
    EXTI0_IRQHandler                         0x08001c65   Thumb Code    10  stm32f4xx_it.o(i.EXTI0_IRQHandler)
    EXTI1_IRQHandler                         0x08001c71   Thumb Code    16  stm32f4xx_it.o(i.EXTI1_IRQHandler)
    EXTI2_IRQHandler                         0x08001c9d   Thumb Code    16  stm32f4xx_it.o(i.EXTI2_IRQHandler)
    EXTI4_IRQHandler                         0x08001cc9   Thumb Code    10  stm32f4xx_it.o(i.EXTI4_IRQHandler)
    EXTI9_5_IRQHandler                       0x08001cd5   Thumb Code   100  stm32f4xx_it.o(i.EXTI9_5_IRQHandler)
    Error_Handler                            0x08001d59   Thumb Code    16  main.o(i.Error_Handler)
    FATFS_LinkDriver                         0x08001d7d   Thumb Code    18  ff_gen_drv.o(i.FATFS_LinkDriver)
    FATFS_LinkDriverEx                       0x08001d91   Thumb Code    78  ff_gen_drv.o(i.FATFS_LinkDriverEx)
    FMC_NAND_AttributeSpace_Timing_Init      0x08001de5   Thumb Code    54  stm32f4xx_ll_fmc.o(i.FMC_NAND_AttributeSpace_Timing_Init)
    FMC_NAND_CommonSpace_Timing_Init         0x08001e1b   Thumb Code    54  stm32f4xx_ll_fmc.o(i.FMC_NAND_CommonSpace_Timing_Init)
    FMC_NAND_Init                            0x08001e51   Thumb Code    70  stm32f4xx_ll_fmc.o(i.FMC_NAND_Init)
    FMC_SDRAM_Init                           0x08001e9d   Thumb Code   116  stm32f4xx_ll_fmc.o(i.FMC_SDRAM_Init)
    FMC_SDRAM_SendCommand                    0x08001f11   Thumb Code    82  stm32f4xx_ll_fmc.o(i.FMC_SDRAM_SendCommand)
    FMC_SDRAM_Timing_Init                    0x08001f65   Thumb Code   152  stm32f4xx_ll_fmc.o(i.FMC_SDRAM_Timing_Init)
    HAL_ADC_ConfigChannel                    0x08002001   Thumb Code   400  stm32f4xx_hal_adc.o(i.HAL_ADC_ConfigChannel)
    HAL_ADC_ConvCpltCallback                 0x080021a5   Thumb Code     2  stm32f4xx_hal_adc.o(i.HAL_ADC_ConvCpltCallback)
    HAL_ADC_ConvHalfCpltCallback             0x080021a7   Thumb Code     2  stm32f4xx_hal_adc.o(i.HAL_ADC_ConvHalfCpltCallback)
    HAL_ADC_ErrorCallback                    0x080021a9   Thumb Code     2  stm32f4xx_hal_adc.o(i.HAL_ADC_ErrorCallback)
    HAL_ADC_Init                             0x080021ad   Thumb Code   100  stm32f4xx_hal_adc.o(i.HAL_ADC_Init)
    HAL_ADC_MspInit                          0x08002215   Thumb Code   106  stm32f4xx_hal_msp.o(i.HAL_ADC_MspInit)
    HAL_ADC_Start_DMA                        0x08002291   Thumb Code   352  stm32f4xx_hal_adc.o(i.HAL_ADC_Start_DMA)
    HAL_DMA_Abort_IT                         0x08002415   Thumb Code    40  stm32f4xx_hal_dma.o(i.HAL_DMA_Abort_IT)
    HAL_DMA_IRQHandler                       0x0800243d   Thumb Code   570  stm32f4xx_hal_dma.o(i.HAL_DMA_IRQHandler)
    HAL_DMA_Init                             0x0800267d   Thumb Code   232  stm32f4xx_hal_dma.o(i.HAL_DMA_Init)
    HAL_DMA_Start_IT                         0x08002769   Thumb Code   146  stm32f4xx_hal_dma.o(i.HAL_DMA_Start_IT)
    HAL_Delay                                0x080027fd   Thumb Code    36  stm32f4xx_hal.o(i.HAL_Delay)
    HAL_GPIO_EXTI_Callback                   0x08002915   Thumb Code     2  stm32f4xx_hal_gpio.o(i.HAL_GPIO_EXTI_Callback)
    HAL_GPIO_EXTI_IRQHandler                 0x08002919   Thumb Code    24  stm32f4xx_hal_gpio.o(i.HAL_GPIO_EXTI_IRQHandler)
    HAL_GPIO_Init                            0x08002935   Thumb Code   486  stm32f4xx_hal_gpio.o(i.HAL_GPIO_Init)
    HAL_GPIO_WritePin                        0x08002b51   Thumb Code    12  stm32f4xx_hal_gpio.o(i.HAL_GPIO_WritePin)
    HAL_GetTick                              0x08002b5d   Thumb Code     6  stm32f4xx_hal.o(i.HAL_GetTick)
    HAL_IncTick                              0x08002b69   Thumb Code    16  stm32f4xx_hal.o(i.HAL_IncTick)
    HAL_Init                                 0x08002b81   Thumb Code    54  stm32f4xx_hal.o(i.HAL_Init)
    HAL_InitTick                             0x08002bbd   Thumb Code    64  stm32f4xx_hal.o(i.HAL_InitTick)
    HAL_MspInit                              0x08002c09   Thumb Code    74  stm32f4xx_hal_msp.o(i.HAL_MspInit)
    HAL_NAND_Init                            0x08002c59   Thumb Code   102  stm32f4xx_hal_nand.o(i.HAL_NAND_Init)
    HAL_NAND_MspInit                         0x08002cbf   Thumb Code    10  stm32f4xx_hal_msp.o(i.HAL_NAND_MspInit)
    HAL_NVIC_EnableIRQ                       0x08002cc9   Thumb Code    32  stm32f4xx_hal_cortex.o(i.HAL_NVIC_EnableIRQ)
    HAL_NVIC_SetPriority                     0x08002ce9   Thumb Code   124  stm32f4xx_hal_cortex.o(i.HAL_NVIC_SetPriority)
    HAL_NVIC_SetPriorityGrouping             0x08002d65   Thumb Code    32  stm32f4xx_hal_cortex.o(i.HAL_NVIC_SetPriorityGrouping)
    HAL_PWREx_EnableOverDrive                0x08002d8d   Thumb Code   128  stm32f4xx_hal_pwr_ex.o(i.HAL_PWREx_EnableOverDrive)
    HAL_RCC_ClockConfig                      0x08002e19   Thumb Code   368  stm32f4xx_hal_rcc.o(i.HAL_RCC_ClockConfig)
    HAL_RCC_GetHCLKFreq                      0x08002f9d   Thumb Code     6  stm32f4xx_hal_rcc.o(i.HAL_RCC_GetHCLKFreq)
    HAL_RCC_GetPCLK1Freq                     0x08002fa9   Thumb Code    22  stm32f4xx_hal_rcc.o(i.HAL_RCC_GetPCLK1Freq)
    HAL_RCC_GetPCLK2Freq                     0x08002fc9   Thumb Code    22  stm32f4xx_hal_rcc.o(i.HAL_RCC_GetPCLK2Freq)
    HAL_RCC_GetSysClockFreq                  0x08002fe9   Thumb Code   162  stm32f4xx_hal_rcc.o(i.HAL_RCC_GetSysClockFreq)
    HAL_RCC_OscConfig                        0x08003099   Thumb Code  1152  stm32f4xx_hal_rcc.o(i.HAL_RCC_OscConfig)
    HAL_SDRAM_Init                           0x08003521   Thumb Code    64  stm32f4xx_hal_sdram.o(i.HAL_SDRAM_Init)
    HAL_SDRAM_MspInit                        0x08003561   Thumb Code    10  stm32f4xx_hal_msp.o(i.HAL_SDRAM_MspInit)
    HAL_SD_ConfigWideBusOperation            0x0800356d   Thumb Code   164  stm32f4xx_hal_sd.o(i.HAL_SD_ConfigWideBusOperation)
    HAL_SD_GetCardCSD                        0x08003615   Thumb Code   450  stm32f4xx_hal_sd.o(i.HAL_SD_GetCardCSD)
    HAL_SD_GetState                          0x080037dd   Thumb Code     8  stm32f4xx_hal_sd.o(i.HAL_SD_GetState)
    HAL_SD_Init                              0x080037e5   Thumb Code    60  stm32f4xx_hal_sd.o(i.HAL_SD_Init)
    HAL_SD_InitCard                          0x08003821   Thumb Code   128  stm32f4xx_hal_sd.o(i.HAL_SD_InitCard)
    HAL_SD_MspInit                           0x080038a5   Thumb Code   182  stm32f4xx_hal_msp.o(i.HAL_SD_MspInit)
    HAL_SD_ReadBlocks                        0x0800396d   Thumb Code   700  stm32f4xx_hal_sd.o(i.HAL_SD_ReadBlocks)
    HAL_SD_WriteBlocks                       0x08003c2d   Thumb Code   590  stm32f4xx_hal_sd.o(i.HAL_SD_WriteBlocks)
    HAL_SPI_Init                             0x08003e81   Thumb Code   140  stm32f4xx_hal_spi.o(i.HAL_SPI_Init)
    HAL_SPI_MspInit                          0x08003f0d   Thumb Code   336  stm32f4xx_hal_msp.o(i.HAL_SPI_MspInit)
    HAL_SYSTICK_Config                       0x08004079   Thumb Code    52  stm32f4xx_hal_cortex.o(i.HAL_SYSTICK_Config)
    HAL_TIMEx_MasterConfigSynchronization    0x080040ad   Thumb Code   150  stm32f4xx_hal_tim_ex.o(i.HAL_TIMEx_MasterConfigSynchronization)
    HAL_TIM_Base_Init                        0x08004161   Thumb Code    52  stm32f4xx_hal_tim.o(i.HAL_TIM_Base_Init)
    HAL_TIM_Base_MspInit                     0x08004195   Thumb Code    44  stm32f4xx_hal_msp.o(i.HAL_TIM_Base_MspInit)
    HAL_TIM_ConfigClockSource                0x080041c9   Thumb Code   264  stm32f4xx_hal_tim.o(i.HAL_TIM_ConfigClockSource)
    HAL_TIM_MspPostInit                      0x080042d1   Thumb Code    84  stm32f4xx_hal_msp.o(i.HAL_TIM_MspPostInit)
    HAL_TIM_PWM_ConfigChannel                0x08004331   Thumb Code   264  stm32f4xx_hal_tim.o(i.HAL_TIM_PWM_ConfigChannel)
    HAL_TIM_PWM_Init                         0x08004439   Thumb Code    52  stm32f4xx_hal_tim.o(i.HAL_TIM_PWM_Init)
    HAL_TIM_PWM_MspInit                      0x0800446d   Thumb Code     2  stm32f4xx_hal_tim.o(i.HAL_TIM_PWM_MspInit)
    HAL_TIM_PWM_Start                        0x08004471   Thumb Code    80  stm32f4xx_hal_tim.o(i.HAL_TIM_PWM_Start)
    HAL_UART_ErrorCallback                   0x080044c9   Thumb Code     2  stm32f4xx_hal_uart.o(i.HAL_UART_ErrorCallback)
    HAL_UART_IRQHandler                      0x080044cd   Thumb Code   336  stm32f4xx_hal_uart.o(i.HAL_UART_IRQHandler)
    HAL_UART_Init                            0x08004621   Thumb Code   114  stm32f4xx_hal_uart.o(i.HAL_UART_Init)
    HAL_UART_MspInit                         0x08004695   Thumb Code   138  stm32f4xx_hal_msp.o(i.HAL_UART_MspInit)
    HAL_UART_RxCpltCallback                  0x0800472d   Thumb Code     2  stm32f4xx_hal_uart.o(i.HAL_UART_RxCpltCallback)
    HAL_UART_TxCpltCallback                  0x0800472f   Thumb Code     2  stm32f4xx_hal_uart.o(i.HAL_UART_TxCpltCallback)
    HardFault_Handler                        0x08004731   Thumb Code    50  stm32f4xx_it.o(i.HardFault_Handler)
    IMU_Init                                 0x080049f1   Thumb Code   206  mpu.o(i.IMU_Init)
    MPU_ID                                   0x08004ac1   Thumb Code    34  mpu.o(i.MPU_ID)
    MPU_Rd_Raw                               0x08004ae9   Thumb Code   126  mpu.o(i.MPU_Rd_Raw)
    MPU_Rd_Reg                               0x08004b81   Thumb Code    38  mpu.o(i.MPU_Rd_Reg)
    MPU_Wr_Reg                               0x08004bdd   Thumb Code    36  mpu.o(i.MPU_Wr_Reg)
    MS_Init                                  0x08004c09   Thumb Code    40  ms.o(i.MS_Init)
    MS_Read_Pressure                         0x08004c3d   Thumb Code   272  ms.o(i.MS_Read_Pressure)
    MS_Read_Temperature                      0x08004d69   Thumb Code   232  ms.o(i.MS_Read_Temperature)
    MS_TRIG_Pressure                         0x08004e71   Thumb Code    40  ms.o(i.MS_TRIG_Pressure)
    MS_TRIG_Temperature                      0x08004e9d   Thumb Code    40  ms.o(i.MS_TRIG_Temperature)
    MS_UpdatePROM                            0x08004ec9   Thumb Code    96  ms.o(i.MS_UpdatePROM)
    MX_FATFS_Init                            0x08005021   Thumb Code    80  fatfs.o(i.MX_FATFS_Init)
    MemManage_Handler                        0x08005699   Thumb Code     4  stm32f4xx_it.o(i.MemManage_Handler)
    NAND_ErBlock                             0x0800569d   Thumb Code   106  nand.o(i.NAND_ErBlock)
    NAND_ID                                  0x08005715   Thumb Code    50  nand.o(i.NAND_ID)
    NAND_RST                                 0x08005751   Thumb Code    32  nand.o(i.NAND_RST)
    NAND_RdPage                              0x08005779   Thumb Code   166  nand.o(i.NAND_RdPage)
    NAND_Status_70H                          0x08005831   Thumb Code    30  nand.o(i.NAND_Status_70H)
    NAND_WrPage                              0x08005905   Thumb Code   248  nand.o(i.NAND_WrPage)
    NMI_Handler                              0x08005a25   Thumb Code     2  stm32f4xx_it.o(i.NMI_Handler)
    PendSV_Handler                           0x08005a27   Thumb Code     2  stm32f4xx_it.o(i.PendSV_Handler)
    RTC_Get_Date                             0x08005a5d   Thumb Code    70  rtc.o(i.RTC_Get_Date)
    RTC_Get_Time                             0x08005aa9   Thumb Code    70  rtc.o(i.RTC_Get_Time)
    RTC_Init                                 0x08005af5   Thumb Code   282  rtc.o(i.RTC_Init)
    RTC_Read_BKR                             0x08005c1d   Thumb Code    18  rtc.o(i.RTC_Read_BKR)
    RTC_Set_Date                             0x08005c35   Thumb Code   122  rtc.o(i.RTC_Set_Date)
    RTC_Set_Time                             0x08005cb5   Thumb Code   124  rtc.o(i.RTC_Set_Time)
    RTC_raw2str                              0x08005d81   Thumb Code   160  rtc.o(i.RTC_raw2str)
    SDIO_ConfigData                          0x08005e99   Thumb Code    44  stm32f4xx_ll_sdmmc.o(i.SDIO_ConfigData)
    SDIO_GetCommandResponse                  0x08005ec5   Thumb Code     8  stm32f4xx_ll_sdmmc.o(i.SDIO_GetCommandResponse)
    SDIO_GetPowerState                       0x08005ecd   Thumb Code    10  stm32f4xx_ll_sdmmc.o(i.SDIO_GetPowerState)
    SDIO_GetResponse                         0x08005ed7   Thumb Code    12  stm32f4xx_ll_sdmmc.o(i.SDIO_GetResponse)
    SDIO_Init                                0x08005ee3   Thumb Code    52  stm32f4xx_ll_sdmmc.o(i.SDIO_Init)
    SDIO_PowerState_ON                       0x08005f17   Thumb Code    18  stm32f4xx_ll_sdmmc.o(i.SDIO_PowerState_ON)
    SDIO_ReadFIFO                            0x08005f29   Thumb Code     8  stm32f4xx_ll_sdmmc.o(i.SDIO_ReadFIFO)
    SDIO_SendCommand                         0x08005f31   Thumb Code    40  stm32f4xx_ll_sdmmc.o(i.SDIO_SendCommand)
    SDIO_WriteFIFO                           0x08005f59   Thumb Code    12  stm32f4xx_ll_sdmmc.o(i.SDIO_WriteFIFO)
    SDMMC_CmdAppCommand                      0x08005f65   Thumb Code    56  stm32f4xx_ll_sdmmc.o(i.SDMMC_CmdAppCommand)
    SDMMC_CmdAppOperCommand                  0x08005f9d   Thumb Code    54  stm32f4xx_ll_sdmmc.o(i.SDMMC_CmdAppOperCommand)
    SDMMC_CmdBlockLength                     0x08005fd9   Thumb Code    56  stm32f4xx_ll_sdmmc.o(i.SDMMC_CmdBlockLength)
    SDMMC_CmdBusWidth                        0x08006011   Thumb Code    56  stm32f4xx_ll_sdmmc.o(i.SDMMC_CmdBusWidth)
    SDMMC_CmdGoIdleState                     0x08006049   Thumb Code    44  stm32f4xx_ll_sdmmc.o(i.SDMMC_CmdGoIdleState)
    SDMMC_CmdOperCond                        0x08006075   Thumb Code    52  stm32f4xx_ll_sdmmc.o(i.SDMMC_CmdOperCond)
    SDMMC_CmdReadMultiBlock                  0x080060a9   Thumb Code    56  stm32f4xx_ll_sdmmc.o(i.SDMMC_CmdReadMultiBlock)
    SDMMC_CmdReadSingleBlock                 0x080060e1   Thumb Code    56  stm32f4xx_ll_sdmmc.o(i.SDMMC_CmdReadSingleBlock)
    SDMMC_CmdSelDesel                        0x08006119   Thumb Code    58  stm32f4xx_ll_sdmmc.o(i.SDMMC_CmdSelDesel)
    SDMMC_CmdSendCID                         0x08006153   Thumb Code    50  stm32f4xx_ll_sdmmc.o(i.SDMMC_CmdSendCID)
    SDMMC_CmdSendCSD                         0x08006185   Thumb Code    50  stm32f4xx_ll_sdmmc.o(i.SDMMC_CmdSendCSD)
    SDMMC_CmdSendSCR                         0x080061b7   Thumb Code    56  stm32f4xx_ll_sdmmc.o(i.SDMMC_CmdSendSCR)
    SDMMC_CmdSetRelAdd                       0x080061ef   Thumb Code    56  stm32f4xx_ll_sdmmc.o(i.SDMMC_CmdSetRelAdd)
    SDMMC_CmdStopTransfer                    0x08006229   Thumb Code    54  stm32f4xx_ll_sdmmc.o(i.SDMMC_CmdStopTransfer)
    SDMMC_CmdWriteMultiBlock                 0x08006265   Thumb Code    56  stm32f4xx_ll_sdmmc.o(i.SDMMC_CmdWriteMultiBlock)
    SDMMC_CmdWriteSingleBlock                0x0800629d   Thumb Code    56  stm32f4xx_ll_sdmmc.o(i.SDMMC_CmdWriteSingleBlock)
    SD_RdBlock                               0x080069a5   Thumb Code    56  sd.o(i.SD_RdBlock)
    SD_WrBlock                               0x08006ab1   Thumb Code    56  sd.o(i.SD_WrBlock)
    SD_info                                  0x08006aed   Thumb Code   206  sd.o(i.SD_info)
    SRAM_Init                                0x08006c01   Thumb Code   234  sram.o(i.SRAM_Init)
    SVC_Handler                              0x08006cf1   Thumb Code     2  stm32f4xx_it.o(i.SVC_Handler)
    SYS_STDBY                                0x08006cf5   Thumb Code   206  pwr_mgt.o(i.SYS_STDBY)
    SysTick_Handler                          0x08006dd9   Thumb Code     8  stm32f4xx_it.o(i.SysTick_Handler)
    SystemClock_Config                       0x08006de1   Thumb Code   182  main.o(i.SystemClock_Config)
    SystemInit                               0x08006ea1   Thumb Code    24  system_stm32f4xx.o(i.SystemInit)
    TIM_Base_SetConfig                       0x08006ebd   Thumb Code   170  stm32f4xx_hal_tim.o(i.TIM_Base_SetConfig)
    TIM_CCxChannelCmd                        0x08006f95   Thumb Code    34  stm32f4xx_hal_tim.o(i.TIM_CCxChannelCmd)
    TIM_ETR_SetConfig                        0x08006fb7   Thumb Code    22  stm32f4xx_hal_tim.o(i.TIM_ETR_SetConfig)
    TIM_OC2_SetConfig                        0x08007051   Thumb Code   114  stm32f4xx_hal_tim.o(i.TIM_OC2_SetConfig)
    USART1_IRQHandler                        0x08007731   Thumb Code    82  stm32f4xx_it.o(i.USART1_IRQHandler)
    USER_initialize                          0x08007795   Thumb Code    12  user_diskio.o(i.USER_initialize)
    USER_ioctl                               0x080077a5   Thumb Code    70  user_diskio.o(i.USER_ioctl)
    USER_read                                0x080077f1   Thumb Code    86  user_diskio.o(i.USER_read)
    USER_status                              0x0800784d   Thumb Code    12  user_diskio.o(i.USER_status)
    USER_write                               0x0800785d   Thumb Code    86  user_diskio.o(i.USER_write)
    UsageFault_Handler                       0x080078b9   Thumb Code     4  stm32f4xx_it.o(i.UsageFault_Handler)
    W25_ErBlock                              0x08007925   Thumb Code   118  w25.o(i.W25_ErBlock)
    W25_ID                                   0x080079ad   Thumb Code    74  w25.o(i.W25_ID)
    W25_Init                                 0x080079fd   Thumb Code    62  w25.o(i.W25_Init)
    W25_RdPage                               0x08007a4d   Thumb Code   168  w25.o(i.W25_RdPage)
    W25_STA                                  0x08007b05   Thumb Code   116  w25.o(i.W25_STA)
    W25_WrPage                               0x08007bb1   Thumb Code   196  w25.o(i.W25_WrPage)
    W25_WrStr                                0x08007c85   Thumb Code   158  w25.o(i.W25_WrStr)
    __ARM_fpclassify                         0x08007d23   Thumb Code    48  fpclassify.o(i.__ARM_fpclassify)
    _is_digit                                0x08007d8d   Thumb Code    14  __printf_wp.o(i._is_digit)
    _sys_exit                                0x08007d9b   Thumb Code     4  console.o(i._sys_exit)
    cmd_SYSInfo                              0x08007f21   Thumb Code   248  console.o(i.cmd_SYSInfo)
    cmd_battery                              0x08008125   Thumb Code    12  console.o(i.cmd_battery)
    cmd_exit                                 0x08008141   Thumb Code    20  console.o(i.cmd_exit)
    cmd_flash                                0x08008185   Thumb Code   304  console.o(i.cmd_flash)
    cmd_help                                 0x080083b5   Thumb Code    82  console.o(i.cmd_help)
    cmd_iic1                                 0x080084ad   Thumb Code   118  console.o(i.cmd_iic1)
    cmd_imu                                  0x080085b1   Thumb Code   146  console.o(i.cmd_imu)
    cmd_mpu                                  0x08008701   Thumb Code   262  console.o(i.cmd_mpu)
    cmd_ms                                   0x08008915   Thumb Code   296  console.o(i.cmd_ms)
    cmd_rtc                                  0x08008b3d   Thumb Code   572  console.o(i.cmd_rtc)
    cmd_storage                              0x08008f01   Thumb Code  1780  console.o(i.cmd_storage)
    cmd_w25                                  0x080095f5   Thumb Code   110  console.o(i.cmd_w25)
    console_exe                              0x08009705   Thumb Code   314  console.o(i.console_exe)
    console_log                              0x080098bd   Thumb Code   222  console.o(i.console_log)
    console_setflag                          0x08009a3d   Thumb Code     8  console.o(i.console_setflag)
    disk_initialize                          0x08009f75   Thumb Code    40  diskio.o(i.disk_initialize)
    disk_ioctl                               0x08009fa1   Thumb Code    36  diskio.o(i.disk_ioctl)
    disk_read                                0x08009fc9   Thumb Code    42  diskio.o(i.disk_read)
    disk_status                              0x08009ff9   Thumb Code    24  diskio.o(i.disk_status)
    disk_write                               0x0800a015   Thumb Code    42  diskio.o(i.disk_write)
    f_close                                  0x0800a06d   Thumb Code    44  ff.o(i.f_close)
    f_mount                                  0x0800a099   Thumb Code    92  ff.o(i.f_mount)
    f_open                                   0x0800a0f9   Thumb Code   560  ff.o(i.f_open)
    f_read                                   0x0800a329   Thumb Code   428  ff.o(i.f_read)
    f_sync                                   0x0800a4d5   Thumb Code   160  ff.o(i.f_sync)
    fputc                                    0x0800a919   Thumb Code    22  console.o(i.fputc)
    get_BAT                                  0x0800a935   Thumb Code   114  pwr_mgt.o(i.get_BAT)
    get_IMU_tmp                              0x0800a9c1   Thumb Code   180  imu.o(i.get_IMU_tmp)
    get_MPU_T                                0x0800aa81   Thumb Code     8  mpu.o(i.get_MPU_T)
    get_fattime                              0x0800ab6d   Thumb Code    96  fatfs.o(i.get_fattime)
    ltc2944_current                          0x0800ad1d   Thumb Code   112  ltc2944.o(i.ltc2944_current)
    ltc2944_fixq                             0x0800ad99   Thumb Code   296  ltc2944.o(i.ltc2944_fixq)
    ltc2944_init                             0x0800aee1   Thumb Code    60  ltc2944.o(i.ltc2944_init)
    ltc2944_quantity                         0x0800af1d   Thumb Code   108  ltc2944.o(i.ltc2944_quantity)
    ltc2944_setq                             0x0800af95   Thumb Code    72  ltc2944.o(i.ltc2944_setq)
    ltc2944_voltage                          0x0800afdd   Thumb Code   106  ltc2944.o(i.ltc2944_voltage)
    ltc_ack                                  0x0800b055   Thumb Code    32  ltc2944.o(i.ltc_ack)
    main                                     0x0800b075   Thumb Code   182  main.o(i.main)
    mat_add                                  0x0800b151   Thumb Code   150  mat.o(i.mat_add)
    mat_mult                                 0x0800b1ed   Thumb Code   166  mat.o(i.mat_mult)
    mat_put                                  0x0800b299   Thumb Code   144  mat.o(i.mat_put)
    mat_reinit                               0x0800b349   Thumb Code    64  mat.o(i.mat_reinit)
    mat_unit                                 0x0800b395   Thumb Code    68  mat.o(i.mat_unit)
    _get_lc_numeric                          0x0800b799   Thumb Code    44  lc_numeric_c.o(locale$$code)
    __aeabi_d2f                              0x0800b7c5   Thumb Code     0  d2f.o(x$fpl$d2f)
    _d2f                                     0x0800b7c5   Thumb Code    98  d2f.o(x$fpl$d2f)
    __aeabi_dadd                             0x0800b829   Thumb Code     0  daddsub_clz.o(x$fpl$dadd)
    _dadd                                    0x0800b829   Thumb Code   332  daddsub_clz.o(x$fpl$dadd)
    __aeabi_ddiv                             0x0800b979   Thumb Code     0  ddiv.o(x$fpl$ddiv)
    _ddiv                                    0x0800b979   Thumb Code   552  ddiv.o(x$fpl$ddiv)
    __aeabi_d2uiz                            0x0800bc29   Thumb Code     0  dfixu.o(x$fpl$dfixu)
    _dfixu                                   0x0800bc29   Thumb Code    90  dfixu.o(x$fpl$dfixu)
    __aeabi_i2d                              0x0800bc83   Thumb Code     0  dflt_clz.o(x$fpl$dflt)
    _dflt                                    0x0800bc83   Thumb Code    46  dflt_clz.o(x$fpl$dflt)
    __aeabi_ui2d                             0x0800bcb1   Thumb Code     0  dflt_clz.o(x$fpl$dfltu)
    _dfltu                                   0x0800bcb1   Thumb Code    38  dflt_clz.o(x$fpl$dfltu)
    __fpl_dnaninf                            0x0800bcd7   Thumb Code   156  dnaninf.o(x$fpl$dnaninf)
    __fpl_dretinf                            0x0800bd73   Thumb Code    12  dretinf.o(x$fpl$dretinf)
    __aeabi_dsub                             0x0800bd81   Thumb Code     0  daddsub_clz.o(x$fpl$dsub)
    _dsub                                    0x0800bd81   Thumb Code   464  daddsub_clz.o(x$fpl$dsub)
    __aeabi_f2d                              0x0800bf55   Thumb Code     0  f2d.o(x$fpl$f2d)
    _f2d                                     0x0800bf55   Thumb Code    86  f2d.o(x$fpl$f2d)
    __aeabi_ul2f                             0x0800bfab   Thumb Code     0  ffltll_clz.o(x$fpl$ffltll)
    _ll_uto_f                                0x0800bfab   Thumb Code     6  ffltll_clz.o(x$fpl$ffltll)
    __aeabi_l2f                              0x0800bfb1   Thumb Code     0  ffltll_clz.o(x$fpl$ffltll)
    _ll_sto_f                                0x0800bfb1   Thumb Code    90  ffltll_clz.o(x$fpl$ffltll)
    __fpl_fnaninf                            0x0800c00b   Thumb Code   140  fnaninf.o(x$fpl$fnaninf)
    _fp_init                                 0x0800c097   Thumb Code    10  fpinit.o(x$fpl$fpinit)
    __fplib_config_fpu_vfp                   0x0800c09f   Thumb Code     0  fpinit.o(x$fpl$fpinit)
    __fplib_config_pureend_doubles           0x0800c09f   Thumb Code     0  fpinit.o(x$fpl$fpinit)
    __fpl_fretinf                            0x0800c0a1   Thumb Code    10  fretinf.o(x$fpl$fretinf)
    __aeabi_f2lz                             0x0800c0ad   Thumb Code     0  ffixll.o(x$fpl$llsfromf)
    _ll_sfrom_f                              0x0800c0ad   Thumb Code   134  ffixll.o(x$fpl$llsfromf)
    _printf_fp_dec                           0x0800c133   Thumb Code     4  printf1.o(x$fpl$printf1)
    __I$use$fp                               0x0800c136   Number         0  usenofp.o(x$fpl$usenofp)
    AHBPrescTable                            0x0800c148   Data          16  system_stm32f4xx.o(.constdata)
    APBPrescTable                            0x0800c158   Data           8  system_stm32f4xx.o(.constdata)
    Region$$Table$$Base                      0x0800c314   Number         0  anon$$obj.o(Region$$Table)
    Region$$Table$$Limit                     0x0800c334   Number         0  anon$$obj.o(Region$$Table)
    RX_CNT                                   0x20000000   Data           1  console.o(.data)
    __stdout                                 0x20000004   Data           4  console.o(.data)
    USER_Driver                              0x20000014   Data          20  user_diskio.o(.data)
    retUSER                                  0x20000028   Data           1  fatfs.o(.data)
    USERPath                                 0x20000029   Data           4  fatfs.o(.data)
    Power_ON_Flag                            0x20000030   Data           1  stm32f4xx_it.o(.data)
    uwTick                                   0x20000040   Data           4  stm32f4xx_hal.o(.data)
    uwTickPrio                               0x20000044   Data           4  stm32f4xx_hal.o(.data)
    uwTickFreq                               0x20000048   Data           1  stm32f4xx_hal.o(.data)
    SystemCoreClock                          0x2000004c   Data           4  system_stm32f4xx.o(.data)
    dT                                       0x20000058   Data           8  ms.o(.data)
    D1                                       0x20000060   Data           4  ms.o(.data)
    D2                                       0x20000064   Data           4  ms.o(.data)
    current_Mode                             0x20000078   Data           1  ltc2944.o(.data)
    NAND_BSY_WIDTH                           0x2000007c   Data           4  nand.o(.data)
    tmp                                      0x20000094   Data           2  imu.o(.data)
    ram_mat_ptr                              0x20000098   Data           4  mat.o(.data)
    ram_tmp_ptr                              0x2000009c   Data           4  mat.o(.data)
    mat_ERR                                  0x200000a0   Data          16  mat.o(.data)
    page_buff                                0x200000b8   Data        8629  console.o(.bss)
    page_wbuff                               0x2000226d   Data        8629  console.o(.bss)
    RX_BUFF                                  0x20004422   Data          30  console.o(.bss)
    ADC_TMP                                  0x20004440   Data          32  pwr_mgt.o(.bss)
    hadc1                                    0x20004460   Data          72  main.o(.bss)
    hdma_adc1                                0x200044a8   Data          96  main.o(.bss)
    hsd                                      0x20004508   Data         132  main.o(.bss)
    hspi1                                    0x2000458c   Data          88  main.o(.bss)
    hspi4                                    0x200045e4   Data          88  main.o(.bss)
    hspi5                                    0x2000463c   Data          88  main.o(.bss)
    htim5                                    0x20004694   Data          64  main.o(.bss)
    huart1                                   0x200046d4   Data          64  main.o(.bss)
    hnand1                                   0x20004714   Data          64  main.o(.bss)
    hsdram1                                  0x20004754   Data          52  main.o(.bss)
    USERFatFS                                0x20004788   Data         560  fatfs.o(.bss)
    USERFile                                 0x200049b8   Data         560  fatfs.o(.bss)
    MS_PROM                                  0x20004be8   Data          16  ms.o(.bss)
    ram_mat                                  0x20004c20   Data        2048  mat.o(.bss)
    ram_tmp                                  0x20005420   Data         128  mat.o(.bss)
    disk                                     0x200054c0   Data          12  ff_gen_drv.o(.bss)
    __libspace_start                         0x200054cc   Data          96  libspace.o(.bss)
    __temporary_stack_top$libspace           0x2000552c   Data           0  libspace.o(.bss)



==============================================================================

Memory Map of the image

  Image Entry point : 0x080001ad

  Load Region LR_IROM1 (Base: 0x08000000, Size: 0x0000c408, Max: 0x00200000, ABSOLUTE)

    Execution Region ER_IROM1 (Exec base: 0x08000000, Load base: 0x08000000, Size: 0x0000c350, Max: 0x00200000, ABSOLUTE)

    Exec Addr    Load Addr    Size         Type   Attr      Idx    E Section Name        Object

    0x08000000   0x08000000   0x000001ac   Data   RO            3    RESET               startup_stm32f429xx.o
    0x080001ac   0x080001ac   0x00000008   Code   RO         6332  * !!!main             c_w.l(__main.o)
    0x080001b4   0x080001b4   0x00000034   Code   RO         6602    !!!scatter          c_w.l(__scatter.o)
    0x080001e8   0x080001e8   0x0000001a   Code   RO         6604    !!handler_copy      c_w.l(__scatter_copy.o)
    0x08000202   0x08000202   0x00000002   PAD
    0x08000204   0x08000204   0x0000001c   Code   RO         6606    !!handler_zi        c_w.l(__scatter_zi.o)
    0x08000220   0x08000220   0x00000000   Code   RO         6311    .ARM.Collect$$_printf_percent$$00000000  c_w.l(_printf_percent.o)
    0x08000220   0x08000220   0x00000006   Code   RO         6310    .ARM.Collect$$_printf_percent$$00000003  c_w.l(_printf_f.o)
    0x08000226   0x08000226   0x00000006   Code   RO         6309    .ARM.Collect$$_printf_percent$$00000009  c_w.l(_printf_d.o)
    0x0800022c   0x0800022c   0x00000006   Code   RO         6308    .ARM.Collect$$_printf_percent$$0000000C  c_w.l(_printf_x.o)
    0x08000232   0x08000232   0x00000006   Code   RO         6306    .ARM.Collect$$_printf_percent$$00000013  c_w.l(_printf_c.o)
    0x08000238   0x08000238   0x00000006   Code   RO         6307    .ARM.Collect$$_printf_percent$$00000014  c_w.l(_printf_s.o)
    0x0800023e   0x0800023e   0x00000004   Code   RO         6387    .ARM.Collect$$_printf_percent$$00000017  c_w.l(_printf_percent_end.o)
    0x08000242   0x08000242   0x00000002   Code   RO         6479    .ARM.Collect$$libinit$$00000000  c_w.l(libinit.o)
    0x08000244   0x08000244   0x00000004   Code   RO         6480    .ARM.Collect$$libinit$$00000001  c_w.l(libinit2.o)
    0x08000248   0x08000248   0x00000000   Code   RO         6483    .ARM.Collect$$libinit$$00000004  c_w.l(libinit2.o)
    0x08000248   0x08000248   0x00000000   Code   RO         6486    .ARM.Collect$$libinit$$0000000A  c_w.l(libinit2.o)
    0x08000248   0x08000248   0x00000000   Code   RO         6488    .ARM.Collect$$libinit$$0000000C  c_w.l(libinit2.o)
    0x08000248   0x08000248   0x00000000   Code   RO         6490    .ARM.Collect$$libinit$$0000000E  c_w.l(libinit2.o)
    0x08000248   0x08000248   0x00000006   Code   RO         6491    .ARM.Collect$$libinit$$0000000F  c_w.l(libinit2.o)
    0x0800024e   0x0800024e   0x00000000   Code   RO         6493    .ARM.Collect$$libinit$$00000011  c_w.l(libinit2.o)
    0x0800024e   0x0800024e   0x00000000   Code   RO         6495    .ARM.Collect$$libinit$$00000013  c_w.l(libinit2.o)
    0x0800024e   0x0800024e   0x00000000   Code   RO         6497    .ARM.Collect$$libinit$$00000015  c_w.l(libinit2.o)
    0x0800024e   0x0800024e   0x0000000a   Code   RO         6498    .ARM.Collect$$libinit$$00000016  c_w.l(libinit2.o)
    0x08000258   0x08000258   0x00000000   Code   RO         6499    .ARM.Collect$$libinit$$00000017  c_w.l(libinit2.o)
    0x08000258   0x08000258   0x00000000   Code   RO         6501    .ARM.Collect$$libinit$$00000019  c_w.l(libinit2.o)
    0x08000258   0x08000258   0x00000000   Code   RO         6503    .ARM.Collect$$libinit$$0000001B  c_w.l(libinit2.o)
    0x08000258   0x08000258   0x00000000   Code   RO         6505    .ARM.Collect$$libinit$$0000001D  c_w.l(libinit2.o)
    0x08000258   0x08000258   0x00000000   Code   RO         6507    .ARM.Collect$$libinit$$0000001F  c_w.l(libinit2.o)
    0x08000258   0x08000258   0x00000000   Code   RO         6509    .ARM.Collect$$libinit$$00000021  c_w.l(libinit2.o)
    0x08000258   0x08000258   0x00000000   Code   RO         6511    .ARM.Collect$$libinit$$00000023  c_w.l(libinit2.o)
    0x08000258   0x08000258   0x00000000   Code   RO         6513    .ARM.Collect$$libinit$$00000025  c_w.l(libinit2.o)
    0x08000258   0x08000258   0x00000000   Code   RO         6517    .ARM.Collect$$libinit$$0000002C  c_w.l(libinit2.o)
    0x08000258   0x08000258   0x00000000   Code   RO         6519    .ARM.Collect$$libinit$$0000002E  c_w.l(libinit2.o)
    0x08000258   0x08000258   0x00000000   Code   RO         6521    .ARM.Collect$$libinit$$00000030  c_w.l(libinit2.o)
    0x08000258   0x08000258   0x00000000   Code   RO         6523    .ARM.Collect$$libinit$$00000032  c_w.l(libinit2.o)
    0x08000258   0x08000258   0x00000002   Code   RO         6524    .ARM.Collect$$libinit$$00000033  c_w.l(libinit2.o)
    0x0800025a   0x0800025a   0x00000002   Code   RO         6566    .ARM.Collect$$libshutdown$$00000000  c_w.l(libshutdown.o)
    0x0800025c   0x0800025c   0x00000000   Code   RO         6585    .ARM.Collect$$libshutdown$$00000002  c_w.l(libshutdown2.o)
    0x0800025c   0x0800025c   0x00000000   Code   RO         6587    .ARM.Collect$$libshutdown$$00000004  c_w.l(libshutdown2.o)
    0x0800025c   0x0800025c   0x00000000   Code   RO         6590    .ARM.Collect$$libshutdown$$00000007  c_w.l(libshutdown2.o)
    0x0800025c   0x0800025c   0x00000000   Code   RO         6593    .ARM.Collect$$libshutdown$$0000000A  c_w.l(libshutdown2.o)
    0x0800025c   0x0800025c   0x00000000   Code   RO         6595    .ARM.Collect$$libshutdown$$0000000C  c_w.l(libshutdown2.o)
    0x0800025c   0x0800025c   0x00000000   Code   RO         6598    .ARM.Collect$$libshutdown$$0000000F  c_w.l(libshutdown2.o)
    0x0800025c   0x0800025c   0x00000002   Code   RO         6599    .ARM.Collect$$libshutdown$$00000010  c_w.l(libshutdown2.o)
    0x0800025e   0x0800025e   0x00000000   Code   RO         6370    .ARM.Collect$$rtentry$$00000000  c_w.l(__rtentry.o)
    0x0800025e   0x0800025e   0x00000000   Code   RO         6400    .ARM.Collect$$rtentry$$00000002  c_w.l(__rtentry2.o)
    0x0800025e   0x0800025e   0x00000006   Code   RO         6412    .ARM.Collect$$rtentry$$00000004  c_w.l(__rtentry4.o)
    0x08000264   0x08000264   0x00000000   Code   RO         6402    .ARM.Collect$$rtentry$$00000009  c_w.l(__rtentry2.o)
    0x08000264   0x08000264   0x00000004   Code   RO         6403    .ARM.Collect$$rtentry$$0000000A  c_w.l(__rtentry2.o)
    0x08000268   0x08000268   0x00000000   Code   RO         6405    .ARM.Collect$$rtentry$$0000000C  c_w.l(__rtentry2.o)
    0x08000268   0x08000268   0x00000008   Code   RO         6406    .ARM.Collect$$rtentry$$0000000D  c_w.l(__rtentry2.o)
    0x08000270   0x08000270   0x00000002   Code   RO         6525    .ARM.Collect$$rtexit$$00000000  c_w.l(rtexit.o)
    0x08000272   0x08000272   0x00000000   Code   RO         6538    .ARM.Collect$$rtexit$$00000002  c_w.l(rtexit2.o)
    0x08000272   0x08000272   0x00000004   Code   RO         6539    .ARM.Collect$$rtexit$$00000003  c_w.l(rtexit2.o)
    0x08000276   0x08000276   0x00000006   Code   RO         6540    .ARM.Collect$$rtexit$$00000004  c_w.l(rtexit2.o)
    0x0800027c   0x0800027c   0x00000040   Code   RO            4    .text               startup_stm32f429xx.o
    0x080002bc   0x080002bc   0x00000002   Code   RO         6243    .text               c_w.l(use_no_semi_2.o)
    0x080002be   0x080002be   0x000000ee   Code   RO         6245    .text               c_w.l(lludivv7m.o)
    0x080003ac   0x080003ac   0x00000048   Code   RO         6247    .text               c_w.l(llsdiv.o)
    0x080003f4   0x080003f4   0x00000018   Code   RO         6253    .text               c_w.l(noretval__2printf.o)
    0x0800040c   0x0800040c   0x00000028   Code   RO         6255    .text               c_w.l(noretval__2sprintf.o)
    0x08000434   0x08000434   0x0000004e   Code   RO         6259    .text               c_w.l(_printf_pad.o)
    0x08000482   0x08000482   0x00000052   Code   RO         6261    .text               c_w.l(_printf_str.o)
    0x080004d4   0x080004d4   0x00000078   Code   RO         6263    .text               c_w.l(_printf_dec.o)
    0x0800054c   0x0800054c   0x00000058   Code   RO         6268    .text               c_w.l(_printf_hex_int.o)
    0x080005a4   0x080005a4   0x00000138   Code   RO         6298    .text               c_w.l(__printf_flags_wp.o)
    0x080006dc   0x080006dc   0x00000058   Code   RO         6312    .text               c_w.l(memcmp.o)
    0x08000734   0x08000734   0x00000048   Code   RO         6314    .text               c_w.l(strcpy.o)
    0x0800077c   0x0800077c   0x0000003e   Code   RO         6316    .text               c_w.l(strlen.o)
    0x080007ba   0x080007ba   0x00000018   Code   RO         6318    .text               c_w.l(strcat.o)
    0x080007d2   0x080007d2   0x0000008a   Code   RO         6320    .text               c_w.l(rt_memcpy_v6.o)
    0x0800085c   0x0800085c   0x00000064   Code   RO         6322    .text               c_w.l(rt_memcpy_w.o)
    0x080008c0   0x080008c0   0x00000010   Code   RO         6324    .text               c_w.l(aeabi_memset.o)
    0x080008d0   0x080008d0   0x0000004e   Code   RO         6326    .text               c_w.l(rt_memclr_w.o)
    0x0800091e   0x0800091e   0x00000002   PAD
    0x08000920   0x08000920   0x00000080   Code   RO         6328    .text               c_w.l(strcmpv7m.o)
    0x080009a0   0x080009a0   0x00000006   Code   RO         6330    .text               c_w.l(heapauxi.o)
    0x080009a6   0x080009a6   0x00000002   Code   RO         6368    .text               c_w.l(use_no_semi.o)
    0x080009a8   0x080009a8   0x000000b2   Code   RO         6375    .text               c_w.l(_printf_intcommon.o)
    0x08000a5a   0x08000a5a   0x0000041e   Code   RO         6377    .text               c_w.l(_printf_fp_dec.o)
    0x08000e78   0x08000e78   0x00000030   Code   RO         6379    .text               c_w.l(_printf_char_common.o)
    0x08000ea8   0x08000ea8   0x0000000a   Code   RO         6381    .text               c_w.l(_sputc.o)
    0x08000eb2   0x08000eb2   0x0000002c   Code   RO         6383    .text               c_w.l(_printf_char.o)
    0x08000ede   0x08000ede   0x00000002   PAD
    0x08000ee0   0x08000ee0   0x00000024   Code   RO         6385    .text               c_w.l(_printf_char_file.o)
    0x08000f04   0x08000f04   0x00000044   Code   RO         6388    .text               c_w.l(rt_memclr.o)
    0x08000f48   0x08000f48   0x00000008   Code   RO         6419    .text               c_w.l(rt_locale_intlibspace.o)
    0x08000f50   0x08000f50   0x0000008a   Code   RO         6421    .text               c_w.l(lludiv10.o)
    0x08000fda   0x08000fda   0x00000002   PAD
    0x08000fdc   0x08000fdc   0x00000080   Code   RO         6423    .text               c_w.l(_printf_fp_infnan.o)
    0x0800105c   0x0800105c   0x000000e4   Code   RO         6427    .text               c_w.l(bigflt0.o)
    0x08001140   0x08001140   0x00000008   Code   RO         6452    .text               c_w.l(ferror.o)
    0x08001148   0x08001148   0x00000008   Code   RO         6463    .text               c_w.l(libspace.o)
    0x08001150   0x08001150   0x0000004a   Code   RO         6466    .text               c_w.l(sys_stackheap_outer.o)
    0x0800119a   0x0800119a   0x00000012   Code   RO         6468    .text               c_w.l(exit.o)
    0x080011ac   0x080011ac   0x0000003e   Code   RO         6430    CL$$btod_d2e        c_w.l(btod.o)
    0x080011ea   0x080011ea   0x00000046   Code   RO         6432    CL$$btod_d2e_denorm_low  c_w.l(btod.o)
    0x08001230   0x08001230   0x00000060   Code   RO         6431    CL$$btod_d2e_norm_op1  c_w.l(btod.o)
    0x08001290   0x08001290   0x00000338   Code   RO         6440    CL$$btod_div_common  c_w.l(btod.o)
    0x080015c8   0x080015c8   0x000000dc   Code   RO         6437    CL$$btod_e2e        c_w.l(btod.o)
    0x080016a4   0x080016a4   0x0000002a   Code   RO         6434    CL$$btod_ediv       c_w.l(btod.o)
    0x080016ce   0x080016ce   0x0000002a   Code   RO         6433    CL$$btod_emul       c_w.l(btod.o)
    0x080016f8   0x080016f8   0x00000244   Code   RO         6439    CL$$btod_mult_common  c_w.l(btod.o)
    0x0800193c   0x0800193c   0x0000007e   Code   RO          847    i.ADC_DMAConvCplt   stm32f4xx_hal_adc.o
    0x080019ba   0x080019ba   0x0000001a   Code   RO          848    i.ADC_DMAError      stm32f4xx_hal_adc.o
    0x080019d4   0x080019d4   0x0000000e   Code   RO          849    i.ADC_DMAHalfConvCplt  stm32f4xx_hal_adc.o
    0x080019e2   0x080019e2   0x00000002   PAD
    0x080019e4   0x080019e4   0x00000160   Code   RO          850    i.ADC_Init          stm32f4xx_hal_adc.o
    0x08001b44   0x08001b44   0x00000004   Code   RO          593    i.BusFault_Handler  stm32f4xx_it.o
    0x08001b48   0x08001b48   0x00000010   Code   RO          594    i.DMA2_Stream0_IRQHandler  stm32f4xx_it.o
    0x08001b58   0x08001b58   0x00000034   Code   RO         1683    i.DMA_CalcBaseAndBitshift  stm32f4xx_hal_dma.o
    0x08001b8c   0x08001b8c   0x000000aa   Code   RO         1684    i.DMA_CheckFifoParam  stm32f4xx_hal_dma.o
    0x08001c36   0x08001c36   0x0000002c   Code   RO         1685    i.DMA_SetConfig     stm32f4xx_hal_dma.o
    0x08001c62   0x08001c62   0x00000002   Code   RO          595    i.DebugMon_Handler  stm32f4xx_it.o
    0x08001c64   0x08001c64   0x0000000a   Code   RO          596    i.EXTI0_IRQHandler  stm32f4xx_it.o
    0x08001c6e   0x08001c6e   0x00000002   PAD
    0x08001c70   0x08001c70   0x0000002c   Code   RO          597    i.EXTI1_IRQHandler  stm32f4xx_it.o
    0x08001c9c   0x08001c9c   0x0000002c   Code   RO          598    i.EXTI2_IRQHandler  stm32f4xx_it.o
    0x08001cc8   0x08001cc8   0x0000000a   Code   RO          599    i.EXTI4_IRQHandler  stm32f4xx_it.o
    0x08001cd2   0x08001cd2   0x00000002   PAD
    0x08001cd4   0x08001cd4   0x00000084   Code   RO          600    i.EXTI9_5_IRQHandler  stm32f4xx_it.o
    0x08001d58   0x08001d58   0x00000024   Code   RO          369    i.Error_Handler     main.o
    0x08001d7c   0x08001d7c   0x00000012   Code   RO         6170    i.FATFS_LinkDriver  ff_gen_drv.o
    0x08001d8e   0x08001d8e   0x00000002   PAD
    0x08001d90   0x08001d90   0x00000054   Code   RO         6171    i.FATFS_LinkDriverEx  ff_gen_drv.o
    0x08001de4   0x08001de4   0x00000036   Code   RO         2391    i.FMC_NAND_AttributeSpace_Timing_Init  stm32f4xx_ll_fmc.o
    0x08001e1a   0x08001e1a   0x00000036   Code   RO         2392    i.FMC_NAND_CommonSpace_Timing_Init  stm32f4xx_ll_fmc.o
    0x08001e50   0x08001e50   0x0000004c   Code   RO         2397    i.FMC_NAND_Init     stm32f4xx_ll_fmc.o
    0x08001e9c   0x08001e9c   0x00000074   Code   RO         2411    i.FMC_SDRAM_Init    stm32f4xx_ll_fmc.o
    0x08001f10   0x08001f10   0x00000052   Code   RO         2413    i.FMC_SDRAM_SendCommand  stm32f4xx_ll_fmc.o
    0x08001f62   0x08001f62   0x00000002   PAD
    0x08001f64   0x08001f64   0x0000009c   Code   RO         2415    i.FMC_SDRAM_Timing_Init  stm32f4xx_ll_fmc.o
    0x08002000   0x08002000   0x000001a4   Code   RO          852    i.HAL_ADC_ConfigChannel  stm32f4xx_hal_adc.o
    0x080021a4   0x080021a4   0x00000002   Code   RO          853    i.HAL_ADC_ConvCpltCallback  stm32f4xx_hal_adc.o
    0x080021a6   0x080021a6   0x00000002   Code   RO          854    i.HAL_ADC_ConvHalfCpltCallback  stm32f4xx_hal_adc.o
    0x080021a8   0x080021a8   0x00000002   Code   RO          856    i.HAL_ADC_ErrorCallback  stm32f4xx_hal_adc.o
    0x080021aa   0x080021aa   0x00000002   PAD
    0x080021ac   0x080021ac   0x00000068   Code   RO          861    i.HAL_ADC_Init      stm32f4xx_hal_adc.o
    0x08002214   0x08002214   0x0000007c   Code   RO          721    i.HAL_ADC_MspInit   stm32f4xx_hal_msp.o
    0x08002290   0x08002290   0x00000184   Code   RO          868    i.HAL_ADC_Start_DMA  stm32f4xx_hal_adc.o
    0x08002414   0x08002414   0x00000028   Code   RO         1687    i.HAL_DMA_Abort_IT  stm32f4xx_hal_dma.o
    0x0800243c   0x0800243c   0x00000240   Code   RO         1691    i.HAL_DMA_IRQHandler  stm32f4xx_hal_dma.o
    0x0800267c   0x0800267c   0x000000ec   Code   RO         1692    i.HAL_DMA_Init      stm32f4xx_hal_dma.o
    0x08002768   0x08002768   0x00000092   Code   RO         1696    i.HAL_DMA_Start_IT  stm32f4xx_hal_dma.o
    0x080027fa   0x080027fa   0x00000002   PAD
    0x080027fc   0x080027fc   0x00000028   Code   RO         2128    i.HAL_Delay         stm32f4xx_hal.o
    0x08002824   0x08002824   0x000000f0   Code   RO          723    i.HAL_FMC_MspInit   stm32f4xx_hal_msp.o
    0x08002914   0x08002914   0x00000002   Code   RO         1577    i.HAL_GPIO_EXTI_Callback  stm32f4xx_hal_gpio.o
    0x08002916   0x08002916   0x00000002   PAD
    0x08002918   0x08002918   0x0000001c   Code   RO         1578    i.HAL_GPIO_EXTI_IRQHandler  stm32f4xx_hal_gpio.o
    0x08002934   0x08002934   0x0000021c   Code   RO         1579    i.HAL_GPIO_Init     stm32f4xx_hal_gpio.o
    0x08002b50   0x08002b50   0x0000000c   Code   RO         1583    i.HAL_GPIO_WritePin  stm32f4xx_hal_gpio.o
    0x08002b5c   0x08002b5c   0x0000000c   Code   RO         2136    i.HAL_GetTick       stm32f4xx_hal.o
    0x08002b68   0x08002b68   0x00000018   Code   RO         2142    i.HAL_IncTick       stm32f4xx_hal.o
    0x08002b80   0x08002b80   0x0000003c   Code   RO         2143    i.HAL_Init          stm32f4xx_hal.o
    0x08002bbc   0x08002bbc   0x0000004c   Code   RO         2144    i.HAL_InitTick      stm32f4xx_hal.o
    0x08002c08   0x08002c08   0x00000050   Code   RO          724    i.HAL_MspInit       stm32f4xx_hal_msp.o
    0x08002c58   0x08002c58   0x00000066   Code   RO         2581    i.HAL_NAND_Init     stm32f4xx_hal_nand.o
    0x08002cbe   0x08002cbe   0x0000000a   Code   RO          726    i.HAL_NAND_MspInit  stm32f4xx_hal_msp.o
    0x08002cc8   0x08002cc8   0x00000020   Code   RO         1986    i.HAL_NVIC_EnableIRQ  stm32f4xx_hal_cortex.o
    0x08002ce8   0x08002ce8   0x0000007c   Code   RO         1992    i.HAL_NVIC_SetPriority  stm32f4xx_hal_cortex.o
    0x08002d64   0x08002d64   0x00000028   Code   RO         1993    i.HAL_NVIC_SetPriorityGrouping  stm32f4xx_hal_cortex.o
    0x08002d8c   0x08002d8c   0x0000008c   Code   RO         1915    i.HAL_PWREx_EnableOverDrive  stm32f4xx_hal_pwr_ex.o
    0x08002e18   0x08002e18   0x00000184   Code   RO         1123    i.HAL_RCC_ClockConfig  stm32f4xx_hal_rcc.o
    0x08002f9c   0x08002f9c   0x0000000c   Code   RO         1128    i.HAL_RCC_GetHCLKFreq  stm32f4xx_hal_rcc.o
    0x08002fa8   0x08002fa8   0x00000020   Code   RO         1130    i.HAL_RCC_GetPCLK1Freq  stm32f4xx_hal_rcc.o
    0x08002fc8   0x08002fc8   0x00000020   Code   RO         1131    i.HAL_RCC_GetPCLK2Freq  stm32f4xx_hal_rcc.o
    0x08002fe8   0x08002fe8   0x000000b0   Code   RO         1132    i.HAL_RCC_GetSysClockFreq  stm32f4xx_hal_rcc.o
    0x08003098   0x08003098   0x00000488   Code   RO         1135    i.HAL_RCC_OscConfig  stm32f4xx_hal_rcc.o
    0x08003520   0x08003520   0x00000040   Code   RO         2739    i.HAL_SDRAM_Init    stm32f4xx_hal_sdram.o
    0x08003560   0x08003560   0x0000000a   Code   RO          728    i.HAL_SDRAM_MspInit  stm32f4xx_hal_msp.o
    0x0800356a   0x0800356a   0x00000002   PAD
    0x0800356c   0x0800356c   0x000000a8   Code   RO         3168    i.HAL_SD_ConfigWideBusOperation  stm32f4xx_hal_sd.o
    0x08003614   0x08003614   0x000001c8   Code   RO         3173    i.HAL_SD_GetCardCSD  stm32f4xx_hal_sd.o
    0x080037dc   0x080037dc   0x00000008   Code   RO         3178    i.HAL_SD_GetState   stm32f4xx_hal_sd.o
    0x080037e4   0x080037e4   0x0000003c   Code   RO         3180    i.HAL_SD_Init       stm32f4xx_hal_sd.o
    0x08003820   0x08003820   0x00000084   Code   RO         3181    i.HAL_SD_InitCard   stm32f4xx_hal_sd.o
    0x080038a4   0x080038a4   0x000000c8   Code   RO          730    i.HAL_SD_MspInit    stm32f4xx_hal_msp.o
    0x0800396c   0x0800396c   0x000002c0   Code   RO         3184    i.HAL_SD_ReadBlocks  stm32f4xx_hal_sd.o
    0x08003c2c   0x08003c2c   0x00000254   Code   RO         3189    i.HAL_SD_WriteBlocks  stm32f4xx_hal_sd.o
    0x08003e80   0x08003e80   0x0000008c   Code   RO         3431    i.HAL_SPI_Init      stm32f4xx_hal_spi.o
    0x08003f0c   0x08003f0c   0x0000016c   Code   RO          732    i.HAL_SPI_MspInit   stm32f4xx_hal_msp.o
    0x08004078   0x08004078   0x00000034   Code   RO         1997    i.HAL_SYSTICK_Config  stm32f4xx_hal_cortex.o
    0x080040ac   0x080040ac   0x000000b4   Code   RO         4448    i.HAL_TIMEx_MasterConfigSynchronization  stm32f4xx_hal_tim_ex.o
    0x08004160   0x08004160   0x00000034   Code   RO         3744    i.HAL_TIM_Base_Init  stm32f4xx_hal_tim.o
    0x08004194   0x08004194   0x00000034   Code   RO          734    i.HAL_TIM_Base_MspInit  stm32f4xx_hal_msp.o
    0x080041c8   0x080041c8   0x00000108   Code   RO         3753    i.HAL_TIM_ConfigClockSource  stm32f4xx_hal_tim.o
    0x080042d0   0x080042d0   0x00000060   Code   RO          735    i.HAL_TIM_MspPostInit  stm32f4xx_hal_msp.o
    0x08004330   0x08004330   0x00000108   Code   RO         3811    i.HAL_TIM_PWM_ConfigChannel  stm32f4xx_hal_tim.o
    0x08004438   0x08004438   0x00000034   Code   RO         3814    i.HAL_TIM_PWM_Init  stm32f4xx_hal_tim.o
    0x0800446c   0x0800446c   0x00000002   Code   RO         3816    i.HAL_TIM_PWM_MspInit  stm32f4xx_hal_tim.o
    0x0800446e   0x0800446e   0x00000002   PAD
    0x08004470   0x08004470   0x00000058   Code   RO         3819    i.HAL_TIM_PWM_Start  stm32f4xx_hal_tim.o
    0x080044c8   0x080044c8   0x00000002   Code   RO         4702    i.HAL_UART_ErrorCallback  stm32f4xx_hal_uart.o
    0x080044ca   0x080044ca   0x00000002   PAD
    0x080044cc   0x080044cc   0x00000154   Code   RO         4705    i.HAL_UART_IRQHandler  stm32f4xx_hal_uart.o
    0x08004620   0x08004620   0x00000072   Code   RO         4706    i.HAL_UART_Init     stm32f4xx_hal_uart.o
    0x08004692   0x08004692   0x00000002   PAD
    0x08004694   0x08004694   0x00000098   Code   RO          737    i.HAL_UART_MspInit  stm32f4xx_hal_msp.o
    0x0800472c   0x0800472c   0x00000002   Code   RO         4712    i.HAL_UART_RxCpltCallback  stm32f4xx_hal_uart.o
    0x0800472e   0x0800472e   0x00000002   Code   RO         4717    i.HAL_UART_TxCpltCallback  stm32f4xx_hal_uart.o
    0x08004730   0x08004730   0x00000054   Code   RO          601    i.HardFault_Handler  stm32f4xx_it.o
    0x08004784   0x08004784   0x00000050   Code   RO         5375    i.IIC1_Ack          ltc2944.o
    0x080047d4   0x080047d4   0x00000050   Code   RO         5376    i.IIC1_NAck         ltc2944.o
    0x08004824   0x08004824   0x0000006c   Code   RO         5377    i.IIC1_Read_Byte    ltc2944.o
    0x08004890   0x08004890   0x00000068   Code   RO         5378    i.IIC1_Send_Byte    ltc2944.o
    0x080048f8   0x080048f8   0x0000004c   Code   RO         5379    i.IIC1_Start        ltc2944.o
    0x08004944   0x08004944   0x0000004c   Code   RO         5380    i.IIC1_Stop         ltc2944.o
    0x08004990   0x08004990   0x00000060   Code   RO         5381    i.IIC1_Wait_Ack     ltc2944.o
    0x080049f0   0x080049f0   0x000000ce   Code   RO         5049    i.IMU_Init          mpu.o
    0x08004abe   0x08004abe   0x00000002   PAD
    0x08004ac0   0x08004ac0   0x00000028   Code   RO         5050    i.MPU_ID            mpu.o
    0x08004ae8   0x08004ae8   0x00000098   Code   RO         5051    i.MPU_Rd_Raw        mpu.o
    0x08004b80   0x08004b80   0x00000030   Code   RO         5052    i.MPU_Rd_Reg        mpu.o
    0x08004bb0   0x08004bb0   0x0000002c   Code   RO         5053    i.MPU_WRByte        mpu.o
    0x08004bdc   0x08004bdc   0x0000002c   Code   RO         5054    i.MPU_Wr_Reg        mpu.o
    0x08004c08   0x08004c08   0x00000034   Code   RO         5115    i.MS_Init           ms.o
    0x08004c3c   0x08004c3c   0x0000012c   Code   RO         5116    i.MS_Read_Pressure  ms.o
    0x08004d68   0x08004d68   0x00000108   Code   RO         5117    i.MS_Read_Temperature  ms.o
    0x08004e70   0x08004e70   0x0000002c   Code   RO         5118    i.MS_TRIG_Pressure  ms.o
    0x08004e9c   0x08004e9c   0x0000002c   Code   RO         5119    i.MS_TRIG_Temperature  ms.o
    0x08004ec8   0x08004ec8   0x0000006c   Code   RO         5120    i.MS_UpdatePROM     ms.o
    0x08004f34   0x08004f34   0x00000040   Code   RO         5121    i.MS_WRByte         ms.o
    0x08004f74   0x08004f74   0x00000074   Code   RO          370    i.MX_ADC1_Init      main.o
    0x08004fe8   0x08004fe8   0x00000038   Code   RO          371    i.MX_DMA_Init       main.o
    0x08005020   0x08005020   0x00000070   Code   RO          556    i.MX_FATFS_Init     fatfs.o
    0x08005090   0x08005090   0x000000f0   Code   RO          372    i.MX_FMC_Init       main.o
    0x08005180   0x08005180   0x0000032c   Code   RO          373    i.MX_GPIO_Init      main.o
    0x080054ac   0x080054ac   0x00000040   Code   RO          374    i.MX_SDIO_SD_Init   main.o
    0x080054ec   0x080054ec   0x00000044   Code   RO          375    i.MX_SPI1_Init      main.o
    0x08005530   0x08005530   0x00000044   Code   RO          376    i.MX_SPI4_Init      main.o
    0x08005574   0x08005574   0x00000044   Code   RO          377    i.MX_SPI5_Init      main.o
    0x080055b8   0x080055b8   0x000000a8   Code   RO          378    i.MX_TIM5_Init      main.o
    0x08005660   0x08005660   0x00000038   Code   RO          379    i.MX_USART1_UART_Init  main.o
    0x08005698   0x08005698   0x00000004   Code   RO          602    i.MemManage_Handler  stm32f4xx_it.o
    0x0800569c   0x0800569c   0x00000078   Code   RO         5517    i.NAND_ErBlock      nand.o
    0x08005714   0x08005714   0x0000003c   Code   RO         5518    i.NAND_ID           nand.o
    0x08005750   0x08005750   0x00000028   Code   RO         5519    i.NAND_RST          nand.o
    0x08005778   0x08005778   0x000000b8   Code   RO         5520    i.NAND_RdPage       nand.o
    0x08005830   0x08005830   0x00000024   Code   RO         5521    i.NAND_Status_70H   nand.o
    0x08005854   0x08005854   0x000000b0   Code   RO         5522    i.NAND_WAIT_RB_RISING  nand.o
    0x08005904   0x08005904   0x00000120   Code   RO         5523    i.NAND_WrPage       nand.o
    0x08005a24   0x08005a24   0x00000002   Code   RO          603    i.NMI_Handler       stm32f4xx_it.o
    0x08005a26   0x08005a26   0x00000002   Code   RO          604    i.PendSV_Handler    stm32f4xx_it.o
    0x08005a28   0x08005a28   0x00000016   Code   RO         5258    i.RTC_BCD2DEC       rtc.o
    0x08005a3e   0x08005a3e   0x0000001c   Code   RO         5259    i.RTC_DEC2BCD       rtc.o
    0x08005a5a   0x08005a5a   0x00000002   PAD
    0x08005a5c   0x08005a5c   0x0000004c   Code   RO         5260    i.RTC_Get_Date      rtc.o
    0x08005aa8   0x08005aa8   0x0000004c   Code   RO         5261    i.RTC_Get_Time      rtc.o
    0x08005af4   0x08005af4   0x00000128   Code   RO         5262    i.RTC_Init          rtc.o
    0x08005c1c   0x08005c1c   0x00000018   Code   RO         5263    i.RTC_Read_BKR      rtc.o
    0x08005c34   0x08005c34   0x00000080   Code   RO         5264    i.RTC_Set_Date      rtc.o
    0x08005cb4   0x08005cb4   0x00000084   Code   RO         5265    i.RTC_Set_Time      rtc.o
    0x08005d38   0x08005d38   0x00000038   Code   RO         5266    i.RTC_Wait_Synchro  rtc.o
    0x08005d70   0x08005d70   0x00000010   Code   RO         5267    i.RTC_Write_BKR     rtc.o
    0x08005d80   0x08005d80   0x00000118   Code   RO         5268    i.RTC_raw2str       rtc.o
    0x08005e98   0x08005e98   0x0000002c   Code   RO         2889    i.SDIO_ConfigData   stm32f4xx_ll_sdmmc.o
    0x08005ec4   0x08005ec4   0x00000008   Code   RO         2890    i.SDIO_GetCommandResponse  stm32f4xx_ll_sdmmc.o
    0x08005ecc   0x08005ecc   0x0000000a   Code   RO         2893    i.SDIO_GetPowerState  stm32f4xx_ll_sdmmc.o
    0x08005ed6   0x08005ed6   0x0000000c   Code   RO         2894    i.SDIO_GetResponse  stm32f4xx_ll_sdmmc.o
    0x08005ee2   0x08005ee2   0x00000034   Code   RO         2895    i.SDIO_Init         stm32f4xx_ll_sdmmc.o
    0x08005f16   0x08005f16   0x00000012   Code   RO         2897    i.SDIO_PowerState_ON  stm32f4xx_ll_sdmmc.o
    0x08005f28   0x08005f28   0x00000008   Code   RO         2898    i.SDIO_ReadFIFO     stm32f4xx_ll_sdmmc.o
    0x08005f30   0x08005f30   0x00000028   Code   RO         2899    i.SDIO_SendCommand  stm32f4xx_ll_sdmmc.o
    0x08005f58   0x08005f58   0x0000000c   Code   RO         2901    i.SDIO_WriteFIFO    stm32f4xx_ll_sdmmc.o
    0x08005f64   0x08005f64   0x00000038   Code   RO         2902    i.SDMMC_CmdAppCommand  stm32f4xx_ll_sdmmc.o
    0x08005f9c   0x08005f9c   0x0000003c   Code   RO         2903    i.SDMMC_CmdAppOperCommand  stm32f4xx_ll_sdmmc.o
    0x08005fd8   0x08005fd8   0x00000038   Code   RO         2904    i.SDMMC_CmdBlockLength  stm32f4xx_ll_sdmmc.o
    0x08006010   0x08006010   0x00000038   Code   RO         2905    i.SDMMC_CmdBusWidth  stm32f4xx_ll_sdmmc.o
    0x08006048   0x08006048   0x0000002c   Code   RO         2909    i.SDMMC_CmdGoIdleState  stm32f4xx_ll_sdmmc.o
    0x08006074   0x08006074   0x00000034   Code   RO         2911    i.SDMMC_CmdOperCond  stm32f4xx_ll_sdmmc.o
    0x080060a8   0x080060a8   0x00000038   Code   RO         2912    i.SDMMC_CmdReadMultiBlock  stm32f4xx_ll_sdmmc.o
    0x080060e0   0x080060e0   0x00000038   Code   RO         2913    i.SDMMC_CmdReadSingleBlock  stm32f4xx_ll_sdmmc.o
    0x08006118   0x08006118   0x0000003a   Code   RO         2916    i.SDMMC_CmdSelDesel  stm32f4xx_ll_sdmmc.o
    0x08006152   0x08006152   0x00000032   Code   RO         2917    i.SDMMC_CmdSendCID  stm32f4xx_ll_sdmmc.o
    0x08006184   0x08006184   0x00000032   Code   RO         2918    i.SDMMC_CmdSendCSD  stm32f4xx_ll_sdmmc.o
    0x080061b6   0x080061b6   0x00000038   Code   RO         2919    i.SDMMC_CmdSendSCR  stm32f4xx_ll_sdmmc.o
    0x080061ee   0x080061ee   0x00000038   Code   RO         2921    i.SDMMC_CmdSetRelAdd  stm32f4xx_ll_sdmmc.o
    0x08006226   0x08006226   0x00000002   PAD
    0x08006228   0x08006228   0x0000003c   Code   RO         2923    i.SDMMC_CmdStopTransfer  stm32f4xx_ll_sdmmc.o
    0x08006264   0x08006264   0x00000038   Code   RO         2925    i.SDMMC_CmdWriteMultiBlock  stm32f4xx_ll_sdmmc.o
    0x0800629c   0x0800629c   0x00000038   Code   RO         2926    i.SDMMC_CmdWriteSingleBlock  stm32f4xx_ll_sdmmc.o
    0x080062d4   0x080062d4   0x00000040   Code   RO         2927    i.SDMMC_GetCmdError  stm32f4xx_ll_sdmmc.o
    0x08006314   0x08006314   0x000001ac   Code   RO         2928    i.SDMMC_GetCmdResp1  stm32f4xx_ll_sdmmc.o
    0x080064c0   0x080064c0   0x00000064   Code   RO         2929    i.SDMMC_GetCmdResp2  stm32f4xx_ll_sdmmc.o
    0x08006524   0x08006524   0x00000058   Code   RO         2930    i.SDMMC_GetCmdResp3  stm32f4xx_ll_sdmmc.o
    0x0800657c   0x0800657c   0x000000b8   Code   RO         2931    i.SDMMC_GetCmdResp6  stm32f4xx_ll_sdmmc.o
    0x08006634   0x08006634   0x0000006c   Code   RO         2932    i.SDMMC_GetCmdResp7  stm32f4xx_ll_sdmmc.o
    0x080066a0   0x080066a0   0x00000134   Code   RO         3197    i.SD_FindSCR        stm32f4xx_hal_sd.o
    0x080067d4   0x080067d4   0x00000102   Code   RO         3198    i.SD_InitCard       stm32f4xx_hal_sd.o
    0x080068d6   0x080068d6   0x00000002   PAD
    0x080068d8   0x080068d8   0x000000cc   Code   RO         3200    i.SD_PowerON        stm32f4xx_hal_sd.o
    0x080069a4   0x080069a4   0x0000003c   Code   RO         5613    i.SD_RdBlock        sd.o
    0x080069e0   0x080069e0   0x00000068   Code   RO         3204    i.SD_WideBus_Disable  stm32f4xx_hal_sd.o
    0x08006a48   0x08006a48   0x00000068   Code   RO         3205    i.SD_WideBus_Enable  stm32f4xx_hal_sd.o
    0x08006ab0   0x08006ab0   0x0000003c   Code   RO         5614    i.SD_WrBlock        sd.o
    0x08006aec   0x08006aec   0x00000114   Code   RO         5615    i.SD_info           sd.o
    0x08006c00   0x08006c00   0x000000f0   Code   RO         5585    i.SRAM_Init         sram.o
    0x08006cf0   0x08006cf0   0x00000002   Code   RO          605    i.SVC_Handler       stm32f4xx_it.o
    0x08006cf2   0x08006cf2   0x00000002   PAD
    0x08006cf4   0x08006cf4   0x000000e4   Code   RO          329    i.SYS_STDBY         pwr_mgt.o
    0x08006dd8   0x08006dd8   0x00000008   Code   RO          606    i.SysTick_Handler   stm32f4xx_it.o
    0x08006de0   0x08006de0   0x000000c0   Code   RO          380    i.SystemClock_Config  main.o
    0x08006ea0   0x08006ea0   0x0000001c   Code   RO         5013    i.SystemInit        system_stm32f4xx.o
    0x08006ebc   0x08006ebc   0x000000d8   Code   RO         3832    i.TIM_Base_SetConfig  stm32f4xx_hal_tim.o
    0x08006f94   0x08006f94   0x00000022   Code   RO         3833    i.TIM_CCxChannelCmd  stm32f4xx_hal_tim.o
    0x08006fb6   0x08006fb6   0x00000016   Code   RO         3843    i.TIM_ETR_SetConfig  stm32f4xx_hal_tim.o
    0x08006fcc   0x08006fcc   0x00000012   Code   RO         3844    i.TIM_ITRx_SetConfig  stm32f4xx_hal_tim.o
    0x08006fde   0x08006fde   0x00000002   PAD
    0x08006fe0   0x08006fe0   0x00000070   Code   RO         3845    i.TIM_OC1_SetConfig  stm32f4xx_hal_tim.o
    0x08007050   0x08007050   0x0000007c   Code   RO         3846    i.TIM_OC2_SetConfig  stm32f4xx_hal_tim.o
    0x080070cc   0x080070cc   0x00000078   Code   RO         3847    i.TIM_OC3_SetConfig  stm32f4xx_hal_tim.o
    0x08007144   0x08007144   0x00000054   Code   RO         3848    i.TIM_OC4_SetConfig  stm32f4xx_hal_tim.o
    0x08007198   0x08007198   0x00000026   Code   RO         3850    i.TIM_TI1_ConfigInputStage  stm32f4xx_hal_tim.o
    0x080071be   0x080071be   0x00000028   Code   RO         3852    i.TIM_TI2_ConfigInputStage  stm32f4xx_hal_tim.o
    0x080071e6   0x080071e6   0x00000014   Code   RO         4719    i.UART_DMAAbortOnError  stm32f4xx_hal_uart.o
    0x080071fa   0x080071fa   0x00000020   Code   RO         4729    i.UART_EndRxTransfer  stm32f4xx_hal_uart.o
    0x0800721a   0x0800721a   0x00000020   Code   RO         4730    i.UART_EndTransmit_IT  stm32f4xx_hal_uart.o
    0x0800723a   0x0800723a   0x000000a6   Code   RO         4732    i.UART_Receive_IT   stm32f4xx_hal_uart.o
    0x080072e0   0x080072e0   0x000003e8   Code   RO         4733    i.UART_SetConfig    stm32f4xx_hal_uart.o
    0x080076c8   0x080076c8   0x00000068   Code   RO         4734    i.UART_Transmit_IT  stm32f4xx_hal_uart.o
    0x08007730   0x08007730   0x00000064   Code   RO          607    i.USART1_IRQHandler  stm32f4xx_it.o
    0x08007794   0x08007794   0x00000010   Code   RO          495    i.USER_initialize   user_diskio.o
    0x080077a4   0x080077a4   0x0000004c   Code   RO          496    i.USER_ioctl        user_diskio.o
    0x080077f0   0x080077f0   0x0000005c   Code   RO          497    i.USER_read         user_diskio.o
    0x0800784c   0x0800784c   0x00000010   Code   RO          498    i.USER_status       user_diskio.o
    0x0800785c   0x0800785c   0x0000005c   Code   RO          499    i.USER_write        user_diskio.o
    0x080078b8   0x080078b8   0x00000004   Code   RO          608    i.UsageFault_Handler  stm32f4xx_it.o
    0x080078bc   0x080078bc   0x00000040   Code   RO         5178    i.W25_CFG           w25.o
    0x080078fc   0x080078fc   0x00000028   Code   RO         5179    i.W25_DieSw         w25.o
    0x08007924   0x08007924   0x00000088   Code   RO         5180    i.W25_ErBlock       w25.o
    0x080079ac   0x080079ac   0x00000050   Code   RO         5181    i.W25_ID            w25.o
    0x080079fc   0x080079fc   0x00000050   Code   RO         5182    i.W25_Init          w25.o
    0x08007a4c   0x08007a4c   0x000000b8   Code   RO         5183    i.W25_RdPage        w25.o
    0x08007b04   0x08007b04   0x0000007c   Code   RO         5184    i.W25_STA           w25.o
    0x08007b80   0x08007b80   0x00000030   Code   RO         5185    i.W25_WRByte        w25.o
    0x08007bb0   0x08007bb0   0x000000d4   Code   RO         5186    i.W25_WrPage        w25.o
    0x08007c84   0x08007c84   0x0000009e   Code   RO         5187    i.W25_WrStr         w25.o
    0x08007d22   0x08007d22   0x00000030   Code   RO         6461    i.__ARM_fpclassify  m_wm.l(fpclassify.o)
    0x08007d52   0x08007d52   0x00000002   PAD
    0x08007d54   0x08007d54   0x00000010   Code   RO         1999    i.__NVIC_GetPriorityGrouping  stm32f4xx_hal_cortex.o
    0x08007d64   0x08007d64   0x00000028   Code   RO         2000    i.__NVIC_SetPriority  stm32f4xx_hal_cortex.o
    0x08007d8c   0x08007d8c   0x0000000e   Code   RO         6296    i._is_digit         c_w.l(__printf_wp.o)
    0x08007d9a   0x08007d9a   0x00000004   Code   RO           13    i._sys_exit         console.o
    0x08007d9e   0x08007d9e   0x00000002   PAD
    0x08007da0   0x08007da0   0x0000007c   Code   RO         5813    i.check_fs          ff.o
    0x08007e1c   0x08007e1c   0x00000014   Code   RO         5814    i.chk_chr           ff.o
    0x08007e30   0x08007e30   0x0000007c   Code   RO         5815    i.chk_lock          ff.o
    0x08007eac   0x08007eac   0x00000028   Code   RO         5816    i.clear_lock        ff.o
    0x08007ed4   0x08007ed4   0x00000032   Code   RO         5817    i.clmt_clust        ff.o
    0x08007f06   0x08007f06   0x0000001a   Code   RO         5818    i.clust2sect        ff.o
    0x08007f20   0x08007f20   0x00000204   Code   RO           14    i.cmd_SYSInfo       console.o
    0x08008124   0x08008124   0x0000001c   Code   RO           15    i.cmd_battery       console.o
    0x08008140   0x08008140   0x00000044   Code   RO           16    i.cmd_exit          console.o
    0x08008184   0x08008184   0x00000230   Code   RO           17    i.cmd_flash         console.o
    0x080083b4   0x080083b4   0x000000f8   Code   RO           18    i.cmd_help          console.o
    0x080084ac   0x080084ac   0x00000104   Code   RO           19    i.cmd_iic1          console.o
    0x080085b0   0x080085b0   0x00000150   Code   RO           20    i.cmd_imu           console.o
    0x08008700   0x08008700   0x00000214   Code   RO           21    i.cmd_mpu           console.o
    0x08008914   0x08008914   0x00000228   Code   RO           22    i.cmd_ms            console.o
    0x08008b3c   0x08008b3c   0x000003c4   Code   RO           23    i.cmd_rtc           console.o
    0x08008f00   0x08008f00   0x000006f4   Code   RO           24    i.cmd_storage       console.o
    0x080095f4   0x080095f4   0x00000110   Code   RO           25    i.cmd_w25           console.o
    0x08009704   0x08009704   0x000001b8   Code   RO           26    i.console_exe       console.o
    0x080098bc   0x080098bc   0x00000180   Code   RO           27    i.console_log       console.o
    0x08009a3c   0x08009a3c   0x0000000c   Code   RO           28    i.console_setflag   console.o
    0x08009a48   0x08009a48   0x000000de   Code   RO         5819    i.create_chain      ff.o
    0x08009b26   0x08009b26   0x00000002   PAD
    0x08009b28   0x08009b28   0x000000e0   Code   RO         5820    i.create_name       ff.o
    0x08009c08   0x08009c08   0x00000044   Code   RO         5821    i.dec_lock          ff.o
    0x08009c4c   0x08009c4c   0x00000020   Code   RO           29    i.delay_ms          console.o
    0x08009c6c   0x08009c6c   0x00000020   Code   RO         5055    i.delay_ms          mpu.o
    0x08009c8c   0x08009c8c   0x00000020   Code   RO         5188    i.delay_ms          w25.o
    0x08009cac   0x08009cac   0x00000018   Code   RO         5382    i.delay_us          ltc2944.o
    0x08009cc4   0x08009cc4   0x00000060   Code   RO         5822    i.dir_alloc         ff.o
    0x08009d24   0x08009d24   0x0000006c   Code   RO         5823    i.dir_find          ff.o
    0x08009d90   0x08009d90   0x0000010c   Code   RO         5824    i.dir_next          ff.o
    0x08009e9c   0x08009e9c   0x0000003c   Code   RO         5826    i.dir_register      ff.o
    0x08009ed8   0x08009ed8   0x0000009a   Code   RO         5828    i.dir_sdi           ff.o
    0x08009f72   0x08009f72   0x00000002   PAD
    0x08009f74   0x08009f74   0x0000002c   Code   RO         5758    i.disk_initialize   diskio.o
    0x08009fa0   0x08009fa0   0x00000028   Code   RO         5759    i.disk_ioctl        diskio.o
    0x08009fc8   0x08009fc8   0x00000030   Code   RO         5760    i.disk_read         diskio.o
    0x08009ff8   0x08009ff8   0x0000001c   Code   RO         5761    i.disk_status       diskio.o
    0x0800a014   0x0800a014   0x00000030   Code   RO         5762    i.disk_write        diskio.o
    0x0800a044   0x0800a044   0x00000028   Code   RO         5829    i.enq_lock          ff.o
    0x0800a06c   0x0800a06c   0x0000002c   Code   RO         5830    i.f_close           ff.o
    0x0800a098   0x0800a098   0x00000060   Code   RO         5837    i.f_mount           ff.o
    0x0800a0f8   0x0800a0f8   0x00000230   Code   RO         5838    i.f_open            ff.o
    0x0800a328   0x0800a328   0x000001ac   Code   RO         5843    i.f_read            ff.o
    0x0800a4d4   0x0800a4d4   0x000000a0   Code   RO         5847    i.f_sync            ff.o
    0x0800a574   0x0800a574   0x00000300   Code   RO         5851    i.find_volume       ff.o
    0x0800a874   0x0800a874   0x000000a2   Code   RO         5852    i.follow_path       ff.o
    0x0800a916   0x0800a916   0x00000002   PAD
    0x0800a918   0x0800a918   0x0000001c   Code   RO           30    i.fputc             console.o
    0x0800a934   0x0800a934   0x0000008c   Code   RO          330    i.get_BAT           pwr_mgt.o
    0x0800a9c0   0x0800a9c0   0x000000c0   Code   RO         5649    i.get_IMU_tmp       imu.o
    0x0800aa80   0x0800aa80   0x0000000c   Code   RO         5056    i.get_MPU_T         mpu.o
    0x0800aa8c   0x0800aa8c   0x000000e0   Code   RO         5853    i.get_fat           ff.o
    0x0800ab6c   0x0800ab6c   0x00000060   Code   RO          557    i.get_fattime       fatfs.o
    0x0800abcc   0x0800abcc   0x00000048   Code   RO         5855    i.get_ldnumber      ff.o
    0x0800ac14   0x0800ac14   0x000000bc   Code   RO         5856    i.inc_lock          ff.o
    0x0800acd0   0x0800acd0   0x00000026   Code   RO         5857    i.ld_clust          ff.o
    0x0800acf6   0x0800acf6   0x00000018   Code   RO         5858    i.ld_dword          ff.o
    0x0800ad0e   0x0800ad0e   0x0000000c   Code   RO         5859    i.ld_word           ff.o
    0x0800ad1a   0x0800ad1a   0x00000002   PAD
    0x0800ad1c   0x0800ad1c   0x0000007c   Code   RO         5383    i.ltc2944_current   ltc2944.o
    0x0800ad98   0x0800ad98   0x00000148   Code   RO         5384    i.ltc2944_fixq      ltc2944.o
    0x0800aee0   0x0800aee0   0x0000003c   Code   RO         5385    i.ltc2944_init      ltc2944.o
    0x0800af1c   0x0800af1c   0x00000078   Code   RO         5386    i.ltc2944_quantity  ltc2944.o
    0x0800af94   0x0800af94   0x00000048   Code   RO         5388    i.ltc2944_setq      ltc2944.o
    0x0800afdc   0x0800afdc   0x00000078   Code   RO         5389    i.ltc2944_voltage   ltc2944.o
    0x0800b054   0x0800b054   0x00000020   Code   RO         5391    i.ltc_ack           ltc2944.o
    0x0800b074   0x0800b074   0x000000dc   Code   RO          381    i.main              main.o
    0x0800b150   0x0800b150   0x0000009c   Code   RO         5681    i.mat_add           mat.o
    0x0800b1ec   0x0800b1ec   0x000000ac   Code   RO         5685    i.mat_mult          mat.o
    0x0800b298   0x0800b298   0x000000b0   Code   RO         5686    i.mat_put           mat.o
    0x0800b348   0x0800b348   0x0000004c   Code   RO         5687    i.mat_reinit        mat.o
    0x0800b394   0x0800b394   0x00000044   Code   RO         5690    i.mat_unit          mat.o
    0x0800b3d8   0x0800b3d8   0x00000024   Code   RO         5860    i.mem_cmp           ff.o
    0x0800b3fc   0x0800b3fc   0x0000001a   Code   RO         5861    i.mem_cpy           ff.o
    0x0800b416   0x0800b416   0x00000012   Code   RO         5862    i.mem_set           ff.o
    0x0800b428   0x0800b428   0x00000034   Code   RO         5863    i.move_window       ff.o
    0x0800b45c   0x0800b45c   0x00000138   Code   RO         5864    i.put_fat           ff.o
    0x0800b594   0x0800b594   0x0000009a   Code   RO         5868    i.remove_chain      ff.o
    0x0800b62e   0x0800b62e   0x00000024   Code   RO         5869    i.st_clust          ff.o
    0x0800b652   0x0800b652   0x00000018   Code   RO         5870    i.st_dword          ff.o
    0x0800b66a   0x0800b66a   0x0000000c   Code   RO         5871    i.st_word           ff.o
    0x0800b676   0x0800b676   0x00000002   PAD
    0x0800b678   0x0800b678   0x00000090   Code   RO         5872    i.sync_fs           ff.o
    0x0800b708   0x0800b708   0x00000052   Code   RO         5873    i.sync_window       ff.o
    0x0800b75a   0x0800b75a   0x0000003c   Code   RO         5874    i.validate          ff.o
    0x0800b796   0x0800b796   0x00000002   PAD
    0x0800b798   0x0800b798   0x0000002c   Code   RO         6457    locale$$code        c_w.l(lc_numeric_c.o)
    0x0800b7c4   0x0800b7c4   0x00000062   Code   RO         6334    x$fpl$d2f           fz_wm.l(d2f.o)
    0x0800b826   0x0800b826   0x00000002   PAD
    0x0800b828   0x0800b828   0x00000150   Code   RO         6336    x$fpl$dadd          fz_wm.l(daddsub_clz.o)
    0x0800b978   0x0800b978   0x000002b0   Code   RO         6343    x$fpl$ddiv          fz_wm.l(ddiv.o)
    0x0800bc28   0x0800bc28   0x0000005a   Code   RO         6346    x$fpl$dfixu         fz_wm.l(dfixu.o)
    0x0800bc82   0x0800bc82   0x0000002e   Code   RO         6351    x$fpl$dflt          fz_wm.l(dflt_clz.o)
    0x0800bcb0   0x0800bcb0   0x00000026   Code   RO         6350    x$fpl$dfltu         fz_wm.l(dflt_clz.o)
    0x0800bcd6   0x0800bcd6   0x0000009c   Code   RO         6390    x$fpl$dnaninf       fz_wm.l(dnaninf.o)
    0x0800bd72   0x0800bd72   0x0000000c   Code   RO         6392    x$fpl$dretinf       fz_wm.l(dretinf.o)
    0x0800bd7e   0x0800bd7e   0x00000002   PAD
    0x0800bd80   0x0800bd80   0x000001d4   Code   RO         6338    x$fpl$dsub          fz_wm.l(daddsub_clz.o)
    0x0800bf54   0x0800bf54   0x00000056   Code   RO         6358    x$fpl$f2d           fz_wm.l(f2d.o)
    0x0800bfaa   0x0800bfaa   0x00000060   Code   RO         6364    x$fpl$ffltll        fz_wm.l(ffltll_clz.o)
    0x0800c00a   0x0800c00a   0x0000008c   Code   RO         6394    x$fpl$fnaninf       fz_wm.l(fnaninf.o)
    0x0800c096   0x0800c096   0x0000000a   Code   RO         6535    x$fpl$fpinit        fz_wm.l(fpinit.o)
    0x0800c0a0   0x0800c0a0   0x0000000a   Code   RO         6396    x$fpl$fretinf       fz_wm.l(fretinf.o)
    0x0800c0aa   0x0800c0aa   0x00000002   PAD
    0x0800c0ac   0x0800c0ac   0x00000086   Code   RO         6360    x$fpl$llsfromf      fz_wm.l(ffixll.o)
    0x0800c132   0x0800c132   0x00000004   Code   RO         6366    x$fpl$printf1       fz_wm.l(printf1.o)
    0x0800c136   0x0800c136   0x00000000   Code   RO         6398    x$fpl$usenofp       fz_wm.l(usenofp.o)
    0x0800c136   0x0800c136   0x00000002   PAD
    0x0800c138   0x0800c138   0x00000008   Data   RO           32    .constdata          console.o
    0x0800c140   0x0800c140   0x00000008   Data   RO         1698    .constdata          stm32f4xx_hal_dma.o
    0x0800c148   0x0800c148   0x00000018   Data   RO         5014    .constdata          system_stm32f4xx.o
    0x0800c160   0x0800c160   0x00000048   Data   RO         5651    .constdata          imu.o
    0x0800c1a8   0x0800c1a8   0x0000009c   Data   RO         5876    .constdata          ff.o
    0x0800c244   0x0800c244   0x00000028   Data   RO         6269    .constdata          c_w.l(_printf_hex_int.o)
    0x0800c26c   0x0800c26c   0x00000011   Data   RO         6299    .constdata          c_w.l(__printf_flags_wp.o)
    0x0800c27d   0x0800c27d   0x00000003   PAD
    0x0800c280   0x0800c280   0x00000094   Data   RO         6428    .constdata          c_w.l(bigflt0.o)
    0x0800c314   0x0800c314   0x00000020   Data   RO         6600    Region$$Table       anon$$obj.o
    0x0800c334   0x0800c334   0x0000001c   Data   RO         6456    locale$$data        c_w.l(lc_numeric_c.o)


    Execution Region RW_IRAM1 (Exec base: 0x20000000, Load base: 0x0800c350, Size: 0x00006730, Max: 0x00030000, ABSOLUTE)

    Exec Addr    Load Addr    Size         Type   Attr      Idx    E Section Name        Object

    0x20000000   0x0800c350   0x0000000d   Data   RW           33    .data               console.o
    0x2000000d   0x0800c35d   0x00000003   PAD
    0x20000010   0x0800c360   0x00000018   Data   RW          500    .data               user_diskio.o
    0x20000028   0x0800c378   0x00000005   Data   RW          559    .data               fatfs.o
    0x2000002d   0x0800c37d   0x00000003   PAD
    0x20000030   0x0800c380   0x00000008   Data   RW          609    .data               stm32f4xx_it.o
    0x20000038   0x0800c388   0x00000008   Data   RW          738    .data               stm32f4xx_hal_msp.o
    0x20000040   0x0800c390   0x00000009   Data   RW         2150    .data               stm32f4xx_hal.o
    0x20000049   0x0800c399   0x00000003   PAD
    0x2000004c   0x0800c39c   0x00000004   Data   RW         5015    .data               system_stm32f4xx.o
    0x20000050   0x0800c3a0   0x00000004   Data   RW         5057    .data               mpu.o
    0x20000054   0x0800c3a4   0x00000004   PAD
    0x20000058   0x0800c3a8   0x00000010   Data   RW         5123    .data               ms.o
    0x20000068   0x0800c3b8   0x00000004   Data   RW         5269    .data               rtc.o
    0x2000006c   0x0800c3bc   0x0000000d   Data   RW         5392    .data               ltc2944.o
    0x20000079   0x0800c3c9   0x00000003   PAD
    0x2000007c   0x0800c3cc   0x00000018   Data   RW         5525    .data               nand.o
    0x20000094   0x0800c3e4   0x00000002   Data   RW         5652    .data               imu.o
    0x20000096   0x0800c3e6   0x00000002   PAD
    0x20000098   0x0800c3e8   0x00000018   Data   RW         5692    .data               mat.o
    0x200000b0   0x0800c400   0x00000006   Data   RW         5877    .data               ff.o
    0x200000b6   0x0800c406   0x00000002   PAD
    0x200000b8        -       0x00004388   Zero   RW           31    .bss                console.o
    0x20004440        -       0x00000020   Zero   RW          332    .bss                pwr_mgt.o
    0x20004460        -       0x00000328   Zero   RW          382    .bss                main.o
    0x20004788        -       0x00000460   Zero   RW          558    .bss                fatfs.o
    0x20004be8        -       0x00000010   Zero   RW         5122    .bss                ms.o
    0x20004bf8        -       0x00000028   Zero   RW         5616    .bss                sd.o
    0x20004c20        -       0x00000880   Zero   RW         5691    .bss                mat.o
    0x200054a0        -       0x00000020   Zero   RW         5875    .bss                ff.o
    0x200054c0        -       0x0000000c   Zero   RW         6174    .bss                ff_gen_drv.o
    0x200054cc        -       0x00000060   Zero   RW         6464    .bss                c_w.l(libspace.o)
    0x2000552c   0x0800c406   0x00000004   PAD
    0x20005530        -       0x00000200   Zero   RW            2    HEAP                startup_stm32f429xx.o
    0x20005730        -       0x00001000   Zero   RW            1    STACK               startup_stm32f429xx.o


==============================================================================

Image component sizes


      Code (inc. data)   RO Data    RW Data    ZI Data      Debug   Object Name

      7016       3274          8         13      17288     823694   console.o
       208         24          0          0          0       3781   diskio.o
       208         32          0          5       1120       1752   fatfs.o
      5356         84        156          6         32      37548   ff.o
       102          6          0          0         12       1619   ff_gen_drv.o
       192         12         72          2          0       1501   imu.o
      1500        166          0         13          0       8157   ltc2944.o
      2164        202          0          0        808      10578   main.o
       648         56          0         24       2176       4349   mat.o
       578         64          0          4          0       4399   mpu.o
       876        102          0         16         16       4083   ms.o
       904        126          0         24          0       5059   nand.o
       368         48          0          0         32       1740   pwr_mgt.o
      1134        182          0          4          0       6644   rtc.o
       396         78          0          0         40       2274   sd.o
       240          6          0          0          0        708   sram.o
        64         26        428          0       4608        824   startup_stm32f429xx.o
       212         36          0          9          0       9385   stm32f4xx_hal.o
      1436         68          0          0          0       7153   stm32f4xx_hal_adc.o
       304         22          0          0          0      34323   stm32f4xx_hal_cortex.o
      1264         16          8          0          0       6050   stm32f4xx_hal_dma.o
       582         58          0          0          0       3444   stm32f4xx_hal_gpio.o
      1328        132          0          8          0       7106   stm32f4xx_hal_msp.o
       102          0          0          0          0       1192   stm32f4xx_hal_nand.o
       140         12          0          0          0       1244   stm32f4xx_hal_pwr_ex.o
      1800         84          0          0          0       5480   stm32f4xx_hal_rcc.o
      3102         30          0          0          0      11783   stm32f4xx_hal_sd.o
        64          0          0          0          0       1137   stm32f4xx_hal_sdram.o
       140          0          0          0          0       1127   stm32f4xx_hal_spi.o
      1530         90          0          0          0      11846   stm32f4xx_hal_tim.o
       180         30          0          0          0       1296   stm32f4xx_hal_tim_ex.o
      1814         12          0          0          0       7655   stm32f4xx_hal_uart.o
       468        146          0          8          0       7645   stm32f4xx_it.o
       538         10          0          0          0       4994   stm32f4xx_ll_fmc.o
      2054         46          0          0          0      22977   stm32f4xx_ll_sdmmc.o
        28          4         24          4          0       1071   system_stm32f4xx.o
       292         26          0         24          0       3754   user_diskio.o
      1158        108          0          0          0       6802   w25.o

    ----------------------------------------------------------------------
     40540       5418        728        184      26132    1076174   Object Totals
         0          0         32          0          0          0   (incl. Generated)
        50          0          0         20          0          0   (incl. Padding)

    ----------------------------------------------------------------------

      Code (inc. data)   RO Data    RW Data    ZI Data      Debug   Library Member Name

         8          0          0          0          0         68   __main.o
       312          4         17          0          0         92   __printf_flags_wp.o
        14          0          0          0          0         68   __printf_wp.o
         0          0          0          0          0          0   __rtentry.o
        12          0          0          0          0          0   __rtentry2.o
         6          0          0          0          0          0   __rtentry4.o
        52          8          0          0          0          0   __scatter.o
        26          0          0          0          0          0   __scatter_copy.o
        28          0          0          0          0          0   __scatter_zi.o
         6          0          0          0          0          0   _printf_c.o
        44          0          0          0          0        108   _printf_char.o
        48          6          0          0          0         96   _printf_char_common.o
        36          4          0          0          0         80   _printf_char_file.o
         6          0          0          0          0          0   _printf_d.o
       120         16          0          0          0         92   _printf_dec.o
         6          0          0          0          0          0   _printf_f.o
      1054          0          0          0          0        216   _printf_fp_dec.o
       128         16          0          0          0         84   _printf_fp_infnan.o
        88          4         40          0          0         88   _printf_hex_int.o
       178          0          0          0          0         88   _printf_intcommon.o
        78          0          0          0          0        108   _printf_pad.o
         0          0          0          0          0          0   _printf_percent.o
         4          0          0          0          0          0   _printf_percent_end.o
         6          0          0          0          0          0   _printf_s.o
        82          0          0          0          0         80   _printf_str.o
         6          0          0          0          0          0   _printf_x.o
        10          0          0          0          0         68   _sputc.o
        16          0          0          0          0         68   aeabi_memset.o
       228          4        148          0          0         96   bigflt0.o
      1936        128          0          0          0        672   btod.o
        18          0          0          0          0         80   exit.o
         8          0          0          0          0         68   ferror.o
         6          0          0          0          0        152   heapauxi.o
        44         10         28          0          0         76   lc_numeric_c.o
         2          0          0          0          0          0   libinit.o
        22          0          0          0          0          0   libinit2.o
         2          0          0          0          0          0   libshutdown.o
         2          0          0          0          0          0   libshutdown2.o
         8          4          0          0         96         68   libspace.o
        72          0          0          0          0         76   llsdiv.o
       138          0          0          0          0         80   lludiv10.o
       238          0          0          0          0        100   lludivv7m.o
        88          0          0          0          0         76   memcmp.o
        24          4          0          0          0         84   noretval__2printf.o
        40          6          0          0          0         84   noretval__2sprintf.o
         8          4          0          0          0         68   rt_locale_intlibspace.o
        68          0          0          0          0         68   rt_memclr.o
        78          0          0          0          0         80   rt_memclr_w.o
       138          0          0          0          0         68   rt_memcpy_v6.o
       100          0          0          0          0         80   rt_memcpy_w.o
         2          0          0          0          0          0   rtexit.o
        10          0          0          0          0          0   rtexit2.o
        24          0          0          0          0         68   strcat.o
       128          0          0          0          0         68   strcmpv7m.o
        72          0          0          0          0         80   strcpy.o
        62          0          0          0          0         76   strlen.o
        74          0          0          0          0         80   sys_stackheap_outer.o
         2          0          0          0          0         68   use_no_semi.o
         2          0          0          0          0         68   use_no_semi_2.o
        98          4          0          0          0        140   d2f.o
       804         16          0          0          0        368   daddsub_clz.o
       688        140          0          0          0        256   ddiv.o
        90          4          0          0          0        140   dfixu.o
        84          0          0          0          0        232   dflt_clz.o
       156          4          0          0          0        140   dnaninf.o
        12          0          0          0          0        116   dretinf.o
        86          4          0          0          0        132   f2d.o
       134          4          0          0          0        132   ffixll.o
        96          0          0          0          0        132   ffltll_clz.o
       140          4          0          0          0        132   fnaninf.o
        10          0          0          0          0        116   fpinit.o
        10          0          0          0          0        116   fretinf.o
         4          0          0          0          0        116   printf1.o
         0          0          0          0          0          0   usenofp.o
        48          0          0          0          0        124   fpclassify.o

    ----------------------------------------------------------------------
      8496        398        236          0        100       6380   Library Totals
        18          0          3          0          4          0   (incl. Padding)

    ----------------------------------------------------------------------

      Code (inc. data)   RO Data    RW Data    ZI Data      Debug   Library Name

      6018        218        233          0         96       3988   c_w.l
      2412        180          0          0          0       2268   fz_wm.l
        48          0          0          0          0        124   m_wm.l

    ----------------------------------------------------------------------
      8496        398        236          0        100       6380   Library Totals

    ----------------------------------------------------------------------

==============================================================================


      Code (inc. data)   RO Data    RW Data    ZI Data      Debug   

     49036       5816        964        184      26232    1049166   Grand Totals
     49036       5816        964        184      26232    1049166   ELF Image Totals
     49036       5816        964        184          0          0   ROM Totals

==============================================================================

    Total RO  Size (Code + RO Data)                50000 (  48.83kB)
    Total RW  Size (RW Data + ZI Data)             26416 (  25.80kB)
    Total ROM Size (Code + RO Data + RW Data)      50184 (  49.01kB)

==============================================================================

