Component: ARM Compiler 5.06 update 6 (build 750) Tool: armlink [4d35ed]

==============================================================================

Section Cross References

    startup_stm32f429xx.o(STACK) refers (Special) to heapauxi.o(.text) for __use_two_region_memory
    startup_stm32f429xx.o(HEAP) refers (Special) to heapauxi.o(.text) for __use_two_region_memory
    startup_stm32f429xx.o(RESET) refers (Special) to heapauxi.o(.text) for __use_two_region_memory
    startup_stm32f429xx.o(RESET) refers to startup_stm32f429xx.o(STACK) for __initial_sp
    startup_stm32f429xx.o(RESET) refers to startup_stm32f429xx.o(.text) for Reset_Handler
    startup_stm32f429xx.o(RESET) refers to stm32f4xx_it.o(i.NMI_Handler) for NMI_Handler
    startup_stm32f429xx.o(RESET) refers to stm32f4xx_it.o(i.HardFault_Handler) for HardFault_Handler
    startup_stm32f429xx.o(RESET) refers to stm32f4xx_it.o(i.MemManage_Handler) for MemManage_Handler
    startup_stm32f429xx.o(RESET) refers to stm32f4xx_it.o(i.BusFault_Handler) for BusFault_Handler
    startup_stm32f429xx.o(RESET) refers to stm32f4xx_it.o(i.UsageFault_Handler) for UsageFault_Handler
    startup_stm32f429xx.o(RESET) refers to stm32f4xx_it.o(i.SVC_Handler) for SVC_Handler
    startup_stm32f429xx.o(RESET) refers to stm32f4xx_it.o(i.DebugMon_Handler) for DebugMon_Handler
    startup_stm32f429xx.o(RESET) refers to stm32f4xx_it.o(i.PendSV_Handler) for PendSV_Handler
    startup_stm32f429xx.o(RESET) refers to stm32f4xx_it.o(i.SysTick_Handler) for SysTick_Handler
    startup_stm32f429xx.o(RESET) refers to stm32f4xx_it.o(i.EXTI0_IRQHandler) for EXTI0_IRQHandler
    startup_stm32f429xx.o(RESET) refers to stm32f4xx_it.o(i.EXTI1_IRQHandler) for EXTI1_IRQHandler
    startup_stm32f429xx.o(RESET) refers to stm32f4xx_it.o(i.EXTI2_IRQHandler) for EXTI2_IRQHandler
    startup_stm32f429xx.o(RESET) refers to stm32f4xx_it.o(i.EXTI4_IRQHandler) for EXTI4_IRQHandler
    startup_stm32f429xx.o(RESET) refers to stm32f4xx_it.o(i.EXTI9_5_IRQHandler) for EXTI9_5_IRQHandler
    startup_stm32f429xx.o(RESET) refers to stm32f4xx_it.o(i.USART1_IRQHandler) for USART1_IRQHandler
    startup_stm32f429xx.o(RESET) refers to stm32f4xx_it.o(i.DMA2_Stream0_IRQHandler) for DMA2_Stream0_IRQHandler
    startup_stm32f429xx.o(RESET) refers to stm32f4xx_it.o(i.DMA2_Stream2_IRQHandler) for DMA2_Stream2_IRQHandler
    startup_stm32f429xx.o(RESET) refers to stm32f4xx_it.o(i.DMA2_Stream7_IRQHandler) for DMA2_Stream7_IRQHandler
    startup_stm32f429xx.o(.text) refers (Special) to heapauxi.o(.text) for __use_two_region_memory
    startup_stm32f429xx.o(.text) refers to system_stm32f4xx.o(i.SystemInit) for SystemInit
    startup_stm32f429xx.o(.text) refers to __main.o(!!!main) for __main
    startup_stm32f429xx.o(.text) refers to startup_stm32f429xx.o(HEAP) for Heap_Mem
    startup_stm32f429xx.o(.text) refers to startup_stm32f429xx.o(STACK) for Stack_Mem
    console.o(.rev16_text) refers (Special) to use_no_semi_2.o(.text) for __use_no_semihosting
    console.o(.revsh_text) refers (Special) to use_no_semi_2.o(.text) for __use_no_semihosting
    console.o(.rrx_text) refers (Special) to use_no_semi_2.o(.text) for __use_no_semihosting
    console.o(i._sys_exit) refers (Special) to use_no_semi_2.o(.text) for __use_no_semihosting
    console.o(i.cmd_SYSInfo) refers (Special) to use_no_semi_2.o(.text) for __use_no_semihosting
    console.o(i.cmd_SYSInfo) refers to _printf_percent.o(.ARM.Collect$$_printf_percent$$00000000) for _printf_percent
    console.o(i.cmd_SYSInfo) refers to _printf_d.o(.ARM.Collect$$_printf_percent$$00000009) for _printf_d
    console.o(i.cmd_SYSInfo) refers to _printf_dec.o(.text) for _printf_int_dec
    console.o(i.cmd_SYSInfo) refers to _printf_pad.o(.text) for _printf_pre_padding
    console.o(i.cmd_SYSInfo) refers to _printf_s.o(.ARM.Collect$$_printf_percent$$00000014) for _printf_s
    console.o(i.cmd_SYSInfo) refers to _printf_str.o(.text) for _printf_str
    console.o(i.cmd_SYSInfo) refers to _printf_f.o(.ARM.Collect$$_printf_percent$$00000003) for _printf_f
    console.o(i.cmd_SYSInfo) refers to printf1.o(x$fpl$printf1) for _printf_fp_dec
    console.o(i.cmd_SYSInfo) refers to _printf_c.o(.ARM.Collect$$_printf_percent$$00000013) for _printf_c
    console.o(i.cmd_SYSInfo) refers to rt_memcpy_w.o(.text) for __aeabi_memcpy4
    console.o(i.cmd_SYSInfo) refers to noretval__2printf.o(.text) for __2printf
    console.o(i.cmd_SYSInfo) refers to strcmpv7m.o(.text) for strcmp
    console.o(i.cmd_SYSInfo) refers to stm32f4xx_hal_rcc.o(i.HAL_RCC_GetSysClockFreq) for HAL_RCC_GetSysClockFreq
    console.o(i.cmd_SYSInfo) refers to w25.o(i.W25_RdPage) for W25_RdPage
    console.o(i.cmd_SYSInfo) refers to memcmp.o(.text) for memcmp
    console.o(i.cmd_SYSInfo) refers to rtc.o(i.RTC_raw2str) for RTC_raw2str
    console.o(i.cmd_SYSInfo) refers to ltc2944.o(i.LTC_getI) for LTC_getI
    console.o(i.cmd_SYSInfo) refers to ltc2944.o(i.LTC_getV) for LTC_getV
[...]
    HAL_ADC_Start_DMA                        0x080023f1   Thumb Code   352  stm32f4xx_hal_adc.o(i.HAL_ADC_Start_DMA)
    HAL_DMA_Abort                            0x08002575   Thumb Code   170  stm32f4xx_hal_dma.o(i.HAL_DMA_Abort)
    HAL_DMA_Abort_IT                         0x0800261f   Thumb Code    40  stm32f4xx_hal_dma.o(i.HAL_DMA_Abort_IT)
    HAL_DMA_IRQHandler                       0x08002649   Thumb Code   570  stm32f4xx_hal_dma.o(i.HAL_DMA_IRQHandler)
    HAL_DMA_Init                             0x08002889   Thumb Code   232  stm32f4xx_hal_dma.o(i.HAL_DMA_Init)
    HAL_DMA_Start_IT                         0x08002975   Thumb Code   146  stm32f4xx_hal_dma.o(i.HAL_DMA_Start_IT)
    HAL_Delay                                0x08002a09   Thumb Code    36  stm32f4xx_hal.o(i.HAL_Delay)
    HAL_GPIO_EXTI_Callback                   0x08002b21   Thumb Code     2  stm32f4xx_hal_gpio.o(i.HAL_GPIO_EXTI_Callback)
    HAL_GPIO_EXTI_IRQHandler                 0x08002b25   Thumb Code    24  stm32f4xx_hal_gpio.o(i.HAL_GPIO_EXTI_IRQHandler)
    HAL_GPIO_Init                            0x08002b41   Thumb Code   486  stm32f4xx_hal_gpio.o(i.HAL_GPIO_Init)
    HAL_GPIO_WritePin                        0x08002d5d   Thumb Code    12  stm32f4xx_hal_gpio.o(i.HAL_GPIO_WritePin)
    HAL_GetTick                              0x08002d69   Thumb Code     6  stm32f4xx_hal.o(i.HAL_GetTick)
    HAL_IncTick                              0x08002d75   Thumb Code    16  stm32f4xx_hal.o(i.HAL_IncTick)
    HAL_Init                                 0x08002d8d   Thumb Code    54  stm32f4xx_hal.o(i.HAL_Init)
    HAL_InitTick                             0x08002dc9   Thumb Code    64  stm32f4xx_hal.o(i.HAL_InitTick)
    HAL_MspInit                              0x08002e15   Thumb Code    74  stm32f4xx_hal_msp.o(i.HAL_MspInit)
    HAL_NAND_Init                            0x08002e65   Thumb Code   102  stm32f4xx_hal_nand.o(i.HAL_NAND_Init)
    HAL_NAND_MspInit                         0x08002ecb   Thumb Code    10  stm32f4xx_hal_msp.o(i.HAL_NAND_MspInit)
    HAL_NVIC_EnableIRQ                       0x08002ed5   Thumb Code    32  stm32f4xx_hal_cortex.o(i.HAL_NVIC_EnableIRQ)
    HAL_NVIC_SetPriority                     0x08002ef5   Thumb Code   124  stm32f4xx_hal_cortex.o(i.HAL_NVIC_SetPriority)
    HAL_NVIC_SetPriorityGrouping             0x08002f71   Thumb Code    32  stm32f4xx_hal_cortex.o(i.HAL_NVIC_SetPriorityGrouping)
    HAL_PWREx_EnableOverDrive                0x08002f99   Thumb Code   128  stm32f4xx_hal_pwr_ex.o(i.HAL_PWREx_EnableOverDrive)
    HAL_RCC_ClockConfig                      0x08003025   Thumb Code   368  stm32f4xx_hal_rcc.o(i.HAL_RCC_ClockConfig)
    HAL_RCC_GetHCLKFreq                      0x080031a9   Thumb Code     6  stm32f4xx_hal_rcc.o(i.HAL_RCC_GetHCLKFreq)
    HAL_RCC_GetPCLK1Freq                     0x080031b5   Thumb Code    22  stm32f4xx_hal_rcc.o(i.HAL_RCC_GetPCLK1Freq)
    HAL_RCC_GetPCLK2Freq                     0x080031d5   Thumb Code    22  stm32f4xx_hal_rcc.o(i.HAL_RCC_GetPCLK2Freq)
    HAL_RCC_GetSysClockFreq                  0x080031f5   Thumb Code   162  stm32f4xx_hal_rcc.o(i.HAL_RCC_GetSysClockFreq)
    HAL_RCC_OscConfig                        0x080032a5   Thumb Code  1152  stm32f4xx_hal_rcc.o(i.HAL_RCC_OscConfig)
    HAL_SDRAM_Init                           0x0800372d   Thumb Code    64  stm32f4xx_hal_sdram.o(i.HAL_SDRAM_Init)
    HAL_SDRAM_MspInit                        0x0800376d   Thumb Code    10  stm32f4xx_hal_msp.o(i.HAL_SDRAM_MspInit)
    HAL_SD_ConfigWideBusOperation            0x08003779   Thumb Code   164  stm32f4xx_hal_sd.o(i.HAL_SD_ConfigWideBusOperation)
    HAL_SD_GetCardCSD                        0x08003821   Thumb Code   450  stm32f4xx_hal_sd.o(i.HAL_SD_GetCardCSD)
    HAL_SD_GetState                          0x080039e9   Thumb Code     8  stm32f4xx_hal_sd.o(i.HAL_SD_GetState)
    HAL_SD_Init                              0x080039f1   Thumb Code    60  stm32f4xx_hal_sd.o(i.HAL_SD_Init)
    HAL_SD_InitCard                          0x08003a2d   Thumb Code   128  stm32f4xx_hal_sd.o(i.HAL_SD_InitCard)
    HAL_SD_MspInit                           0x08003ab1   Thumb Code   182  stm32f4xx_hal_msp.o(i.HAL_SD_MspInit)
    HAL_SD_ReadBlocks                        0x08003b79   Thumb Code   700  stm32f4xx_hal_sd.o(i.HAL_SD_ReadBlocks)
    HAL_SD_WriteBlocks                       0x08003e39   Thumb Code   590  stm32f4xx_hal_sd.o(i.HAL_SD_WriteBlocks)
    HAL_SPI_Init                             0x0800408d   Thumb Code   140  stm32f4xx_hal_spi.o(i.HAL_SPI_Init)
    HAL_SPI_MspInit                          0x08004119   Thumb Code   336  stm32f4xx_hal_msp.o(i.HAL_SPI_MspInit)
    HAL_SYSTICK_Config                       0x08004285   Thumb Code    52  stm32f4xx_hal_cortex.o(i.HAL_SYSTICK_Config)
    HAL_TIMEx_MasterConfigSynchronization    0x080042b9   Thumb Code   150  stm32f4xx_hal_tim_ex.o(i.HAL_TIMEx_MasterConfigSynchronization)
    HAL_TIM_Base_Init                        0x0800436d   Thumb Code    52  stm32f4xx_hal_tim.o(i.HAL_TIM_Base_Init)
    HAL_TIM_Base_MspInit                     0x080043a1   Thumb Code    44  stm32f4xx_hal_msp.o(i.HAL_TIM_Base_MspInit)
    HAL_TIM_ConfigClockSource                0x080043d5   Thumb Code   264  stm32f4xx_hal_tim.o(i.HAL_TIM_ConfigClockSource)
    HAL_TIM_MspPostInit                      0x080044dd   Thumb Code    84  stm32f4xx_hal_msp.o(i.HAL_TIM_MspPostInit)
    HAL_TIM_PWM_ConfigChannel                0x0800453d   Thumb Code   264  stm32f4xx_hal_tim.o(i.HAL_TIM_PWM_ConfigChannel)
    HAL_TIM_PWM_Init                         0x08004645   Thumb Code    52  stm32f4xx_hal_tim.o(i.HAL_TIM_PWM_Init)
    HAL_TIM_PWM_MspInit                      0x08004679   Thumb Code     2  stm32f4xx_hal_tim.o(i.HAL_TIM_PWM_MspInit)
    HAL_TIM_PWM_Start                        0x0800467d   Thumb Code    80  stm32f4xx_hal_tim.o(i.HAL_TIM_PWM_Start)
    HAL_UART_DMAStop                         0x080046d5   Thumb Code   102  stm32f4xx_hal_uart.o(i.HAL_UART_DMAStop)
    HAL_UART_ErrorCallback                   0x0800473b   Thumb Code     2  stm32f4xx_hal_uart.o(i.HAL_UART_ErrorCallback)
    HAL_UART_IRQHandler                      0x0800473d   Thumb Code   336  stm32f4xx_hal_uart.o(i.HAL_UART_IRQHandler)
    HAL_UART_Init                            0x08004891   Thumb Code   114  stm32f4xx_hal_uart.o(i.HAL_UART_Init)
    HAL_UART_MspInit                         0x08004905   Thumb Code   258  stm32f4xx_hal_msp.o(i.HAL_UART_MspInit)
    HAL_UART_Receive_DMA                     0x08004a21   Thumb Code   182  stm32f4xx_hal_uart.o(i.HAL_UART_Receive_DMA)
    HAL_UART_RxCpltCallback                  0x08004ae5   Thumb Code     2  stm32f4xx_hal_uart.o(i.HAL_UART_RxCpltCallback)
    HAL_UART_RxHalfCpltCallback              0x08004ae7   Thumb Code     2  stm32f4xx_hal_uart.o(i.HAL_UART_RxHalfCpltCallback)
    HAL_UART_Transmit_DMA                    0x08004ae9   Thumb Code   142  stm32f4xx_hal_uart.o(i.HAL_UART_Transmit_DMA)
    HAL_UART_TxCpltCallback                  0x08004b85   Thumb Code     2  stm32f4xx_hal_uart.o(i.HAL_UART_TxCpltCallback)
    HAL_UART_TxHalfCpltCallback              0x08004b87   Thumb Code     2  stm32f4xx_hal_uart.o(i.HAL_UART_TxHalfCpltCallback)
    HardFault_Handler                        0x08004b89   Thumb Code    50  stm32f4xx_it.o(i.HardFault_Handler)
    IMU_Init                                 0x08004e49   Thumb Code   212  mpu.o(i.IMU_Init)
    IMU_exe                                  0x08004f21   Thumb Code   318  imu.o(i.IMU_exe)
    LTC_getI                                 0x08005085   Thumb Code   126  ltc2944.o(i.LTC_getI)
    LTC_getQ                                 0x08005115   Thumb Code   138  ltc2944.o(i.LTC_getQ)
    LTC_getV                                 0x080051b5   Thumb Code   120  ltc2944.o(i.LTC_getV)
    MPU_ID                                   0x0800523d   Thumb Code    34  mpu.o(i.MPU_ID)
    MPU_Rd_Raw                               0x08005265   Thumb Code   126  mpu.o(i.MPU_Rd_Raw)
    MPU_Rd_Reg                               0x080052fd   Thumb Code    38  mpu.o(i.MPU_Rd_Reg)
    MPU_Wr_Reg                               0x08005359   Thumb Code    36  mpu.o(i.MPU_Wr_Reg)
    MPU_isRDY                                0x08005385   Thumb Code     6  mpu.o(i.MPU_isRDY)
    MS_Init                                  0x08005391   Thumb Code    40  ms.o(i.MS_Init)
    MS_Read_Pressure                         0x080053c5   Thumb Code   272  ms.o(i.MS_Read_Pressure)
    MS_Read_Temperature                      0x080054f1   Thumb Code   232  ms.o(i.MS_Read_Temperature)
    MS_TRIG_Pressure                         0x080055f9   Thumb Code    40  ms.o(i.MS_TRIG_Pressure)
    MS_TRIG_Temperature                      0x08005625   Thumb Code    40  ms.o(i.MS_TRIG_Temperature)
    MS_UpdatePROM                            0x08005651   Thumb Code    96  ms.o(i.MS_UpdatePROM)
    MX_FATFS_Init                            0x080057c9   Thumb Code    80  fatfs.o(i.MX_FATFS_Init)
    MemManage_Handler                        0x08005e41   Thumb Code     4  stm32f4xx_it.o(i.MemManage_Handler)
    NAND_ErBlock                             0x08005e45   Thumb Code   106  nand.o(i.NAND_ErBlock)
    NAND_ID                                  0x08005ebd   Thumb Code    50  nand.o(i.NAND_ID)
    NAND_RST                                 0x08005ef9   Thumb Code    32  nand.o(i.NAND_RST)
    NAND_RdPage                              0x08005f21   Thumb Code   166  nand.o(i.NAND_RdPage)
    NAND_Status_70H                          0x08005fd9   Thumb Code    30  nand.o(i.NAND_Status_70H)
    NAND_WrPage                              0x080060ad   Thumb Code   248  nand.o(i.NAND_WrPage)
    NMI_Handler                              0x080061cd   Thumb Code     2  stm32f4xx_it.o(i.NMI_Handler)
    PendSV_Handler                           0x080061cf   Thumb Code     2  stm32f4xx_it.o(i.PendSV_Handler)
    RTC_Get_Date                             0x08006205   Thumb Code    70  rtc.o(i.RTC_Get_Date)
    RTC_Get_Time                             0x08006251   Thumb Code    70  rtc.o(i.RTC_Get_Time)
    RTC_Init                                 0x0800629d   Thumb Code   282  rtc.o(i.RTC_Init)
    RTC_Read_BKR                             0x080063c5   Thumb Code    18  rtc.o(i.RTC_Read_BKR)
    RTC_Set_Date                             0x080063dd   Thumb Code   122  rtc.o(i.RTC_Set_Date)
    RTC_Set_Time                             0x0800645d   Thumb Code   124  rtc.o(i.RTC_Set_Time)
    RTC_raw2str                              0x08006529   Thumb Code   160  rtc.o(i.RTC_raw2str)
    SDIO_ConfigData                          0x08006641   Thumb Code    44  stm32f4xx_ll_sdmmc.o(i.SDIO_ConfigData)
    SDIO_GetCommandResponse                  0x0800666d   Thumb Code     8  stm32f4xx_ll_sdmmc.o(i.SDIO_GetCommandResponse)
    SDIO_GetPowerState                       0x08006675   Thumb Code    10  stm32f4xx_ll_sdmmc.o(i.SDIO_GetPowerState)
    SDIO_GetResponse                         0x0800667f   Thumb Code    12  stm32f4xx_ll_sdmmc.o(i.SDIO_GetResponse)
    SDIO_Init                                0x0800668b   Thumb Code    52  stm32f4xx_ll_sdmmc.o(i.SDIO_Init)
    SDIO_PowerState_ON                       0x080066bf   Thumb Code    18  stm32f4xx_ll_sdmmc.o(i.SDIO_PowerState_ON)
    SDIO_ReadFIFO                            0x080066d1   Thumb Code     8  stm32f4xx_ll_sdmmc.o(i.SDIO_ReadFIFO)
    SDIO_SendCommand                         0x080066d9   Thumb Code    40  stm32f4xx_ll_sdmmc.o(i.SDIO_SendCommand)
    SDIO_WriteFIFO                           0x08006701   Thumb Code    12  stm32f4xx_ll_sdmmc.o(i.SDIO_WriteFIFO)
    SDMMC_CmdAppCommand                      0x0800670d   Thumb Code    56  stm32f4xx_ll_sdmmc.o(i.SDMMC_CmdAppCommand)
    SDMMC_CmdAppOperCommand                  0x08006745   Thumb Code    54  stm32f4xx_ll_sdmmc.o(i.SDMMC_CmdAppOperCommand)
    SDMMC_CmdBlockLength                     0x08006781   Thumb Code    56  stm32f4xx_ll_sdmmc.o(i.SDMMC_CmdBlockLength)
    SDMMC_CmdBusWidth                        0x080067b9   Thumb Code    56  stm32f4xx_ll_sdmmc.o(i.SDMMC_CmdBusWidth)
    SDMMC_CmdGoIdleState                     0x080067f1   Thumb Code    44  stm32f4xx_ll_sdmmc.o(i.SDMMC_CmdGoIdleState)
    SDMMC_CmdOperCond                        0x0800681d   Thumb Code    52  stm32f4xx_ll_sdmmc.o(i.SDMMC_CmdOperCond)
    SDMMC_CmdReadMultiBlock                  0x08006851   Thumb Code    56  stm32f4xx_ll_sdmmc.o(i.SDMMC_CmdReadMultiBlock)
    SDMMC_CmdReadSingleBlock                 0x08006889   Thumb Code    56  stm32f4xx_ll_sdmmc.o(i.SDMMC_CmdReadSingleBlock)
    SDMMC_CmdSelDesel                        0x080068c1   Thumb Code    58  stm32f4xx_ll_sdmmc.o(i.SDMMC_CmdSelDesel)
    SDMMC_CmdSendCID                         0x080068fb   Thumb Code    50  stm32f4xx_ll_sdmmc.o(i.SDMMC_CmdSendCID)
    SDMMC_CmdSendCSD                         0x0800692d   Thumb Code    50  stm32f4xx_ll_sdmmc.o(i.SDMMC_CmdSendCSD)
    SDMMC_CmdSendSCR                         0x0800695f   Thumb Code    56  stm32f4xx_ll_sdmmc.o(i.SDMMC_CmdSendSCR)
    SDMMC_CmdSetRelAdd                       0x08006997   Thumb Code    56  stm32f4xx_ll_sdmmc.o(i.SDMMC_CmdSetRelAdd)
    SDMMC_CmdStopTransfer                    0x080069d1   Thumb Code    54  stm32f4xx_ll_sdmmc.o(i.SDMMC_CmdStopTransfer)
    SDMMC_CmdWriteMultiBlock                 0x08006a0d   Thumb Code    56  stm32f4xx_ll_sdmmc.o(i.SDMMC_CmdWriteMultiBlock)
    SDMMC_CmdWriteSingleBlock                0x08006a45   Thumb Code    56  stm32f4xx_ll_sdmmc.o(i.SDMMC_CmdWriteSingleBlock)
    SD_RdBlock                               0x0800714d   Thumb Code    56  sd.o(i.SD_RdBlock)
    SD_WrBlock                               0x08007259   Thumb Code    56  sd.o(i.SD_WrBlock)
    SD_info                                  0x08007295   Thumb Code   206  sd.o(i.SD_info)
    SRAM_Init                                0x080073a9   Thumb Code   234  sram.o(i.SRAM_Init)
    SVC_Handler                              0x08007499   Thumb Code     2  stm32f4xx_it.o(i.SVC_Handler)
    SYS_STDBY                                0x0800749d   Thumb Code   206  pwr_mgt.o(i.SYS_STDBY)
    SysTick_Handler                          0x08007581   Thumb Code     8  stm32f4xx_it.o(i.SysTick_Handler)
    SystemClock_Config                       0x08007589   Thumb Code   182  main.o(i.SystemClock_Config)
    SystemInit                               0x08007649   Thumb Code    24  system_stm32f4xx.o(i.SystemInit)
    TIM_Base_SetConfig                       0x08007665   Thumb Code   170  stm32f4xx_hal_tim.o(i.TIM_Base_SetConfig)
    TIM_CCxChannelCmd                        0x0800773d   Thumb Code    34  stm32f4xx_hal_tim.o(i.TIM_CCxChannelCmd)
    TIM_ETR_SetConfig                        0x0800775f   Thumb Code    22  stm32f4xx_hal_tim.o(i.TIM_ETR_SetConfig)
    TIM_OC2_SetConfig                        0x080077f9   Thumb Code   114  stm32f4xx_hal_tim.o(i.TIM_OC2_SetConfig)
    USART1_IRQHandler                        0x08007fd5   Thumb Code    56  stm32f4xx_it.o(i.USART1_IRQHandler)
    USER_initialize                          0x0800801d   Thumb Code    12  user_diskio.o(i.USER_initialize)
    USER_ioctl                               0x0800802d   Thumb Code    70  user_diskio.o(i.USER_ioctl)
    USER_read                                0x08008079   Thumb Code    86  user_diskio.o(i.USER_read)
    USER_status                              0x080080d5   Thumb Code    12  user_diskio.o(i.USER_status)
    USER_write                               0x080080e5   Thumb Code    86  user_diskio.o(i.USER_write)
    UsageFault_Handler                       0x08008141   Thumb Code     4  stm32f4xx_it.o(i.UsageFault_Handler)
    W25_ErBlock                              0x080081ad   Thumb Code   118  w25.o(i.W25_ErBlock)
    W25_ID                                   0x08008235   Thumb Code    74  w25.o(i.W25_ID)
    W25_Init                                 0x08008285   Thumb Code    62  w25.o(i.W25_Init)
    W25_RdPage                               0x080082d5   Thumb Code   168  w25.o(i.W25_RdPage)
    W25_STA                                  0x0800838d   Thumb Code   116  w25.o(i.W25_STA)
    W25_WrPage                               0x08008439   Thumb Code   196  w25.o(i.W25_WrPage)
    W25_WrStr                                0x0800850d   Thumb Code   158  w25.o(i.W25_WrStr)
    __ARM_fpclassify                         0x080085ab   Thumb Code    48  fpclassify.o(i.__ARM_fpclassify)
    _is_digit                                0x08008615   Thumb Code    14  __printf_wp.o(i._is_digit)
    _sys_exit                                0x08008623   Thumb Code     4  console.o(i._sys_exit)
    cmd_SYSInfo                              0x080087a9   Thumb Code   336  console.o(i.cmd_SYSInfo)
    cmd_exit                                 0x08008a1d   Thumb Code    20  console.o(i.cmd_exit)
    cmd_flash                                0x08008a61   Thumb Code   304  console.o(i.cmd_flash)
    cmd_help                                 0x08008c91   Thumb Code    76  console.o(i.cmd_help)
    cmd_iic1                                 0x08008d71   Thumb Code   114  console.o(i.cmd_iic1)
    cmd_imu                                  0x08008e71   Thumb Code   146  console.o(i.cmd_imu)
    cmd_mpu                                  0x08008fc1   Thumb Code   262  console.o(i.cmd_mpu)
    cmd_ms                                   0x080091d5   Thumb Code   296  console.o(i.cmd_ms)
    cmd_rtc                                  0x080093fd   Thumb Code   572  console.o(i.cmd_rtc)
    cmd_storage                              0x080097c1   Thumb Code  1780  console.o(i.cmd_storage)
    cmd_w25                                  0x08009eb5   Thumb Code   110  console.o(i.cmd_w25)
    console_exe                              0x08009fc5   Thumb Code   382  console.o(i.console_exe)
    console_log                              0x0800a1c1   Thumb Code   222  console.o(i.console_log)
    console_setflag                          0x0800a341   Thumb Code     8  console.o(i.console_setflag)
    disk_initialize                          0x0800a879   Thumb Code    40  diskio.o(i.disk_initialize)
    disk_ioctl                               0x0800a8a5   Thumb Code    36  diskio.o(i.disk_ioctl)
    disk_read                                0x0800a8cd   Thumb Code    42  diskio.o(i.disk_read)
    disk_status                              0x0800a8fd   Thumb Code    24  diskio.o(i.disk_status)
    disk_write                               0x0800a919   Thumb Code    42  diskio.o(i.disk_write)
    f_close                                  0x0800a971   Thumb Code    44  ff.o(i.f_close)
    f_mount                                  0x0800a99d   Thumb Code    92  ff.o(i.f_mount)
    f_open                                   0x0800a9fd   Thumb Code   560  ff.o(i.f_open)
    f_read                                   0x0800ac2d   Thumb Code   428  ff.o(i.f_read)
    f_sync                                   0x0800add9   Thumb Code   160  ff.o(i.f_sync)
    fputc                                    0x0800b21d   Thumb Code    22  console.o(i.fputc)
    get_BAT                                  0x0800b239   Thumb Code   114  pwr_mgt.o(i.get_BAT)
    get_IMU_tmp                              0x0800b2c5   Thumb Code   208  imu.o(i.get_IMU_tmp)
    get_MPU_T                                0x0800b39d   Thumb Code     8  mpu.o(i.get_MPU_T)
    get_fattime                              0x0800b489   Thumb Code    96  fatfs.o(i.get_fattime)
    ltc2944_fixq                             0x0800b639   Thumb Code   296  ltc2944.o(i.ltc2944_fixq)
    ltc2944_init                             0x0800b785   Thumb Code    60  ltc2944.o(i.ltc2944_init)
    ltc2944_setq                             0x0800b7c1   Thumb Code    72  ltc2944.o(i.ltc2944_setq)
    ltc_ack                                  0x0800b809   Thumb Code    32  ltc2944.o(i.ltc_ack)
    main                                     0x0800b829   Thumb Code   208  main.o(i.main)
    mat_add                                  0x0800b925   Thumb Code   150  mat.o(i.mat_add)
    mat_fill                                 0x0800b9c1   Thumb Code    26  mat.o(i.mat_fill)
    mat_init                                 0x0800b9dd   Thumb Code    64  mat.o(i.mat_init)
    mat_mult                                 0x0800ba25   Thumb Code   166  mat.o(i.mat_mult)
    mat_reinit                               0x0800bad1   Thumb Code    64  mat.o(i.mat_reinit)
    mat_unit                                 0x0800bb1d   Thumb Code    68  mat.o(i.mat_unit)
    mst_sync                                 0x0800bbe5   Thumb Code   270  console.o(i.mst_sync)
    mst_upload                               0x0800bd01   Thumb Code    46  console.o(i.mst_upload)
    reset_val                                0x0800bf0d   Thumb Code    28  imu.o(i.reset_val)
    _get_lc_numeric                          0x0800c099   Thumb Code    44  lc_numeric_c.o(locale$$code)
    __aeabi_d2f                              0x0800c0c5   Thumb Code     0  d2f.o(x$fpl$d2f)
    _d2f                                     0x0800c0c5   Thumb Code    98  d2f.o(x$fpl$d2f)
    __aeabi_dadd                             0x0800c129   Thumb Code     0  daddsub_clz.o(x$fpl$dadd)
    _dadd                                    0x0800c129   Thumb Code   332  daddsub_clz.o(x$fpl$dadd)
    __aeabi_ddiv                             0x0800c279   Thumb Code     0  ddiv.o(x$fpl$ddiv)
    _ddiv                                    0x0800c279   Thumb Code   552  ddiv.o(x$fpl$ddiv)
    __aeabi_d2uiz                            0x0800c529   Thumb Code     0  dfixu.o(x$fpl$dfixu)
    _dfixu                                   0x0800c529   Thumb Code    90  dfixu.o(x$fpl$dfixu)
    __aeabi_i2d                              0x0800c583   Thumb Code     0  dflt_clz.o(x$fpl$dflt)
    _dflt                                    0x0800c583   Thumb Code    46  dflt_clz.o(x$fpl$dflt)
    __aeabi_ui2d                             0x0800c5b1   Thumb Code     0  dflt_clz.o(x$fpl$dfltu)
    _dfltu                                   0x0800c5b1   Thumb Code    38  dflt_clz.o(x$fpl$dfltu)
    __aeabi_dmul                             0x0800c5d9   Thumb Code     0  dmul.o(x$fpl$dmul)
    _dmul                                    0x0800c5d9   Thumb Code   332  dmul.o(x$fpl$dmul)
    __fpl_dnaninf                            0x0800c72d   Thumb Code   156  dnaninf.o(x$fpl$dnaninf)
    __fpl_dretinf                            0x0800c7c9   Thumb Code    12  dretinf.o(x$fpl$dretinf)
    __aeabi_dsub                             0x0800c7d5   Thumb Code     0  daddsub_clz.o(x$fpl$dsub)
    _dsub                                    0x0800c7d5   Thumb Code   464  daddsub_clz.o(x$fpl$dsub)
    __aeabi_f2d                              0x0800c9a9   Thumb Code     0  f2d.o(x$fpl$f2d)
    _f2d                                     0x0800c9a9   Thumb Code    86  f2d.o(x$fpl$f2d)
    __aeabi_ul2f                             0x0800c9ff   Thumb Code     0  ffltll_clz.o(x$fpl$ffltll)
    _ll_uto_f                                0x0800c9ff   Thumb Code     6  ffltll_clz.o(x$fpl$ffltll)
    __aeabi_l2f                              0x0800ca05   Thumb Code     0  ffltll_clz.o(x$fpl$ffltll)
    _ll_sto_f                                0x0800ca05   Thumb Code    90  ffltll_clz.o(x$fpl$ffltll)
    __fpl_fnaninf                            0x0800ca5f   Thumb Code   140  fnaninf.o(x$fpl$fnaninf)
    _fp_init                                 0x0800caeb   Thumb Code    10  fpinit.o(x$fpl$fpinit)
    __fplib_config_fpu_vfp                   0x0800caf3   Thumb Code     0  fpinit.o(x$fpl$fpinit)
    __fplib_config_pureend_doubles           0x0800caf3   Thumb Code     0  fpinit.o(x$fpl$fpinit)
    __fpl_fretinf                            0x0800caf5   Thumb Code    10  fretinf.o(x$fpl$fretinf)
    __aeabi_f2lz                             0x0800cb01   Thumb Code     0  ffixll.o(x$fpl$llsfromf)
    _ll_sfrom_f                              0x0800cb01   Thumb Code   134  ffixll.o(x$fpl$llsfromf)
    _printf_fp_dec                           0x0800cb87   Thumb Code     4  printf1.o(x$fpl$printf1)
    __I$use$fp                               0x0800cb8a   Number         0  usenofp.o(x$fpl$usenofp)
    AHBPrescTable                            0x0800cb9c   Data          16  system_stm32f4xx.o(.constdata)
    APBPrescTable                            0x0800cbac   Data           8  system_stm32f4xx.o(.constdata)
    Region$$Table$$Base                      0x0800cd68   Number         0  anon$$obj.o(Region$$Table)
    Region$$Table$$Limit                     0x0800cd88   Number         0  anon$$obj.o(Region$$Table)
    mst_mode                                 0x20000000   Data           1  console.o(.data)
    RX_CNT                                   0x20000001   Data           1  console.o(.data)
    CONSOLE_FLAG                             0x20000002   Data           1  console.o(.data)
    __stdout                                 0x20000004   Data           4  console.o(.data)
    USER_Driver                              0x20000014   Data          20  user_diskio.o(.data)
    retUSER                                  0x20000028   Data           1  fatfs.o(.data)
    USERPath                                 0x20000029   Data           4  fatfs.o(.data)
    Power_ON_Flag                            0x20000030   Data           1  stm32f4xx_it.o(.data)
    uwTick                                   0x20000044   Data           4  stm32f4xx_hal.o(.data)
    uwTickPrio                               0x20000048   Data           4  stm32f4xx_hal.o(.data)
    uwTickFreq                               0x2000004c   Data           1  stm32f4xx_hal.o(.data)
    SystemCoreClock                          0x20000050   Data           4  system_stm32f4xx.o(.data)
    MPU_RDY                                  0x20000054   Data           1  mpu.o(.data)
    MS_dT                                    0x20000060   Data           8  ms.o(.data)
    D1                                       0x20000068   Data           4  ms.o(.data)
    D2                                       0x2000006c   Data           4  ms.o(.data)
    voltage                                  0x20000074   Data           4  ltc2944.o(.data)
    current                                  0x20000078   Data           4  ltc2944.o(.data)
    quantity                                 0x2000007c   Data           4  ltc2944.o(.data)
    current_Mode                             0x20000080   Data           1  ltc2944.o(.data)
    NAND_BSY_WIDTH                           0x20000084   Data           4  nand.o(.data)
    dT                                       0x2000009c   Data           4  imu.o(.data)
    tmp                                      0x200000a0   Data           2  imu.o(.data)
    ram_mat_ptr                              0x200000a4   Data           4  mat.o(.data)
    ram_tmp_ptr                              0x200000a8   Data           4  mat.o(.data)
    mat_ERR                                  0x200000ac   Data          16  mat.o(.data)
    page_buff                                0x200000c4   Data        8629  console.o(.bss)
    page_wbuff                               0x20002279   Data        8629  console.o(.bss)
    RX_BUFF                                  0x2000442e   Data         128  console.o(.bss)
    TX_BUFF                                  0x200044ae   Data         128  console.o(.bss)
    ADC_TMP                                  0x2000452e   Data          32  pwr_mgt.o(.bss)
    hadc1                                    0x20004550   Data          72  main.o(.bss)
    hdma_adc1                                0x20004598   Data          96  main.o(.bss)
    hsd                                      0x200045f8   Data         132  main.o(.bss)
    hspi1                                    0x2000467c   Data          88  main.o(.bss)
    hspi4                                    0x200046d4   Data          88  main.o(.bss)
    hspi5                                    0x2000472c   Data          88  main.o(.bss)
    htim5                                    0x20004784   Data          64  main.o(.bss)
    huart1                                   0x200047c4   Data          64  main.o(.bss)
    hdma_usart1_rx                           0x20004804   Data          96  main.o(.bss)
    hdma_usart1_tx                           0x20004864   Data          96  main.o(.bss)
    hnand1                                   0x200048c4   Data          64  main.o(.bss)
    hsdram1                                  0x20004904   Data          52  main.o(.bss)
    USERFatFS                                0x20004938   Data         560  fatfs.o(.bss)
    USERFile                                 0x20004b68   Data         560  fatfs.o(.bss)
    MS_PROM                                  0x20004e0e   Data          16  ms.o(.bss)
    acc                                      0x20004e48   Data          12  imu.o(.bss)
    gyro                                     0x20004e54   Data          12  imu.o(.bss)
    angel_body                               0x20004e60   Data          12  imu.o(.bss)
    ram_mat                                  0x20004e6c   Data        2048  mat.o(.bss)
    ram_tmp                                  0x2000566c   Data         128  mat.o(.bss)
    disk                                     0x2000570c   Data          12  ff_gen_drv.o(.bss)
    __libspace_start                         0x20005718   Data          96  libspace.o(.bss)
    __temporary_stack_top$libspace           0x20005778   Data           0  libspace.o(.bss)



==============================================================================

Memory Map of the image

  Image Entry point : 0x080001ad

  Load Region LR_IROM1 (Base: 0x08000000, Size: 0x0000ce68, Max: 0x00200000, ABSOLUTE)

    Execution Region ER_IROM1 (Exec base: 0x08000000, Load base: 0x08000000, Size: 0x0000cda4, Max: 0x00200000, ABSOLUTE)

    Exec Addr    Load Addr    Size         Type   Attr      Idx    E Section Name        Object

    0x08000000   0x08000000   0x000001ac   Data   RO            3    RESET               startup_stm32f429xx.o
    0x080001ac   0x080001ac   0x00000008   Code   RO         6363  * !!!main             c_w.l(__main.o)
    0x080001b4   0x080001b4   0x00000034   Code   RO         6631    !!!scatter          c_w.l(__scatter.o)
    0x080001e8   0x080001e8   0x0000001a   Code   RO         6633    !!handler_copy      c_w.l(__scatter_copy.o)
    0x08000202   0x08000202   0x00000002   PAD
    0x08000204   0x08000204   0x0000001c   Code   RO         6635    !!handler_zi        c_w.l(__scatter_zi.o)
    0x08000220   0x08000220   0x00000000   Code   RO         6340    .ARM.Collect$$_printf_percent$$00000000  c_w.l(_printf_percent.o)
    0x08000220   0x08000220   0x00000006   Code   RO         6339    .ARM.Collect$$_printf_percent$$00000003  c_w.l(_printf_f.o)
    0x08000226   0x08000226   0x00000006   Code   RO         6338    .ARM.Collect$$_printf_percent$$00000009  c_w.l(_printf_d.o)
    0x0800022c   0x0800022c   0x00000006   Code   RO         6337    .ARM.Collect$$_printf_percent$$0000000C  c_w.l(_printf_x.o)
    0x08000232   0x08000232   0x00000006   Code   RO         6335    .ARM.Collect$$_printf_percent$$00000013  c_w.l(_printf_c.o)
    0x08000238   0x08000238   0x00000006   Code   RO         6336    .ARM.Collect$$_printf_percent$$00000014  c_w.l(_printf_s.o)
    0x0800023e   0x0800023e   0x00000004   Code   RO         6418    .ARM.Collect$$_printf_percent$$00000017  c_w.l(_printf_percent_end.o)
    0x08000242   0x08000242   0x00000002   Code   RO         6508    .ARM.Collect$$libinit$$00000000  c_w.l(libinit.o)
    0x08000244   0x08000244   0x00000004   Code   RO         6509    .ARM.Collect$$libinit$$00000001  c_w.l(libinit2.o)
    0x08000248   0x08000248   0x00000000   Code   RO         6512    .ARM.Collect$$libinit$$00000004  c_w.l(libinit2.o)
    0x08000248   0x08000248   0x00000000   Code   RO         6515    .ARM.Collect$$libinit$$0000000A  c_w.l(libinit2.o)
    0x08000248   0x08000248   0x00000000   Code   RO         6517    .ARM.Collect$$libinit$$0000000C  c_w.l(libinit2.o)
    0x08000248   0x08000248   0x00000000   Code   RO         6519    .ARM.Collect$$libinit$$0000000E  c_w.l(libinit2.o)
    0x08000248   0x08000248   0x00000006   Code   RO         6520    .ARM.Collect$$libinit$$0000000F  c_w.l(libinit2.o)
    0x0800024e   0x0800024e   0x00000000   Code   RO         6522    .ARM.Collect$$libinit$$00000011  c_w.l(libinit2.o)
    0x0800024e   0x0800024e   0x00000000   Code   RO         6524    .ARM.Collect$$libinit$$00000013  c_w.l(libinit2.o)
    0x0800024e   0x0800024e   0x00000000   Code   RO         6526    .ARM.Collect$$libinit$$00000015  c_w.l(libinit2.o)
    0x0800024e   0x0800024e   0x0000000a   Code   RO         6527    .ARM.Collect$$libinit$$00000016  c_w.l(libinit2.o)
    0x08000258   0x08000258   0x00000000   Code   RO         6528    .ARM.Collect$$libinit$$00000017  c_w.l(libinit2.o)
    0x08000258   0x08000258   0x00000000   Code   RO         6530    .ARM.Collect$$libinit$$00000019  c_w.l(libinit2.o)
    0x08000258   0x08000258   0x00000000   Code   RO         6532    .ARM.Collect$$libinit$$0000001B  c_w.l(libinit2.o)
    0x08000258   0x08000258   0x00000000   Code   RO         6534    .ARM.Collect$$libinit$$0000001D  c_w.l(libinit2.o)
    0x08000258   0x08000258   0x00000000   Code   RO         6536    .ARM.Collect$$libinit$$0000001F  c_w.l(libinit2.o)
    0x08000258   0x08000258   0x00000000   Code   RO         6538    .ARM.Collect$$libinit$$00000021  c_w.l(libinit2.o)
    0x08000258   0x08000258   0x00000000   Code   RO         6540    .ARM.Collect$$libinit$$00000023  c_w.l(libinit2.o)
    0x08000258   0x08000258   0x00000000   Code   RO         6542    .ARM.Collect$$libinit$$00000025  c_w.l(libinit2.o)
    0x08000258   0x08000258   0x00000000   Code   RO         6546    .ARM.Collect$$libinit$$0000002C  c_w.l(libinit2.o)
    0x08000258   0x08000258   0x00000000   Code   RO         6548    .ARM.Collect$$libinit$$0000002E  c_w.l(libinit2.o)
    0x08000258   0x08000258   0x00000000   Code   RO         6550    .ARM.Collect$$libinit$$00000030  c_w.l(libinit2.o)
    0x08000258   0x08000258   0x00000000   Code   RO         6552    .ARM.Collect$$libinit$$00000032  c_w.l(libinit2.o)
    0x08000258   0x08000258   0x00000002   Code   RO         6553    .ARM.Collect$$libinit$$00000033  c_w.l(libinit2.o)
    0x0800025a   0x0800025a   0x00000002   Code   RO         6595    .ARM.Collect$$libshutdown$$00000000  c_w.l(libshutdown.o)
    0x0800025c   0x0800025c   0x00000000   Code   RO         6614    .ARM.Collect$$libshutdown$$00000002  c_w.l(libshutdown2.o)
    0x0800025c   0x0800025c   0x00000000   Code   RO         6616    .ARM.Collect$$libshutdown$$00000004  c_w.l(libshutdown2.o)
    0x0800025c   0x0800025c   0x00000000   Code   RO         6619    .ARM.Collect$$libshutdown$$00000007  c_w.l(libshutdown2.o)
    0x0800025c   0x0800025c   0x00000000   Code   RO         6622    .ARM.Collect$$libshutdown$$0000000A  c_w.l(libshutdown2.o)
    0x0800025c   0x0800025c   0x00000000   Code   RO         6624    .ARM.Collect$$libshutdown$$0000000C  c_w.l(libshutdown2.o)
    0x0800025c   0x0800025c   0x00000000   Code   RO         6627    .ARM.Collect$$libshutdown$$0000000F  c_w.l(libshutdown2.o)
    0x0800025c   0x0800025c   0x00000002   Code   RO         6628    .ARM.Collect$$libshutdown$$00000010  c_w.l(libshutdown2.o)
    0x0800025e   0x0800025e   0x00000000   Code   RO         6401    .ARM.Collect$$rtentry$$00000000  c_w.l(__rtentry.o)
    0x0800025e   0x0800025e   0x00000000   Code   RO         6429    .ARM.Collect$$rtentry$$00000002  c_w.l(__rtentry2.o)
    0x0800025e   0x0800025e   0x00000006   Code   RO         6441    .ARM.Collect$$rtentry$$00000004  c_w.l(__rtentry4.o)
    0x08000264   0x08000264   0x00000000   Code   RO         6431    .ARM.Collect$$rtentry$$00000009  c_w.l(__rtentry2.o)
    0x08000264   0x08000264   0x00000004   Code   RO         6432    .ARM.Collect$$rtentry$$0000000A  c_w.l(__rtentry2.o)
    0x08000268   0x08000268   0x00000000   Code   RO         6434    .ARM.Collect$$rtentry$$0000000C  c_w.l(__rtentry2.o)
    0x08000268   0x08000268   0x00000008   Code   RO         6435    .ARM.Collect$$rtentry$$0000000D  c_w.l(__rtentry2.o)
    0x08000270   0x08000270   0x00000002   Code   RO         6554    .ARM.Collect$$rtexit$$00000000  c_w.l(rtexit.o)
    0x08000272   0x08000272   0x00000000   Code   RO         6567    .ARM.Collect$$rtexit$$00000002  c_w.l(rtexit2.o)
    0x08000272   0x08000272   0x00000004   Code   RO         6568    .ARM.Collect$$rtexit$$00000003  c_w.l(rtexit2.o)
    0x08000276   0x08000276   0x00000006   Code   RO         6569    .ARM.Collect$$rtexit$$00000004  c_w.l(rtexit2.o)
    0x0800027c   0x0800027c   0x00000040   Code   RO            4    .text               startup_stm32f429xx.o
    0x080002bc   0x080002bc   0x00000002   Code   RO         6272    .text               c_w.l(use_no_semi_2.o)
    0x080002be   0x080002be   0x000000ee   Code   RO         6274    .text               c_w.l(lludivv7m.o)
    0x080003ac   0x080003ac   0x00000048   Code   RO         6276    .text               c_w.l(llsdiv.o)
    0x080003f4   0x080003f4   0x00000018   Code   RO         6282    .text               c_w.l(noretval__2printf.o)
    0x0800040c   0x0800040c   0x00000028   Code   RO         6284    .text               c_w.l(noretval__2sprintf.o)
    0x08000434   0x08000434   0x0000004e   Code   RO         6288    .text               c_w.l(_printf_pad.o)
    0x08000482   0x08000482   0x00000052   Code   RO         6290    .text               c_w.l(_printf_str.o)
    0x080004d4   0x080004d4   0x00000078   Code   RO         6292    .text               c_w.l(_printf_dec.o)
    0x0800054c   0x0800054c   0x00000058   Code   RO         6297    .text               c_w.l(_printf_hex_int.o)
    0x080005a4   0x080005a4   0x00000138   Code   RO         6327    .text               c_w.l(__printf_flags_wp.o)
    0x080006dc   0x080006dc   0x00000058   Code   RO         6341    .text               c_w.l(memcmp.o)
    0x08000734   0x08000734   0x00000048   Code   RO         6343    .text               c_w.l(strcpy.o)
    0x0800077c   0x0800077c   0x0000003e   Code   RO         6345    .text               c_w.l(strlen.o)
    0x080007ba   0x080007ba   0x00000018   Code   RO         6347    .text               c_w.l(strcat.o)
    0x080007d2   0x080007d2   0x0000008a   Code   RO         6349    .text               c_w.l(rt_memcpy_v6.o)
    0x0800085c   0x0800085c   0x00000064   Code   RO         6351    .text               c_w.l(rt_memcpy_w.o)
    0x080008c0   0x080008c0   0x00000010   Code   RO         6353    .text               c_w.l(aeabi_memset.o)
    0x080008d0   0x080008d0   0x00000044   Code   RO         6355    .text               c_w.l(rt_memclr.o)
    0x08000914   0x08000914   0x0000004e   Code   RO         6357    .text               c_w.l(rt_memclr_w.o)
    0x08000962   0x08000962   0x00000002   PAD
    0x08000964   0x08000964   0x00000080   Code   RO         6359    .text               c_w.l(strcmpv7m.o)
    0x080009e4   0x080009e4   0x00000006   Code   RO         6361    .text               c_w.l(heapauxi.o)
    0x080009ea   0x080009ea   0x00000002   Code   RO         6399    .text               c_w.l(use_no_semi.o)
    0x080009ec   0x080009ec   0x000000b2   Code   RO         6406    .text               c_w.l(_printf_intcommon.o)
    0x08000a9e   0x08000a9e   0x0000041e   Code   RO         6408    .text               c_w.l(_printf_fp_dec.o)
    0x08000ebc   0x08000ebc   0x00000030   Code   RO         6410    .text               c_w.l(_printf_char_common.o)
    0x08000eec   0x08000eec   0x0000000a   Code   RO         6412    .text               c_w.l(_sputc.o)
    0x08000ef6   0x08000ef6   0x0000002c   Code   RO         6414    .text               c_w.l(_printf_char.o)
    0x08000f22   0x08000f22   0x00000002   PAD
    0x08000f24   0x08000f24   0x00000024   Code   RO         6416    .text               c_w.l(_printf_char_file.o)
    0x08000f48   0x08000f48   0x00000008   Code   RO         6448    .text               c_w.l(rt_locale_intlibspace.o)
    0x08000f50   0x08000f50   0x0000008a   Code   RO         6450    .text               c_w.l(lludiv10.o)
    0x08000fda   0x08000fda   0x00000002   PAD
    0x08000fdc   0x08000fdc   0x00000080   Code   RO         6452    .text               c_w.l(_printf_fp_infnan.o)
    0x0800105c   0x0800105c   0x000000e4   Code   RO         6456    .text               c_w.l(bigflt0.o)
    0x08001140   0x08001140   0x00000008   Code   RO         6481    .text               c_w.l(ferror.o)
    0x08001148   0x08001148   0x00000008   Code   RO         6492    .text               c_w.l(libspace.o)
    0x08001150   0x08001150   0x0000004a   Code   RO         6495    .text               c_w.l(sys_stackheap_outer.o)
    0x0800119a   0x0800119a   0x00000012   Code   RO         6497    .text               c_w.l(exit.o)
    0x080011ac   0x080011ac   0x0000003e   Code   RO         6459    CL$$btod_d2e        c_w.l(btod.o)
    0x080011ea   0x080011ea   0x00000046   Code   RO         6461    CL$$btod_d2e_denorm_low  c_w.l(btod.o)
    0x08001230   0x08001230   0x00000060   Code   RO         6460    CL$$btod_d2e_norm_op1  c_w.l(btod.o)
    0x08001290   0x08001290   0x00000338   Code   RO         6469    CL$$btod_div_common  c_w.l(btod.o)
    0x080015c8   0x080015c8   0x000000dc   Code   RO         6466    CL$$btod_e2e        c_w.l(btod.o)
    0x080016a4   0x080016a4   0x0000002a   Code   RO         6463    CL$$btod_ediv       c_w.l(btod.o)
    0x080016ce   0x080016ce   0x0000002a   Code   RO         6462    CL$$btod_emul       c_w.l(btod.o)
    0x080016f8   0x080016f8   0x00000244   Code   RO         6468    CL$$btod_mult_common  c_w.l(btod.o)
    0x0800193c   0x0800193c   0x0000007e   Code   RO          869    i.ADC_DMAConvCplt   stm32f4xx_hal_adc.o
    0x080019ba   0x080019ba   0x0000001a   Code   RO          870    i.ADC_DMAError      stm32f4xx_hal_adc.o
    0x080019d4   0x080019d4   0x0000000e   Code   RO          871    i.ADC_DMAHalfConvCplt  stm32f4xx_hal_adc.o
    0x080019e2   0x080019e2   0x00000002   PAD
    0x080019e4   0x080019e4   0x00000160   Code   RO          872    i.ADC_Init          stm32f4xx_hal_adc.o
    0x08001b44   0x08001b44   0x00000004   Code   RO          602    i.BusFault_Handler  stm32f4xx_it.o
    0x08001b48   0x08001b48   0x00000010   Code   RO          603    i.DMA2_Stream0_IRQHandler  stm32f4xx_it.o
    0x08001b58   0x08001b58   0x00000010   Code   RO          604    i.DMA2_Stream2_IRQHandler  stm32f4xx_it.o
    0x08001b68   0x08001b68   0x00000024   Code   RO          605    i.DMA2_Stream7_IRQHandler  stm32f4xx_it.o
    0x08001b8c   0x08001b8c   0x00000034   Code   RO         1705    i.DMA_CalcBaseAndBitshift  stm32f4xx_hal_dma.o
    0x08001bc0   0x08001bc0   0x000000aa   Code   RO         1706    i.DMA_CheckFifoParam  stm32f4xx_hal_dma.o
    0x08001c6a   0x08001c6a   0x0000002c   Code   RO         1707    i.DMA_SetConfig     stm32f4xx_hal_dma.o
    0x08001c96   0x08001c96   0x00000002   Code   RO          606    i.DebugMon_Handler  stm32f4xx_it.o
    0x08001c98   0x08001c98   0x00000060   Code   RO          607    i.EXTI0_IRQHandler  stm32f4xx_it.o
    0x08001cf8   0x08001cf8   0x00000040   Code   RO          608    i.EXTI1_IRQHandler  stm32f4xx_it.o
    0x08001d38   0x08001d38   0x00000040   Code   RO          609    i.EXTI2_IRQHandler  stm32f4xx_it.o
    0x08001d78   0x08001d78   0x000000bc   Code   RO          610    i.EXTI4_IRQHandler  stm32f4xx_it.o
    0x08001e34   0x08001e34   0x00000084   Code   RO          611    i.EXTI9_5_IRQHandler  stm32f4xx_it.o
    0x08001eb8   0x08001eb8   0x00000024   Code   RO          378    i.Error_Handler     main.o
    0x08001edc   0x08001edc   0x00000012   Code   RO         6199    i.FATFS_LinkDriver  ff_gen_drv.o
    0x08001eee   0x08001eee   0x00000002   PAD
    0x08001ef0   0x08001ef0   0x00000054   Code   RO         6200    i.FATFS_LinkDriverEx  ff_gen_drv.o
    0x08001f44   0x08001f44   0x00000036   Code   RO         2413    i.FMC_NAND_AttributeSpace_Timing_Init  stm32f4xx_ll_fmc.o
    0x08001f7a   0x08001f7a   0x00000036   Code   RO         2414    i.FMC_NAND_CommonSpace_Timing_Init  stm32f4xx_ll_fmc.o
    0x08001fb0   0x08001fb0   0x0000004c   Code   RO         2419    i.FMC_NAND_Init     stm32f4xx_ll_fmc.o
    0x08001ffc   0x08001ffc   0x00000074   Code   RO         2433    i.FMC_SDRAM_Init    stm32f4xx_ll_fmc.o
    0x08002070   0x08002070   0x00000052   Code   RO         2435    i.FMC_SDRAM_SendCommand  stm32f4xx_ll_fmc.o
    0x080020c2   0x080020c2   0x00000002   PAD
    0x080020c4   0x080020c4   0x0000009c   Code   RO         2437    i.FMC_SDRAM_Timing_Init  stm32f4xx_ll_fmc.o
    0x08002160   0x08002160   0x000001a4   Code   RO          874    i.HAL_ADC_ConfigChannel  stm32f4xx_hal_adc.o
    0x08002304   0x08002304   0x00000002   Code   RO          875    i.HAL_ADC_ConvCpltCallback  stm32f4xx_hal_adc.o
    0x08002306   0x08002306   0x00000002   Code   RO          876    i.HAL_ADC_ConvHalfCpltCallback  stm32f4xx_hal_adc.o
    0x08002308   0x08002308   0x00000002   Code   RO          878    i.HAL_ADC_ErrorCallback  stm32f4xx_hal_adc.o
    0x0800230a   0x0800230a   0x00000002   PAD
    0x0800230c   0x0800230c   0x00000068   Code   RO          883    i.HAL_ADC_Init      stm32f4xx_hal_adc.o
    0x08002374   0x08002374   0x0000007c   Code   RO          743    i.HAL_ADC_MspInit   stm32f4xx_hal_msp.o
    0x080023f0   0x080023f0   0x00000184   Code   RO          890    i.HAL_ADC_Start_DMA  stm32f4xx_hal_adc.o
    0x08002574   0x08002574   0x000000aa   Code   RO         1708    i.HAL_DMA_Abort     stm32f4xx_hal_dma.o
    0x0800261e   0x0800261e   0x00000028   Code   RO         1709    i.HAL_DMA_Abort_IT  stm32f4xx_hal_dma.o
    0x08002646   0x08002646   0x00000002   PAD
    0x08002648   0x08002648   0x00000240   Code   RO         1713    i.HAL_DMA_IRQHandler  stm32f4xx_hal_dma.o
    0x08002888   0x08002888   0x000000ec   Code   RO         1714    i.HAL_DMA_Init      stm32f4xx_hal_dma.o
    0x08002974   0x08002974   0x00000092   Code   RO         1718    i.HAL_DMA_Start_IT  stm32f4xx_hal_dma.o
    0x08002a06   0x08002a06   0x00000002   PAD
    0x08002a08   0x08002a08   0x00000028   Code   RO         2150    i.HAL_Delay         stm32f4xx_hal.o
    0x08002a30   0x08002a30   0x000000f0   Code   RO          745    i.HAL_FMC_MspInit   stm32f4xx_hal_msp.o
    0x08002b20   0x08002b20   0x00000002   Code   RO         1599    i.HAL_GPIO_EXTI_Callback  stm32f4xx_hal_gpio.o
    0x08002b22   0x08002b22   0x00000002   PAD
    0x08002b24   0x08002b24   0x0000001c   Code   RO         1600    i.HAL_GPIO_EXTI_IRQHandler  stm32f4xx_hal_gpio.o
    0x08002b40   0x08002b40   0x0000021c   Code   RO         1601    i.HAL_GPIO_Init     stm32f4xx_hal_gpio.o
    0x08002d5c   0x08002d5c   0x0000000c   Code   RO         1605    i.HAL_GPIO_WritePin  stm32f4xx_hal_gpio.o
    0x08002d68   0x08002d68   0x0000000c   Code   RO         2158    i.HAL_GetTick       stm32f4xx_hal.o
    0x08002d74   0x08002d74   0x00000018   Code   RO         2164    i.HAL_IncTick       stm32f4xx_hal.o
    0x08002d8c   0x08002d8c   0x0000003c   Code   RO         2165    i.HAL_Init          stm32f4xx_hal.o
    0x08002dc8   0x08002dc8   0x0000004c   Code   RO         2166    i.HAL_InitTick      stm32f4xx_hal.o
    0x08002e14   0x08002e14   0x00000050   Code   RO          746    i.HAL_MspInit       stm32f4xx_hal_msp.o
    0x08002e64   0x08002e64   0x00000066   Code   RO         2603    i.HAL_NAND_Init     stm32f4xx_hal_nand.o
    0x08002eca   0x08002eca   0x0000000a   Code   RO          748    i.HAL_NAND_MspInit  stm32f4xx_hal_msp.o
    0x08002ed4   0x08002ed4   0x00000020   Code   RO         2008    i.HAL_NVIC_EnableIRQ  stm32f4xx_hal_cortex.o
    0x08002ef4   0x08002ef4   0x0000007c   Code   RO         2014    i.HAL_NVIC_SetPriority  stm32f4xx_hal_cortex.o
    0x08002f70   0x08002f70   0x00000028   Code   RO         2015    i.HAL_NVIC_SetPriorityGrouping  stm32f4xx_hal_cortex.o
    0x08002f98   0x08002f98   0x0000008c   Code   RO         1937    i.HAL_PWREx_EnableOverDrive  stm32f4xx_hal_pwr_ex.o
    0x08003024   0x08003024   0x00000184   Code   RO         1145    i.HAL_RCC_ClockConfig  stm32f4xx_hal_rcc.o
    0x080031a8   0x080031a8   0x0000000c   Code   RO         1150    i.HAL_RCC_GetHCLKFreq  stm32f4xx_hal_rcc.o
    0x080031b4   0x080031b4   0x00000020   Code   RO         1152    i.HAL_RCC_GetPCLK1Freq  stm32f4xx_hal_rcc.o
    0x080031d4   0x080031d4   0x00000020   Code   RO         1153    i.HAL_RCC_GetPCLK2Freq  stm32f4xx_hal_rcc.o
    0x080031f4   0x080031f4   0x000000b0   Code   RO         1154    i.HAL_RCC_GetSysClockFreq  stm32f4xx_hal_rcc.o
    0x080032a4   0x080032a4   0x00000488   Code   RO         1157    i.HAL_RCC_OscConfig  stm32f4xx_hal_rcc.o
    0x0800372c   0x0800372c   0x00000040   Code   RO         2761    i.HAL_SDRAM_Init    stm32f4xx_hal_sdram.o
    0x0800376c   0x0800376c   0x0000000a   Code   RO          750    i.HAL_SDRAM_MspInit  stm32f4xx_hal_msp.o
    0x08003776   0x08003776   0x00000002   PAD
    0x08003778   0x08003778   0x000000a8   Code   RO         3190    i.HAL_SD_ConfigWideBusOperation  stm32f4xx_hal_sd.o
    0x08003820   0x08003820   0x000001c8   Code   RO         3195    i.HAL_SD_GetCardCSD  stm32f4xx_hal_sd.o
    0x080039e8   0x080039e8   0x00000008   Code   RO         3200    i.HAL_SD_GetState   stm32f4xx_hal_sd.o
    0x080039f0   0x080039f0   0x0000003c   Code   RO         3202    i.HAL_SD_Init       stm32f4xx_hal_sd.o
    0x08003a2c   0x08003a2c   0x00000084   Code   RO         3203    i.HAL_SD_InitCard   stm32f4xx_hal_sd.o
    0x08003ab0   0x08003ab0   0x000000c8   Code   RO          752    i.HAL_SD_MspInit    stm32f4xx_hal_msp.o
    0x08003b78   0x08003b78   0x000002c0   Code   RO         3206    i.HAL_SD_ReadBlocks  stm32f4xx_hal_sd.o
    0x08003e38   0x08003e38   0x00000254   Code   RO         3211    i.HAL_SD_WriteBlocks  stm32f4xx_hal_sd.o
    0x0800408c   0x0800408c   0x0000008c   Code   RO         3453    i.HAL_SPI_Init      stm32f4xx_hal_spi.o
    0x08004118   0x08004118   0x0000016c   Code   RO          754    i.HAL_SPI_MspInit   stm32f4xx_hal_msp.o
    0x08004284   0x08004284   0x00000034   Code   RO         2019    i.HAL_SYSTICK_Config  stm32f4xx_hal_cortex.o
    0x080042b8   0x080042b8   0x000000b4   Code   RO         4470    i.HAL_TIMEx_MasterConfigSynchronization  stm32f4xx_hal_tim_ex.o
    0x0800436c   0x0800436c   0x00000034   Code   RO         3766    i.HAL_TIM_Base_Init  stm32f4xx_hal_tim.o
    0x080043a0   0x080043a0   0x00000034   Code   RO          756    i.HAL_TIM_Base_MspInit  stm32f4xx_hal_msp.o
    0x080043d4   0x080043d4   0x00000108   Code   RO         3775    i.HAL_TIM_ConfigClockSource  stm32f4xx_hal_tim.o
    0x080044dc   0x080044dc   0x00000060   Code   RO          757    i.HAL_TIM_MspPostInit  stm32f4xx_hal_msp.o
    0x0800453c   0x0800453c   0x00000108   Code   RO         3833    i.HAL_TIM_PWM_ConfigChannel  stm32f4xx_hal_tim.o
    0x08004644   0x08004644   0x00000034   Code   RO         3836    i.HAL_TIM_PWM_Init  stm32f4xx_hal_tim.o
    0x08004678   0x08004678   0x00000002   Code   RO         3838    i.HAL_TIM_PWM_MspInit  stm32f4xx_hal_tim.o
    0x0800467a   0x0800467a   0x00000002   PAD
    0x0800467c   0x0800467c   0x00000058   Code   RO         3841    i.HAL_TIM_PWM_Start  stm32f4xx_hal_tim.o
    0x080046d4   0x080046d4   0x00000066   Code   RO         4722    i.HAL_UART_DMAStop  stm32f4xx_hal_uart.o
    0x0800473a   0x0800473a   0x00000002   Code   RO         4724    i.HAL_UART_ErrorCallback  stm32f4xx_hal_uart.o
    0x0800473c   0x0800473c   0x00000154   Code   RO         4727    i.HAL_UART_IRQHandler  stm32f4xx_hal_uart.o
    0x08004890   0x08004890   0x00000072   Code   RO         4728    i.HAL_UART_Init     stm32f4xx_hal_uart.o
    0x08004902   0x08004902   0x00000002   PAD
    0x08004904   0x08004904   0x0000011c   Code   RO          759    i.HAL_UART_MspInit  stm32f4xx_hal_msp.o
    0x08004a20   0x08004a20   0x000000c4   Code   RO         4732    i.HAL_UART_Receive_DMA  stm32f4xx_hal_uart.o
    0x08004ae4   0x08004ae4   0x00000002   Code   RO         4734    i.HAL_UART_RxCpltCallback  stm32f4xx_hal_uart.o
    0x08004ae6   0x08004ae6   0x00000002   Code   RO         4735    i.HAL_UART_RxHalfCpltCallback  stm32f4xx_hal_uart.o
    0x08004ae8   0x08004ae8   0x0000009c   Code   RO         4737    i.HAL_UART_Transmit_DMA  stm32f4xx_hal_uart.o
    0x08004b84   0x08004b84   0x00000002   Code   RO         4739    i.HAL_UART_TxCpltCallback  stm32f4xx_hal_uart.o
    0x08004b86   0x08004b86   0x00000002   Code   RO         4740    i.HAL_UART_TxHalfCpltCallback  stm32f4xx_hal_uart.o
    0x08004b88   0x08004b88   0x00000054   Code   RO          612    i.HardFault_Handler  stm32f4xx_it.o
    0x08004bdc   0x08004bdc   0x00000050   Code   RO         5404    i.IIC1_Ack          ltc2944.o
    0x08004c2c   0x08004c2c   0x00000050   Code   RO         5405    i.IIC1_NAck         ltc2944.o
    0x08004c7c   0x08004c7c   0x0000006c   Code   RO         5406    i.IIC1_Read_Byte    ltc2944.o
    0x08004ce8   0x08004ce8   0x00000068   Code   RO         5407    i.IIC1_Send_Byte    ltc2944.o
    0x08004d50   0x08004d50   0x0000004c   Code   RO         5408    i.IIC1_Start        ltc2944.o
    0x08004d9c   0x08004d9c   0x0000004c   Code   RO         5409    i.IIC1_Stop         ltc2944.o
    0x08004de8   0x08004de8   0x00000060   Code   RO         5410    i.IIC1_Wait_Ack     ltc2944.o
    0x08004e48   0x08004e48   0x000000d8   Code   RO         5071    i.IMU_Init          mpu.o
    0x08004f20   0x08004f20   0x00000164   Code   RO         5674    i.IMU_exe           imu.o
    0x08005084   0x08005084   0x00000090   Code   RO         5411    i.LTC_getI          ltc2944.o
    0x08005114   0x08005114   0x000000a0   Code   RO         5412    i.LTC_getQ          ltc2944.o
    0x080051b4   0x080051b4   0x00000088   Code   RO         5413    i.LTC_getV          ltc2944.o
    0x0800523c   0x0800523c   0x00000028   Code   RO         5072    i.MPU_ID            mpu.o
    0x08005264   0x08005264   0x00000098   Code   RO         5073    i.MPU_Rd_Raw        mpu.o
    0x080052fc   0x080052fc   0x00000030   Code   RO         5074    i.MPU_Rd_Reg        mpu.o
    0x0800532c   0x0800532c   0x0000002c   Code   RO         5075    i.MPU_WRByte        mpu.o
    0x08005358   0x08005358   0x0000002c   Code   RO         5076    i.MPU_Wr_Reg        mpu.o
    0x08005384   0x08005384   0x0000000c   Code   RO         5077    i.MPU_isRDY         mpu.o
    0x08005390   0x08005390   0x00000034   Code   RO         5144    i.MS_Init           ms.o
    0x080053c4   0x080053c4   0x0000012c   Code   RO         5145    i.MS_Read_Pressure  ms.o
    0x080054f0   0x080054f0   0x00000108   Code   RO         5146    i.MS_Read_Temperature  ms.o
    0x080055f8   0x080055f8   0x0000002c   Code   RO         5147    i.MS_TRIG_Pressure  ms.o
    0x08005624   0x08005624   0x0000002c   Code   RO         5148    i.MS_TRIG_Temperature  ms.o
    0x08005650   0x08005650   0x0000006c   Code   RO         5149    i.MS_UpdatePROM     ms.o
    0x080056bc   0x080056bc   0x00000040   Code   RO         5150    i.MS_WRByte         ms.o
    0x080056fc   0x080056fc   0x00000074   Code   RO          379    i.MX_ADC1_Init      main.o
    0x08005770   0x08005770   0x00000058   Code   RO          380    i.MX_DMA_Init       main.o
    0x080057c8   0x080057c8   0x00000070   Code   RO          565    i.MX_FATFS_Init     fatfs.o
    0x08005838   0x08005838   0x000000f0   Code   RO          381    i.MX_FMC_Init       main.o
    0x08005928   0x08005928   0x00000328   Code   RO          382    i.MX_GPIO_Init      main.o
    0x08005c50   0x08005c50   0x00000040   Code   RO          383    i.MX_SDIO_SD_Init   main.o
    0x08005c90   0x08005c90   0x00000044   Code   RO          384    i.MX_SPI1_Init      main.o
    0x08005cd4   0x08005cd4   0x00000048   Code   RO          385    i.MX_SPI4_Init      main.o
    0x08005d1c   0x08005d1c   0x00000044   Code   RO          386    i.MX_SPI5_Init      main.o
    0x08005d60   0x08005d60   0x000000a8   Code   RO          387    i.MX_TIM5_Init      main.o
    0x08005e08   0x08005e08   0x00000038   Code   RO          388    i.MX_USART1_UART_Init  main.o
    0x08005e40   0x08005e40   0x00000004   Code   RO          613    i.MemManage_Handler  stm32f4xx_it.o
    0x08005e44   0x08005e44   0x00000078   Code   RO         5546    i.NAND_ErBlock      nand.o
    0x08005ebc   0x08005ebc   0x0000003c   Code   RO         5547    i.NAND_ID           nand.o
    0x08005ef8   0x08005ef8   0x00000028   Code   RO         5548    i.NAND_RST          nand.o
    0x08005f20   0x08005f20   0x000000b8   Code   RO         5549    i.NAND_RdPage       nand.o
    0x08005fd8   0x08005fd8   0x00000024   Code   RO         5550    i.NAND_Status_70H   nand.o
    0x08005ffc   0x08005ffc   0x000000b0   Code   RO         5551    i.NAND_WAIT_RB_RISING  nand.o
    0x080060ac   0x080060ac   0x00000120   Code   RO         5552    i.NAND_WrPage       nand.o
    0x080061cc   0x080061cc   0x00000002   Code   RO          614    i.NMI_Handler       stm32f4xx_it.o
    0x080061ce   0x080061ce   0x00000002   Code   RO          615    i.PendSV_Handler    stm32f4xx_it.o
    0x080061d0   0x080061d0   0x00000016   Code   RO         5287    i.RTC_BCD2DEC       rtc.o
    0x080061e6   0x080061e6   0x0000001c   Code   RO         5288    i.RTC_DEC2BCD       rtc.o
    0x08006202   0x08006202   0x00000002   PAD
    0x08006204   0x08006204   0x0000004c   Code   RO         5289    i.RTC_Get_Date      rtc.o
    0x08006250   0x08006250   0x0000004c   Code   RO         5290    i.RTC_Get_Time      rtc.o
    0x0800629c   0x0800629c   0x00000128   Code   RO         5291    i.RTC_Init          rtc.o
    0x080063c4   0x080063c4   0x00000018   Code   RO         5292    i.RTC_Read_BKR      rtc.o
    0x080063dc   0x080063dc   0x00000080   Code   RO         5293    i.RTC_Set_Date      rtc.o
    0x0800645c   0x0800645c   0x00000084   Code   RO         5294    i.RTC_Set_Time      rtc.o
    0x080064e0   0x080064e0   0x00000038   Code   RO         5295    i.RTC_Wait_Synchro  rtc.o
    0x08006518   0x08006518   0x00000010   Code   RO         5296    i.RTC_Write_BKR     rtc.o
    0x08006528   0x08006528   0x00000118   Code   RO         5297    i.RTC_raw2str       rtc.o
    0x08006640   0x08006640   0x0000002c   Code   RO         2911    i.SDIO_ConfigData   stm32f4xx_ll_sdmmc.o
    0x0800666c   0x0800666c   0x00000008   Code   RO         2912    i.SDIO_GetCommandResponse  stm32f4xx_ll_sdmmc.o
    0x08006674   0x08006674   0x0000000a   Code   RO         2915    i.SDIO_GetPowerState  stm32f4xx_ll_sdmmc.o
    0x0800667e   0x0800667e   0x0000000c   Code   RO         2916    i.SDIO_GetResponse  stm32f4xx_ll_sdmmc.o
    0x0800668a   0x0800668a   0x00000034   Code   RO         2917    i.SDIO_Init         stm32f4xx_ll_sdmmc.o
    0x080066be   0x080066be   0x00000012   Code   RO         2919    i.SDIO_PowerState_ON  stm32f4xx_ll_sdmmc.o
    0x080066d0   0x080066d0   0x00000008   Code   RO         2920    i.SDIO_ReadFIFO     stm32f4xx_ll_sdmmc.o
    0x080066d8   0x080066d8   0x00000028   Code   RO         2921    i.SDIO_SendCommand  stm32f4xx_ll_sdmmc.o
    0x08006700   0x08006700   0x0000000c   Code   RO         2923    i.SDIO_WriteFIFO    stm32f4xx_ll_sdmmc.o
    0x0800670c   0x0800670c   0x00000038   Code   RO         2924    i.SDMMC_CmdAppCommand  stm32f4xx_ll_sdmmc.o
    0x08006744   0x08006744   0x0000003c   Code   RO         2925    i.SDMMC_CmdAppOperCommand  stm32f4xx_ll_sdmmc.o
    0x08006780   0x08006780   0x00000038   Code   RO         2926    i.SDMMC_CmdBlockLength  stm32f4xx_ll_sdmmc.o
    0x080067b8   0x080067b8   0x00000038   Code   RO         2927    i.SDMMC_CmdBusWidth  stm32f4xx_ll_sdmmc.o
    0x080067f0   0x080067f0   0x0000002c   Code   RO         2931    i.SDMMC_CmdGoIdleState  stm32f4xx_ll_sdmmc.o
    0x0800681c   0x0800681c   0x00000034   Code   RO         2933    i.SDMMC_CmdOperCond  stm32f4xx_ll_sdmmc.o
    0x08006850   0x08006850   0x00000038   Code   RO         2934    i.SDMMC_CmdReadMultiBlock  stm32f4xx_ll_sdmmc.o
    0x08006888   0x08006888   0x00000038   Code   RO         2935    i.SDMMC_CmdReadSingleBlock  stm32f4xx_ll_sdmmc.o
    0x080068c0   0x080068c0   0x0000003a   Code   RO         2938    i.SDMMC_CmdSelDesel  stm32f4xx_ll_sdmmc.o
    0x080068fa   0x080068fa   0x00000032   Code   RO         2939    i.SDMMC_CmdSendCID  stm32f4xx_ll_sdmmc.o
    0x0800692c   0x0800692c   0x00000032   Code   RO         2940    i.SDMMC_CmdSendCSD  stm32f4xx_ll_sdmmc.o
    0x0800695e   0x0800695e   0x00000038   Code   RO         2941    i.SDMMC_CmdSendSCR  stm32f4xx_ll_sdmmc.o
    0x08006996   0x08006996   0x00000038   Code   RO         2943    i.SDMMC_CmdSetRelAdd  stm32f4xx_ll_sdmmc.o
    0x080069ce   0x080069ce   0x00000002   PAD
    0x080069d0   0x080069d0   0x0000003c   Code   RO         2945    i.SDMMC_CmdStopTransfer  stm32f4xx_ll_sdmmc.o
    0x08006a0c   0x08006a0c   0x00000038   Code   RO         2947    i.SDMMC_CmdWriteMultiBlock  stm32f4xx_ll_sdmmc.o
    0x08006a44   0x08006a44   0x00000038   Code   RO         2948    i.SDMMC_CmdWriteSingleBlock  stm32f4xx_ll_sdmmc.o
    0x08006a7c   0x08006a7c   0x00000040   Code   RO         2949    i.SDMMC_GetCmdError  stm32f4xx_ll_sdmmc.o
    0x08006abc   0x08006abc   0x000001ac   Code   RO         2950    i.SDMMC_GetCmdResp1  stm32f4xx_ll_sdmmc.o
    0x08006c68   0x08006c68   0x00000064   Code   RO         2951    i.SDMMC_GetCmdResp2  stm32f4xx_ll_sdmmc.o
    0x08006ccc   0x08006ccc   0x00000058   Code   RO         2952    i.SDMMC_GetCmdResp3  stm32f4xx_ll_sdmmc.o
    0x08006d24   0x08006d24   0x000000b8   Code   RO         2953    i.SDMMC_GetCmdResp6  stm32f4xx_ll_sdmmc.o
    0x08006ddc   0x08006ddc   0x0000006c   Code   RO         2954    i.SDMMC_GetCmdResp7  stm32f4xx_ll_sdmmc.o
    0x08006e48   0x08006e48   0x00000134   Code   RO         3219    i.SD_FindSCR        stm32f4xx_hal_sd.o
    0x08006f7c   0x08006f7c   0x00000102   Code   RO         3220    i.SD_InitCard       stm32f4xx_hal_sd.o
    0x0800707e   0x0800707e   0x00000002   PAD
    0x08007080   0x08007080   0x000000cc   Code   RO         3222    i.SD_PowerON        stm32f4xx_hal_sd.o
    0x0800714c   0x0800714c   0x0000003c   Code   RO         5639    i.SD_RdBlock        sd.o
    0x08007188   0x08007188   0x00000068   Code   RO         3226    i.SD_WideBus_Disable  stm32f4xx_hal_sd.o
    0x080071f0   0x080071f0   0x00000068   Code   RO         3227    i.SD_WideBus_Enable  stm32f4xx_hal_sd.o
    0x08007258   0x08007258   0x0000003c   Code   RO         5640    i.SD_WrBlock        sd.o
    0x08007294   0x08007294   0x00000114   Code   RO         5641    i.SD_info           sd.o
    0x080073a8   0x080073a8   0x000000f0   Code   RO         5614    i.SRAM_Init         sram.o
    0x08007498   0x08007498   0x00000002   Code   RO          616    i.SVC_Handler       stm32f4xx_it.o
    0x0800749a   0x0800749a   0x00000002   PAD
    0x0800749c   0x0800749c   0x000000e4   Code   RO          338    i.SYS_STDBY         pwr_mgt.o
    0x08007580   0x08007580   0x00000008   Code   RO          617    i.SysTick_Handler   stm32f4xx_it.o
    0x08007588   0x08007588   0x000000c0   Code   RO          389    i.SystemClock_Config  main.o
    0x08007648   0x08007648   0x0000001c   Code   RO         5035    i.SystemInit        system_stm32f4xx.o
    0x08007664   0x08007664   0x000000d8   Code   RO         3854    i.TIM_Base_SetConfig  stm32f4xx_hal_tim.o
    0x0800773c   0x0800773c   0x00000022   Code   RO         3855    i.TIM_CCxChannelCmd  stm32f4xx_hal_tim.o
    0x0800775e   0x0800775e   0x00000016   Code   RO         3865    i.TIM_ETR_SetConfig  stm32f4xx_hal_tim.o
    0x08007774   0x08007774   0x00000012   Code   RO         3866    i.TIM_ITRx_SetConfig  stm32f4xx_hal_tim.o
    0x08007786   0x08007786   0x00000002   PAD
    0x08007788   0x08007788   0x00000070   Code   RO         3867    i.TIM_OC1_SetConfig  stm32f4xx_hal_tim.o
    0x080077f8   0x080077f8   0x0000007c   Code   RO         3868    i.TIM_OC2_SetConfig  stm32f4xx_hal_tim.o
    0x08007874   0x08007874   0x00000078   Code   RO         3869    i.TIM_OC3_SetConfig  stm32f4xx_hal_tim.o
    0x080078ec   0x080078ec   0x00000054   Code   RO         3870    i.TIM_OC4_SetConfig  stm32f4xx_hal_tim.o
    0x08007940   0x08007940   0x00000026   Code   RO         3872    i.TIM_TI1_ConfigInputStage  stm32f4xx_hal_tim.o
    0x08007966   0x08007966   0x00000028   Code   RO         3874    i.TIM_TI2_ConfigInputStage  stm32f4xx_hal_tim.o
    0x0800798e   0x0800798e   0x00000014   Code   RO         4741    i.UART_DMAAbortOnError  stm32f4xx_hal_uart.o
    0x080079a2   0x080079a2   0x00000050   Code   RO         4742    i.UART_DMAError     stm32f4xx_hal_uart.o
    0x080079f2   0x080079f2   0x00000046   Code   RO         4743    i.UART_DMAReceiveCplt  stm32f4xx_hal_uart.o
    0x08007a38   0x08007a38   0x0000000e   Code   RO         4745    i.UART_DMARxHalfCplt  stm32f4xx_hal_uart.o
    0x08007a46   0x08007a46   0x00000036   Code   RO         4747    i.UART_DMATransmitCplt  stm32f4xx_hal_uart.o
    0x08007a7c   0x08007a7c   0x0000000e   Code   RO         4749    i.UART_DMATxHalfCplt  stm32f4xx_hal_uart.o
    0x08007a8a   0x08007a8a   0x00000020   Code   RO         4751    i.UART_EndRxTransfer  stm32f4xx_hal_uart.o
    0x08007aaa   0x08007aaa   0x00000020   Code   RO         4752    i.UART_EndTransmit_IT  stm32f4xx_hal_uart.o
    0x08007aca   0x08007aca   0x00000014   Code   RO         4753    i.UART_EndTxTransfer  stm32f4xx_hal_uart.o
    0x08007ade   0x08007ade   0x000000a6   Code   RO         4754    i.UART_Receive_IT   stm32f4xx_hal_uart.o
    0x08007b84   0x08007b84   0x000003e8   Code   RO         4755    i.UART_SetConfig    stm32f4xx_hal_uart.o
    0x08007f6c   0x08007f6c   0x00000068   Code   RO         4756    i.UART_Transmit_IT  stm32f4xx_hal_uart.o
    0x08007fd4   0x08007fd4   0x00000048   Code   RO          618    i.USART1_IRQHandler  stm32f4xx_it.o
    0x0800801c   0x0800801c   0x00000010   Code   RO          504    i.USER_initialize   user_diskio.o
    0x0800802c   0x0800802c   0x0000004c   Code   RO          505    i.USER_ioctl        user_diskio.o
    0x08008078   0x08008078   0x0000005c   Code   RO          506    i.USER_read         user_diskio.o
    0x080080d4   0x080080d4   0x00000010   Code   RO          507    i.USER_status       user_diskio.o
    0x080080e4   0x080080e4   0x0000005c   Code   RO          508    i.USER_write        user_diskio.o
    0x08008140   0x08008140   0x00000004   Code   RO          619    i.UsageFault_Handler  stm32f4xx_it.o
    0x08008144   0x08008144   0x00000040   Code   RO         5207    i.W25_CFG           w25.o
    0x08008184   0x08008184   0x00000028   Code   RO         5208    i.W25_DieSw         w25.o
    0x080081ac   0x080081ac   0x00000088   Code   RO         5209    i.W25_ErBlock       w25.o
    0x08008234   0x08008234   0x00000050   Code   RO         5210    i.W25_ID            w25.o
    0x08008284   0x08008284   0x00000050   Code   RO         5211    i.W25_Init          w25.o
    0x080082d4   0x080082d4   0x000000b8   Code   RO         5212    i.W25_RdPage        w25.o
    0x0800838c   0x0800838c   0x0000007c   Code   RO         5213    i.W25_STA           w25.o
    0x08008408   0x08008408   0x00000030   Code   RO         5214    i.W25_WRByte        w25.o
    0x08008438   0x08008438   0x000000d4   Code   RO         5215    i.W25_WrPage        w25.o
    0x0800850c   0x0800850c   0x0000009e   Code   RO         5216    i.W25_WrStr         w25.o
    0x080085aa   0x080085aa   0x00000030   Code   RO         6490    i.__ARM_fpclassify  m_wm.l(fpclassify.o)
    0x080085da   0x080085da   0x00000002   PAD
    0x080085dc   0x080085dc   0x00000010   Code   RO         2021    i.__NVIC_GetPriorityGrouping  stm32f4xx_hal_cortex.o
    0x080085ec   0x080085ec   0x00000028   Code   RO         2022    i.__NVIC_SetPriority  stm32f4xx_hal_cortex.o
    0x08008614   0x08008614   0x0000000e   Code   RO         6325    i._is_digit         c_w.l(__printf_wp.o)
    0x08008622   0x08008622   0x00000004   Code   RO           13    i._sys_exit         console.o
    0x08008626   0x08008626   0x00000002   PAD
    0x08008628   0x08008628   0x0000007c   Code   RO         5842    i.check_fs          ff.o
    0x080086a4   0x080086a4   0x00000014   Code   RO         5843    i.chk_chr           ff.o
    0x080086b8   0x080086b8   0x0000007c   Code   RO         5844    i.chk_lock          ff.o
    0x08008734   0x08008734   0x00000028   Code   RO         5845    i.clear_lock        ff.o
    0x0800875c   0x0800875c   0x00000032   Code   RO         5846    i.clmt_clust        ff.o
    0x0800878e   0x0800878e   0x0000001a   Code   RO         5847    i.clust2sect        ff.o
    0x080087a8   0x080087a8   0x00000274   Code   RO           14    i.cmd_SYSInfo       console.o
    0x08008a1c   0x08008a1c   0x00000044   Code   RO           15    i.cmd_exit          console.o
    0x08008a60   0x08008a60   0x00000230   Code   RO           16    i.cmd_flash         console.o
    0x08008c90   0x08008c90   0x000000e0   Code   RO           17    i.cmd_help          console.o
    0x08008d70   0x08008d70   0x00000100   Code   RO           18    i.cmd_iic1          console.o
    0x08008e70   0x08008e70   0x00000150   Code   RO           19    i.cmd_imu           console.o
    0x08008fc0   0x08008fc0   0x00000214   Code   RO           20    i.cmd_mpu           console.o
    0x080091d4   0x080091d4   0x00000228   Code   RO           21    i.cmd_ms            console.o
    0x080093fc   0x080093fc   0x000003c4   Code   RO           22    i.cmd_rtc           console.o
    0x080097c0   0x080097c0   0x000006f4   Code   RO           23    i.cmd_storage       console.o
    0x08009eb4   0x08009eb4   0x00000110   Code   RO           24    i.cmd_w25           console.o
    0x08009fc4   0x08009fc4   0x000001fc   Code   RO           25    i.console_exe       console.o
    0x0800a1c0   0x0800a1c0   0x00000180   Code   RO           26    i.console_log       console.o
    0x0800a340   0x0800a340   0x0000000c   Code   RO           27    i.console_setflag   console.o
    0x0800a34c   0x0800a34c   0x000000de   Code   RO         5848    i.create_chain      ff.o
    0x0800a42a   0x0800a42a   0x00000002   PAD
    0x0800a42c   0x0800a42c   0x000000e0   Code   RO         5849    i.create_name       ff.o
    0x0800a50c   0x0800a50c   0x00000044   Code   RO         5850    i.dec_lock          ff.o
    0x0800a550   0x0800a550   0x00000020   Code   RO           28    i.delay_ms          console.o
    0x0800a570   0x0800a570   0x00000020   Code   RO         5078    i.delay_ms          mpu.o
    0x0800a590   0x0800a590   0x00000020   Code   RO         5217    i.delay_ms          w25.o
    0x0800a5b0   0x0800a5b0   0x00000018   Code   RO         5414    i.delay_us          ltc2944.o
    0x0800a5c8   0x0800a5c8   0x00000060   Code   RO         5851    i.dir_alloc         ff.o
    0x0800a628   0x0800a628   0x0000006c   Code   RO         5852    i.dir_find          ff.o
    0x0800a694   0x0800a694   0x0000010c   Code   RO         5853    i.dir_next          ff.o
    0x0800a7a0   0x0800a7a0   0x0000003c   Code   RO         5855    i.dir_register      ff.o
    0x0800a7dc   0x0800a7dc   0x0000009a   Code   RO         5857    i.dir_sdi           ff.o
    0x0800a876   0x0800a876   0x00000002   PAD
    0x0800a878   0x0800a878   0x0000002c   Code   RO         5787    i.disk_initialize   diskio.o
    0x0800a8a4   0x0800a8a4   0x00000028   Code   RO         5788    i.disk_ioctl        diskio.o
    0x0800a8cc   0x0800a8cc   0x00000030   Code   RO         5789    i.disk_read         diskio.o
    0x0800a8fc   0x0800a8fc   0x0000001c   Code   RO         5790    i.disk_status       diskio.o
    0x0800a918   0x0800a918   0x00000030   Code   RO         5791    i.disk_write        diskio.o
    0x0800a948   0x0800a948   0x00000028   Code   RO         5858    i.enq_lock          ff.o
    0x0800a970   0x0800a970   0x0000002c   Code   RO         5859    i.f_close           ff.o
    0x0800a99c   0x0800a99c   0x00000060   Code   RO         5866    i.f_mount           ff.o
    0x0800a9fc   0x0800a9fc   0x00000230   Code   RO         5867    i.f_open            ff.o
    0x0800ac2c   0x0800ac2c   0x000001ac   Code   RO         5872    i.f_read            ff.o
    0x0800add8   0x0800add8   0x000000a0   Code   RO         5876    i.f_sync            ff.o
    0x0800ae78   0x0800ae78   0x00000300   Code   RO         5880    i.find_volume       ff.o
    0x0800b178   0x0800b178   0x000000a2   Code   RO         5881    i.follow_path       ff.o
    0x0800b21a   0x0800b21a   0x00000002   PAD
    0x0800b21c   0x0800b21c   0x0000001c   Code   RO           29    i.fputc             console.o
    0x0800b238   0x0800b238   0x0000008c   Code   RO          339    i.get_BAT           pwr_mgt.o
    0x0800b2c4   0x0800b2c4   0x000000d8   Code   RO         5675    i.get_IMU_tmp       imu.o
    0x0800b39c   0x0800b39c   0x0000000c   Code   RO         5079    i.get_MPU_T         mpu.o
    0x0800b3a8   0x0800b3a8   0x000000e0   Code   RO         5882    i.get_fat           ff.o
    0x0800b488   0x0800b488   0x00000060   Code   RO          566    i.get_fattime       fatfs.o
    0x0800b4e8   0x0800b4e8   0x00000048   Code   RO         5884    i.get_ldnumber      ff.o
    0x0800b530   0x0800b530   0x000000bc   Code   RO         5885    i.inc_lock          ff.o
    0x0800b5ec   0x0800b5ec   0x00000026   Code   RO         5886    i.ld_clust          ff.o
    0x0800b612   0x0800b612   0x00000018   Code   RO         5887    i.ld_dword          ff.o
    0x0800b62a   0x0800b62a   0x0000000c   Code   RO         5888    i.ld_word           ff.o
    0x0800b636   0x0800b636   0x00000002   PAD
    0x0800b638   0x0800b638   0x0000014c   Code   RO         5415    i.ltc2944_fixq      ltc2944.o
    0x0800b784   0x0800b784   0x0000003c   Code   RO         5416    i.ltc2944_init      ltc2944.o
    0x0800b7c0   0x0800b7c0   0x00000048   Code   RO         5418    i.ltc2944_setq      ltc2944.o
    0x0800b808   0x0800b808   0x00000020   Code   RO         5420    i.ltc_ack           ltc2944.o
    0x0800b828   0x0800b828   0x000000fc   Code   RO          390    i.main              main.o
    0x0800b924   0x0800b924   0x0000009c   Code   RO         5710    i.mat_add           mat.o
    0x0800b9c0   0x0800b9c0   0x0000001a   Code   RO         5711    i.mat_fill          mat.o
    0x0800b9da   0x0800b9da   0x00000002   PAD
    0x0800b9dc   0x0800b9dc   0x00000048   Code   RO         5712    i.mat_init          mat.o
    0x0800ba24   0x0800ba24   0x000000ac   Code   RO         5714    i.mat_mult          mat.o
    0x0800bad0   0x0800bad0   0x0000004c   Code   RO         5716    i.mat_reinit        mat.o
    0x0800bb1c   0x0800bb1c   0x00000044   Code   RO         5719    i.mat_unit          mat.o
    0x0800bb60   0x0800bb60   0x00000024   Code   RO         5889    i.mem_cmp           ff.o
    0x0800bb84   0x0800bb84   0x0000001a   Code   RO         5890    i.mem_cpy           ff.o
    0x0800bb9e   0x0800bb9e   0x00000012   Code   RO         5891    i.mem_set           ff.o
    0x0800bbb0   0x0800bbb0   0x00000034   Code   RO         5892    i.move_window       ff.o
    0x0800bbe4   0x0800bbe4   0x0000011c   Code   RO           30    i.mst_sync          console.o
    0x0800bd00   0x0800bd00   0x00000038   Code   RO           31    i.mst_upload        console.o
    0x0800bd38   0x0800bd38   0x00000138   Code   RO         5893    i.put_fat           ff.o
    0x0800be70   0x0800be70   0x0000009a   Code   RO         5897    i.remove_chain      ff.o
    0x0800bf0a   0x0800bf0a   0x00000002   PAD
    0x0800bf0c   0x0800bf0c   0x00000024   Code   RO         5676    i.reset_val         imu.o
    0x0800bf30   0x0800bf30   0x00000024   Code   RO         5898    i.st_clust          ff.o
    0x0800bf54   0x0800bf54   0x00000018   Code   RO         5899    i.st_dword          ff.o
    0x0800bf6c   0x0800bf6c   0x0000000c   Code   RO         5900    i.st_word           ff.o
    0x0800bf78   0x0800bf78   0x00000090   Code   RO         5901    i.sync_fs           ff.o
    0x0800c008   0x0800c008   0x00000052   Code   RO         5902    i.sync_window       ff.o
    0x0800c05a   0x0800c05a   0x0000003c   Code   RO         5903    i.validate          ff.o
    0x0800c096   0x0800c096   0x00000002   PAD
    0x0800c098   0x0800c098   0x0000002c   Code   RO         6486    locale$$code        c_w.l(lc_numeric_c.o)
    0x0800c0c4   0x0800c0c4   0x00000062   Code   RO         6365    x$fpl$d2f           fz_wm.l(d2f.o)
    0x0800c126   0x0800c126   0x00000002   PAD
    0x0800c128   0x0800c128   0x00000150   Code   RO         6367    x$fpl$dadd          fz_wm.l(daddsub_clz.o)
    0x0800c278   0x0800c278   0x000002b0   Code   RO         6374    x$fpl$ddiv          fz_wm.l(ddiv.o)
    0x0800c528   0x0800c528   0x0000005a   Code   RO         6377    x$fpl$dfixu         fz_wm.l(dfixu.o)
    0x0800c582   0x0800c582   0x0000002e   Code   RO         6382    x$fpl$dflt          fz_wm.l(dflt_clz.o)
    0x0800c5b0   0x0800c5b0   0x00000026   Code   RO         6381    x$fpl$dfltu         fz_wm.l(dflt_clz.o)
    0x0800c5d6   0x0800c5d6   0x00000002   PAD
    0x0800c5d8   0x0800c5d8   0x00000154   Code   RO         6387    x$fpl$dmul          fz_wm.l(dmul.o)
    0x0800c72c   0x0800c72c   0x0000009c   Code   RO         6419    x$fpl$dnaninf       fz_wm.l(dnaninf.o)
    0x0800c7c8   0x0800c7c8   0x0000000c   Code   RO         6421    x$fpl$dretinf       fz_wm.l(dretinf.o)
    0x0800c7d4   0x0800c7d4   0x000001d4   Code   RO         6369    x$fpl$dsub          fz_wm.l(daddsub_clz.o)
    0x0800c9a8   0x0800c9a8   0x00000056   Code   RO         6389    x$fpl$f2d           fz_wm.l(f2d.o)
    0x0800c9fe   0x0800c9fe   0x00000060   Code   RO         6395    x$fpl$ffltll        fz_wm.l(ffltll_clz.o)
    0x0800ca5e   0x0800ca5e   0x0000008c   Code   RO         6423    x$fpl$fnaninf       fz_wm.l(fnaninf.o)
    0x0800caea   0x0800caea   0x0000000a   Code   RO         6564    x$fpl$fpinit        fz_wm.l(fpinit.o)
    0x0800caf4   0x0800caf4   0x0000000a   Code   RO         6425    x$fpl$fretinf       fz_wm.l(fretinf.o)
    0x0800cafe   0x0800cafe   0x00000002   PAD
    0x0800cb00   0x0800cb00   0x00000086   Code   RO         6391    x$fpl$llsfromf      fz_wm.l(ffixll.o)
    0x0800cb86   0x0800cb86   0x00000004   Code   RO         6397    x$fpl$printf1       fz_wm.l(printf1.o)
    0x0800cb8a   0x0800cb8a   0x00000000   Code   RO         6427    x$fpl$usenofp       fz_wm.l(usenofp.o)
    0x0800cb8a   0x0800cb8a   0x00000002   PAD
    0x0800cb8c   0x0800cb8c   0x00000008   Data   RO           33    .constdata          console.o
    0x0800cb94   0x0800cb94   0x00000008   Data   RO         1720    .constdata          stm32f4xx_hal_dma.o
    0x0800cb9c   0x0800cb9c   0x00000018   Data   RO         5036    .constdata          system_stm32f4xx.o
    0x0800cbb4   0x0800cbb4   0x00000048   Data   RO         5678    .constdata          imu.o
    0x0800cbfc   0x0800cbfc   0x0000009c   Data   RO         5905    .constdata          ff.o
    0x0800cc98   0x0800cc98   0x00000028   Data   RO         6298    .constdata          c_w.l(_printf_hex_int.o)
    0x0800ccc0   0x0800ccc0   0x00000011   Data   RO         6328    .constdata          c_w.l(__printf_flags_wp.o)
    0x0800ccd1   0x0800ccd1   0x00000003   PAD
    0x0800ccd4   0x0800ccd4   0x00000094   Data   RO         6457    .constdata          c_w.l(bigflt0.o)
    0x0800cd68   0x0800cd68   0x00000020   Data   RO         6629    Region$$Table       anon$$obj.o
    0x0800cd88   0x0800cd88   0x0000001c   Data   RO         6485    locale$$data        c_w.l(lc_numeric_c.o)


    Execution Region RW_IRAM1 (Exec base: 0x20000000, Load base: 0x0800cda4, Size: 0x00006978, Max: 0x00030000, ABSOLUTE)

    Exec Addr    Load Addr    Size         Type   Attr      Idx    E Section Name        Object

    0x20000000   0x0800cda4   0x0000000d   Data   RW           34    .data               console.o
    0x2000000d   0x0800cdb1   0x00000003   PAD
    0x20000010   0x0800cdb4   0x00000018   Data   RW          509    .data               user_diskio.o
    0x20000028   0x0800cdcc   0x00000005   Data   RW          568    .data               fatfs.o
    0x2000002d   0x0800cdd1   0x00000003   PAD
    0x20000030   0x0800cdd4   0x00000009   Data   RW          621    .data               stm32f4xx_it.o
    0x20000039   0x0800cddd   0x00000003   PAD
    0x2000003c   0x0800cde0   0x00000008   Data   RW          760    .data               stm32f4xx_hal_msp.o
    0x20000044   0x0800cde8   0x00000009   Data   RW         2172    .data               stm32f4xx_hal.o
    0x2000004d   0x0800cdf1   0x00000003   PAD
    0x20000050   0x0800cdf4   0x00000004   Data   RW         5037    .data               system_stm32f4xx.o
    0x20000054   0x0800cdf8   0x00000008   Data   RW         5080    .data               mpu.o
    0x2000005c   0x0800ce00   0x00000004   PAD
    0x20000060   0x0800ce04   0x00000010   Data   RW         5152    .data               ms.o
    0x20000070   0x0800ce14   0x00000004   Data   RW         5298    .data               rtc.o
    0x20000074   0x0800ce18   0x0000000d   Data   RW         5421    .data               ltc2944.o
    0x20000081   0x0800ce25   0x00000003   PAD
    0x20000084   0x0800ce28   0x00000018   Data   RW         5554    .data               nand.o
    0x2000009c   0x0800ce40   0x00000006   Data   RW         5679    .data               imu.o
    0x200000a2   0x0800ce46   0x00000002   PAD
    0x200000a4   0x0800ce48   0x00000018   Data   RW         5721    .data               mat.o
    0x200000bc   0x0800ce60   0x00000006   Data   RW         5906    .data               ff.o
    0x200000c2   0x0800ce66   0x00000002   PAD
    0x200000c4        -       0x0000446a   Zero   RW           32    .bss                console.o
    0x2000452e        -       0x00000020   Zero   RW          341    .bss                pwr_mgt.o
    0x2000454e   0x0800ce66   0x00000002   PAD
    0x20004550        -       0x000003e8   Zero   RW          391    .bss                main.o
    0x20004938        -       0x00000460   Zero   RW          567    .bss                fatfs.o
    0x20004d98        -       0x00000076   Zero   RW          620    .bss                stm32f4xx_it.o
    0x20004e0e        -       0x00000010   Zero   RW         5151    .bss                ms.o
    0x20004e1e        -       0x00000028   Zero   RW         5642    .bss                sd.o
    0x20004e46   0x0800ce66   0x00000002   PAD
    0x20004e48        -       0x00000024   Zero   RW         5677    .bss                imu.o
    0x20004e6c        -       0x00000880   Zero   RW         5720    .bss                mat.o
    0x200056ec        -       0x00000020   Zero   RW         5904    .bss                ff.o
    0x2000570c        -       0x0000000c   Zero   RW         6203    .bss                ff_gen_drv.o
    0x20005718        -       0x00000060   Zero   RW         6493    .bss                c_w.l(libspace.o)
    0x20005778        -       0x00000200   Zero   RW            2    HEAP                startup_stm32f429xx.o
    0x20005978        -       0x00001000   Zero   RW            1    STACK               startup_stm32f429xx.o


==============================================================================

Image component sizes


      Code (inc. data)   RO Data    RW Data    ZI Data      Debug   Object Name

      7480       3294          8         13      17514     825093   console.o
       208         24          0          0          0       3781   diskio.o
       208         32          0          5       1120       1752   fatfs.o
      5356         84        156          6         32      37548   ff.o
       102          6          0          0         12       1619   ff_gen_drv.o
       608         54         72          6         36       2265   imu.o
      1580        188          0         13          0       8368   ltc2944.o
      2228        206          0          0       1000      10772   main.o
       570         32          0         24       2176       4705   mat.o
       600         74          0          8          0       4881   mpu.o
       876        102          0         16         16       4090   ms.o
       904        126          0         24          0       5059   nand.o
       368         48          0          0         32       1740   pwr_mgt.o
      1134        182          0          4          0       6644   rtc.o
       396         78          0          0         40       2274   sd.o
       240          6          0          0          0        708   sram.o
        64         26        428          0       4608        824   startup_stm32f429xx.o
       212         36          0          9          0       9385   stm32f4xx_hal.o
      1436         68          0          0          0       7153   stm32f4xx_hal_adc.o
       304         22          0          0          0      34323   stm32f4xx_hal_cortex.o
      1434         16          8          0          0       6858   stm32f4xx_hal_dma.o
       582         58          0          0          0       3444   stm32f4xx_hal_gpio.o
      1460        144          0          8          0       7280   stm32f4xx_hal_msp.o
       102          0          0          0          0       1192   stm32f4xx_hal_nand.o
       140         12          0          0          0       1244   stm32f4xx_hal_pwr_ex.o
      1800         84          0          0          0       5480   stm32f4xx_hal_rcc.o
      3102         30          0          0          0      11783   stm32f4xx_hal_sd.o
        64          0          0          0          0       1137   stm32f4xx_hal_sdram.o
       140          0          0          0          0       1127   stm32f4xx_hal_spi.o
      1530         90          0          0          0      11846   stm32f4xx_hal_tim.o
       180         30          0          0          0       1296   stm32f4xx_hal_tim_ex.o
      2524         40          0          0          0      14753   stm32f4xx_hal_uart.o
       796        250          0          9        118       8857   stm32f4xx_it.o
       538         10          0          0          0       4994   stm32f4xx_ll_fmc.o
      2054         46          0          0          0      22977   stm32f4xx_ll_sdmmc.o
        28          4         24          4          0       1071   system_stm32f4xx.o
       292         26          0         24          0       3754   user_diskio.o
      1158        108          0          0          0       6802   w25.o

    ----------------------------------------------------------------------
     42844       5636        728        196      26708    1088879   Object Totals
         0          0         32          0          0          0   (incl. Generated)
        46          0          0         23          4          0   (incl. Padding)

    ----------------------------------------------------------------------

      Code (inc. data)   RO Data    RW Data    ZI Data      Debug   Library Member Name

         8          0          0          0          0         68   __main.o
       312          4         17          0          0         92   __printf_flags_wp.o
        14          0          0          0          0         68   __printf_wp.o
         0          0          0          0          0          0   __rtentry.o
        12          0          0          0          0          0   __rtentry2.o
         6          0          0          0          0          0   __rtentry4.o
        52          8          0          0          0          0   __scatter.o
        26          0          0          0          0          0   __scatter_copy.o
        28          0          0          0          0          0   __scatter_zi.o
         6          0          0          0          0          0   _printf_c.o
        44          0          0          0          0        108   _printf_char.o
        48          6          0          0          0         96   _printf_char_common.o
        36          4          0          0          0         80   _printf_char_file.o
         6          0          0          0          0          0   _printf_d.o
       120         16          0          0          0         92   _printf_dec.o
         6          0          0          0          0          0   _printf_f.o
      1054          0          0          0          0        216   _printf_fp_dec.o
       128         16          0          0          0         84   _printf_fp_infnan.o
        88          4         40          0          0         88   _printf_hex_int.o
       178          0          0          0          0         88   _printf_intcommon.o
        78          0          0          0          0        108   _printf_pad.o
         0          0          0          0          0          0   _printf_percent.o
         4          0          0          0          0          0   _printf_percent_end.o
         6          0          0          0          0          0   _printf_s.o
        82          0          0          0          0         80   _printf_str.o
         6          0          0          0          0          0   _printf_x.o
        10          0          0          0          0         68   _sputc.o
        16          0          0          0          0         68   aeabi_memset.o
       228          4        148          0          0         96   bigflt0.o
      1936        128          0          0          0        672   btod.o
        18          0          0          0          0         80   exit.o
         8          0          0          0          0         68   ferror.o
         6          0          0          0          0        152   heapauxi.o
        44         10         28          0          0         76   lc_numeric_c.o
         2          0          0          0          0          0   libinit.o
        22          0          0          0          0          0   libinit2.o
         2          0          0          0          0          0   libshutdown.o
         2          0          0          0          0          0   libshutdown2.o
         8          4          0          0         96         68   libspace.o
        72          0          0          0          0         76   llsdiv.o
       138          0          0          0          0         80   lludiv10.o
       238          0          0          0          0        100   lludivv7m.o
        88          0          0          0          0         76   memcmp.o
        24          4          0          0          0         84   noretval__2printf.o
        40          6          0          0          0         84   noretval__2sprintf.o
         8          4          0          0          0         68   rt_locale_intlibspace.o
        68          0          0          0          0         68   rt_memclr.o
        78          0          0          0          0         80   rt_memclr_w.o
       138          0          0          0          0         68   rt_memcpy_v6.o
       100          0          0          0          0         80   rt_memcpy_w.o
         2          0          0          0          0          0   rtexit.o
        10          0          0          0          0          0   rtexit2.o
        24          0          0          0          0         68   strcat.o
       128          0          0          0          0         68   strcmpv7m.o
        72          0          0          0          0         80   strcpy.o
        62          0          0          0          0         76   strlen.o
        74          0          0          0          0         80   sys_stackheap_outer.o
         2          0          0          0          0         68   use_no_semi.o
         2          0          0          0          0         68   use_no_semi_2.o
        98          4          0          0          0        140   d2f.o
       804         16          0          0          0        368   daddsub_clz.o
       688        140          0          0          0        256   ddiv.o
        90          4          0          0          0        140   dfixu.o
        84          0          0          0          0        232   dflt_clz.o
       340         12          0          0          0        152   dmul.o
       156          4          0          0          0        140   dnaninf.o
        12          0          0          0          0        116   dretinf.o
        86          4          0          0          0        132   f2d.o
       134          4          0          0          0        132   ffixll.o
        96          0          0          0          0        132   ffltll_clz.o
       140          4          0          0          0        132   fnaninf.o
        10          0          0          0          0        116   fpinit.o
        10          0          0          0          0        116   fretinf.o
         4          0          0          0          0        116   printf1.o
         0          0          0          0          0          0   usenofp.o
        48          0          0          0          0        124   fpclassify.o

    ----------------------------------------------------------------------
      8836        410        236          0         96       6532   Library Totals
        18          0          3          0          0          0   (incl. Padding)

    ----------------------------------------------------------------------

      Code (inc. data)   RO Data    RW Data    ZI Data      Debug   Library Name

      6018        218        233          0         96       3988   c_w.l
      2752        192          0          0          0       2420   fz_wm.l
        48          0          0          0          0        124   m_wm.l

    ----------------------------------------------------------------------
      8836        410        236          0         96       6532   Library Totals

    ----------------------------------------------------------------------

==============================================================================


      Code (inc. data)   RO Data    RW Data    ZI Data      Debug   

     51680       6046        964        196      26804    1060023   Grand Totals
     51680       6046        964        196      26804    1060023   ELF Image Totals
     51680       6046        964        196          0          0   ROM Totals

==============================================================================

    Total RO  Size (Code + RO Data)                52644 (  51.41kB)
    Total RW  Size (RW Data + ZI Data)             27000 (  26.37kB)
    Total ROM Size (Code + RO Data + RW Data)      52840 (  51.60kB)

==============================================================================

